ARM GAS  C:\Users\Korisnik\AppData\Local\Temp\ccfm6dRL.s 			page 1


   1              		.cpu cortex-m3
   2              		.eabi_attribute 20, 1
   3              		.eabi_attribute 21, 1
   4              		.eabi_attribute 23, 3
   5              		.eabi_attribute 24, 1
   6              		.eabi_attribute 25, 1
   7              		.eabi_attribute 26, 1
   8              		.eabi_attribute 30, 1
   9              		.eabi_attribute 34, 1
  10              		.eabi_attribute 18, 4
  11              		.file	"display_timer.c"
  12              		.text
  13              	.Ltext0:
  14              		.cfi_sections	.debug_frame
  15              		.section	.text.display_timer_init,"ax",%progbits
  16              		.align	1
  17              		.global	display_timer_init
  18              		.arch armv7-m
  19              		.syntax unified
  20              		.thumb
  21              		.thumb_func
  22              		.fpu softvfp
  24              	display_timer_init:
  25              	.LFB65:
  26              		.file 1 "Core/Src/display_timer.c"
   1:Core/Src/display_timer.c **** 
   2:Core/Src/display_timer.c **** #include "display_timer.h"
   3:Core/Src/display_timer.c **** #include "gpio.h"
   4:Core/Src/display_timer.c **** #include "tim.h"
   5:Core/Src/display_timer.c **** 
   6:Core/Src/display_timer.c **** TIM_HandleTypeDef* tim_handler = &htim1;
   7:Core/Src/display_timer.c **** 
   8:Core/Src/display_timer.c **** extern uint32_t overflow_counter_counter;
   9:Core/Src/display_timer.c **** extern uint8_t volatile display_frequency;
  10:Core/Src/display_timer.c **** 
  11:Core/Src/display_timer.c **** uint8_t current_digit = 0;
  12:Core/Src/display_timer.c **** uint8_t digits[4] = {0, 0, 0, 0};
  13:Core/Src/display_timer.c **** 
  14:Core/Src/display_timer.c **** uint32_t update_event_counter = 0;
  15:Core/Src/display_timer.c **** uint32_t seconds = 0;
  16:Core/Src/display_timer.c **** uint32_t minutes = 0;
  17:Core/Src/display_timer.c **** 
  18:Core/Src/display_timer.c **** uint8_t seven_seg_digits [] = {
  19:Core/Src/display_timer.c **** 		0x81, 0xCF, 0x92, 0x86, 0xCC, 0xA4, 0xA0, 0x8F, 0x80, 0x84
  20:Core/Src/display_timer.c **** };
  21:Core/Src/display_timer.c **** 
  22:Core/Src/display_timer.c **** void display_timer_init()
  23:Core/Src/display_timer.c **** {
  27              		.loc 1 23 1 view -0
  28              		.cfi_startproc
  29              		@ args = 0, pretend = 0, frame = 0
  30              		@ frame_needed = 0, uses_anonymous_args = 0
  31 0000 10B5     		push	{r4, lr}
  32              	.LCFI0:
  33              		.cfi_def_cfa_offset 8
  34              		.cfi_offset 4, -8
  35              		.cfi_offset 14, -4
ARM GAS  C:\Users\Korisnik\AppData\Local\Temp\ccfm6dRL.s 			page 2


  24:Core/Src/display_timer.c **** 	HAL_TIM_Base_Start_IT(tim_handler);
  36              		.loc 1 24 2 view .LVU1
  37 0002 044C     		ldr	r4, .L3
  38 0004 2068     		ldr	r0, [r4]
  39 0006 FFF7FEFF 		bl	HAL_TIM_Base_Start_IT
  40              	.LVL0:
  25:Core/Src/display_timer.c **** 	HAL_TIM_IC_Start_IT(tim_handler, TIM_CHANNEL_1);
  41              		.loc 1 25 2 view .LVU2
  42 000a 0021     		movs	r1, #0
  43 000c 2068     		ldr	r0, [r4]
  44 000e FFF7FEFF 		bl	HAL_TIM_IC_Start_IT
  45              	.LVL1:
  26:Core/Src/display_timer.c **** }
  46              		.loc 1 26 1 is_stmt 0 view .LVU3
  47 0012 10BD     		pop	{r4, pc}
  48              	.L4:
  49              		.align	2
  50              	.L3:
  51 0014 00000000 		.word	.LANCHOR0
  52              		.cfi_endproc
  53              	.LFE65:
  55              		.section	.text.HAL_TIM_PeriodElapsedCallback,"ax",%progbits
  56              		.align	1
  57              		.global	HAL_TIM_PeriodElapsedCallback
  58              		.syntax unified
  59              		.thumb
  60              		.thumb_func
  61              		.fpu softvfp
  63              	HAL_TIM_PeriodElapsedCallback:
  64              	.LVL2:
  65              	.LFB66:
  27:Core/Src/display_timer.c **** 
  28:Core/Src/display_timer.c **** void HAL_TIM_PeriodElapsedCallback(TIM_HandleTypeDef *htim)
  29:Core/Src/display_timer.c **** {
  66              		.loc 1 29 1 is_stmt 1 view -0
  67              		.cfi_startproc
  68              		@ args = 0, pretend = 0, frame = 0
  69              		@ frame_needed = 0, uses_anonymous_args = 0
  70              		@ link register save eliminated.
  30:Core/Src/display_timer.c **** 	if(htim->Instance == tim_handler->Instance)
  71              		.loc 1 30 2 view .LVU5
  72              		.loc 1 30 9 is_stmt 0 view .LVU6
  73 0000 0268     		ldr	r2, [r0]
  74              		.loc 1 30 34 view .LVU7
  75 0002 334B     		ldr	r3, .L16
  76 0004 1B68     		ldr	r3, [r3]
  77 0006 1B68     		ldr	r3, [r3]
  78              		.loc 1 30 4 view .LVU8
  79 0008 9A42     		cmp	r2, r3
  80 000a 00D0     		beq	.L13
  81 000c 7047     		bx	lr
  82              	.L13:
  29:Core/Src/display_timer.c **** 	if(htim->Instance == tim_handler->Instance)
  83              		.loc 1 29 1 view .LVU9
  84 000e 10B4     		push	{r4}
  85              	.LCFI1:
  86              		.cfi_def_cfa_offset 4
ARM GAS  C:\Users\Korisnik\AppData\Local\Temp\ccfm6dRL.s 			page 3


  87              		.cfi_offset 4, -4
  31:Core/Src/display_timer.c **** 	{
  32:Core/Src/display_timer.c **** 		overflow_counter_counter++;
  88              		.loc 1 32 3 is_stmt 1 view .LVU10
  89              		.loc 1 32 27 is_stmt 0 view .LVU11
  90 0010 304A     		ldr	r2, .L16+4
  91 0012 1368     		ldr	r3, [r2]
  92 0014 0133     		adds	r3, r3, #1
  93 0016 1360     		str	r3, [r2]
  33:Core/Src/display_timer.c **** 		if(++update_event_counter == 100)
  94              		.loc 1 33 3 is_stmt 1 view .LVU12
  95              		.loc 1 33 6 is_stmt 0 view .LVU13
  96 0018 2F4A     		ldr	r2, .L16+8
  97 001a 1368     		ldr	r3, [r2]
  98 001c 0133     		adds	r3, r3, #1
  99              		.loc 1 33 5 view .LVU14
 100 001e 1360     		str	r3, [r2]
 101 0020 642B     		cmp	r3, #100
 102 0022 22D0     		beq	.L14
 103              	.LVL3:
 104              	.L7:
  34:Core/Src/display_timer.c **** 		{
  35:Core/Src/display_timer.c **** 			update_event_counter = 0;
  36:Core/Src/display_timer.c **** 			if(++seconds == 60)
  37:Core/Src/display_timer.c **** 			{
  38:Core/Src/display_timer.c **** 				seconds = 0;
  39:Core/Src/display_timer.c **** 				if(++minutes == 60)
  40:Core/Src/display_timer.c **** 				{
  41:Core/Src/display_timer.c **** 					minutes = 0;
  42:Core/Src/display_timer.c **** 				}
  43:Core/Src/display_timer.c **** 			}
  44:Core/Src/display_timer.c **** 
  45:Core/Src/display_timer.c **** 			if(display_frequency == 0) //show time
  46:Core/Src/display_timer.c **** 			{
  47:Core/Src/display_timer.c **** 				digits[0] = minutes / 10; //highest digit
  48:Core/Src/display_timer.c **** 				digits[1] = minutes % 10;
  49:Core/Src/display_timer.c **** 				digits[2] = seconds / 10;
  50:Core/Src/display_timer.c **** 				digits[3] = seconds % 10;
  51:Core/Src/display_timer.c **** 			}
  52:Core/Src/display_timer.c **** 		}
  53:Core/Src/display_timer.c **** 
  54:Core/Src/display_timer.c **** 		//clear previous combination for A, B, C, D, E, F, G and 1, 2, 3, 4
  55:Core/Src/display_timer.c **** 		GPIOC->ODR &= ~0xFFF; // 0 for A, B, C, D, E, F and 0 for 1, 2, 3, 4
 105              		.loc 1 55 3 is_stmt 1 view .LVU15
 106              		.loc 1 55 14 is_stmt 0 view .LVU16
 107 0024 2D4A     		ldr	r2, .L16+12
 108 0026 D368     		ldr	r3, [r2, #12]
 109 0028 23F47F63 		bic	r3, r3, #4080
 110 002c 23F00F03 		bic	r3, r3, #15
 111 0030 D360     		str	r3, [r2, #12]
  56:Core/Src/display_timer.c **** 		//GPIOC->ODR &= ~0xF00; //0 for 1, 2, 3, 4
  57:Core/Src/display_timer.c **** 
  58:Core/Src/display_timer.c **** 		//next digits
  59:Core/Src/display_timer.c **** 		current_digit = (current_digit + 1) % 4;
 112              		.loc 1 59 3 is_stmt 1 view .LVU17
 113              		.loc 1 59 34 is_stmt 0 view .LVU18
 114 0032 2B48     		ldr	r0, .L16+16
ARM GAS  C:\Users\Korisnik\AppData\Local\Temp\ccfm6dRL.s 			page 4


 115 0034 0378     		ldrb	r3, [r0]	@ zero_extendqisi2
 116 0036 0133     		adds	r3, r3, #1
 117              		.loc 1 59 39 view .LVU19
 118 0038 5942     		rsbs	r1, r3, #0
 119 003a 03F00303 		and	r3, r3, #3
 120 003e 01F00301 		and	r1, r1, #3
 121 0042 58BF     		it	pl
 122 0044 4B42     		rsbpl	r3, r1, #0
 123              		.loc 1 59 17 view .LVU20
 124 0046 DBB2     		uxtb	r3, r3
 125 0048 0370     		strb	r3, [r0]
  60:Core/Src/display_timer.c **** 		GPIOC->ODR |= seven_seg_digits[digits[current_digit]]; //one digit
 126              		.loc 1 60 3 is_stmt 1 view .LVU21
 127              		.loc 1 60 14 is_stmt 0 view .LVU22
 128 004a D168     		ldr	r1, [r2, #12]
 129              		.loc 1 60 40 view .LVU23
 130 004c 2548     		ldr	r0, .L16+20
 131 004e C05C     		ldrb	r0, [r0, r3]	@ zero_extendqisi2
 132              		.loc 1 60 33 view .LVU24
 133 0050 254C     		ldr	r4, .L16+24
 134 0052 205C     		ldrb	r0, [r4, r0]	@ zero_extendqisi2
 135              		.loc 1 60 14 view .LVU25
 136 0054 0143     		orrs	r1, r1, r0
 137 0056 D160     		str	r1, [r2, #12]
  61:Core/Src/display_timer.c **** 		GPIOC->ODR |= 0x1 << (current_digit + 8); //one anode
 138              		.loc 1 61 3 is_stmt 1 view .LVU26
 139              		.loc 1 61 14 is_stmt 0 view .LVU27
 140 0058 D168     		ldr	r1, [r2, #12]
 141              		.loc 1 61 39 view .LVU28
 142 005a 0833     		adds	r3, r3, #8
 143              		.loc 1 61 21 view .LVU29
 144 005c 0120     		movs	r0, #1
 145 005e 00FA03F3 		lsl	r3, r0, r3
 146              		.loc 1 61 14 view .LVU30
 147 0062 0B43     		orrs	r3, r3, r1
 148 0064 D360     		str	r3, [r2, #12]
  62:Core/Src/display_timer.c **** 	}
  63:Core/Src/display_timer.c **** }
 149              		.loc 1 63 1 view .LVU31
 150 0066 10BC     		pop	{r4}
 151              	.LCFI2:
 152              		.cfi_remember_state
 153              		.cfi_restore 4
 154              		.cfi_def_cfa_offset 0
 155 0068 7047     		bx	lr
 156              	.LVL4:
 157              	.L14:
 158              	.LCFI3:
 159              		.cfi_restore_state
  35:Core/Src/display_timer.c **** 			if(++seconds == 60)
 160              		.loc 1 35 4 is_stmt 1 view .LVU32
  35:Core/Src/display_timer.c **** 			if(++seconds == 60)
 161              		.loc 1 35 25 is_stmt 0 view .LVU33
 162 006a 1346     		mov	r3, r2
 163 006c 0022     		movs	r2, #0
 164 006e 1A60     		str	r2, [r3]
  36:Core/Src/display_timer.c **** 			{
ARM GAS  C:\Users\Korisnik\AppData\Local\Temp\ccfm6dRL.s 			page 5


 165              		.loc 1 36 4 is_stmt 1 view .LVU34
  36:Core/Src/display_timer.c **** 			{
 166              		.loc 1 36 7 is_stmt 0 view .LVU35
 167 0070 1E4A     		ldr	r2, .L16+28
 168 0072 1368     		ldr	r3, [r2]
 169 0074 0133     		adds	r3, r3, #1
  36:Core/Src/display_timer.c **** 			{
 170              		.loc 1 36 6 view .LVU36
 171 0076 1360     		str	r3, [r2]
 172 0078 3C2B     		cmp	r3, #60
 173 007a 1CD0     		beq	.L15
 174              	.L8:
  45:Core/Src/display_timer.c **** 			{
 175              		.loc 1 45 4 is_stmt 1 view .LVU37
  45:Core/Src/display_timer.c **** 			{
 176              		.loc 1 45 25 is_stmt 0 view .LVU38
 177 007c 1C4B     		ldr	r3, .L16+32
 178 007e 1B78     		ldrb	r3, [r3]	@ zero_extendqisi2
  45:Core/Src/display_timer.c **** 			{
 179              		.loc 1 45 6 view .LVU39
 180 0080 002B     		cmp	r3, #0
 181 0082 CFD1     		bne	.L7
  47:Core/Src/display_timer.c **** 				digits[1] = minutes % 10;
 182              		.loc 1 47 5 is_stmt 1 view .LVU40
  47:Core/Src/display_timer.c **** 				digits[1] = minutes % 10;
 183              		.loc 1 47 25 is_stmt 0 view .LVU41
 184 0084 1B4B     		ldr	r3, .L16+36
 185 0086 1868     		ldr	r0, [r3]
 186              	.LVL5:
  47:Core/Src/display_timer.c **** 				digits[1] = minutes % 10;
 187              		.loc 1 47 25 view .LVU42
 188 0088 1B4B     		ldr	r3, .L16+40
 189 008a A3FB0012 		umull	r1, r2, r3, r0
 190 008e D208     		lsrs	r2, r2, #3
  47:Core/Src/display_timer.c **** 				digits[1] = minutes % 10;
 191              		.loc 1 47 15 view .LVU43
 192 0090 1449     		ldr	r1, .L16+20
 193 0092 0A70     		strb	r2, [r1]
  48:Core/Src/display_timer.c **** 				digits[2] = seconds / 10;
 194              		.loc 1 48 5 is_stmt 1 view .LVU44
  48:Core/Src/display_timer.c **** 				digits[2] = seconds / 10;
 195              		.loc 1 48 25 is_stmt 0 view .LVU45
 196 0094 02EB8202 		add	r2, r2, r2, lsl #2
 197 0098 A0EB4202 		sub	r2, r0, r2, lsl #1
  48:Core/Src/display_timer.c **** 				digits[2] = seconds / 10;
 198              		.loc 1 48 15 view .LVU46
 199 009c 4A70     		strb	r2, [r1, #1]
  49:Core/Src/display_timer.c **** 				digits[3] = seconds % 10;
 200              		.loc 1 49 5 is_stmt 1 view .LVU47
  49:Core/Src/display_timer.c **** 				digits[3] = seconds % 10;
 201              		.loc 1 49 25 is_stmt 0 view .LVU48
 202 009e 134A     		ldr	r2, .L16+28
 203 00a0 1268     		ldr	r2, [r2]
 204 00a2 A3FB0203 		umull	r0, r3, r3, r2
 205 00a6 DB08     		lsrs	r3, r3, #3
  49:Core/Src/display_timer.c **** 				digits[3] = seconds % 10;
 206              		.loc 1 49 15 view .LVU49
ARM GAS  C:\Users\Korisnik\AppData\Local\Temp\ccfm6dRL.s 			page 6


 207 00a8 8B70     		strb	r3, [r1, #2]
  50:Core/Src/display_timer.c **** 			}
 208              		.loc 1 50 5 is_stmt 1 view .LVU50
  50:Core/Src/display_timer.c **** 			}
 209              		.loc 1 50 25 is_stmt 0 view .LVU51
 210 00aa 03EB8303 		add	r3, r3, r3, lsl #2
 211 00ae A2EB4303 		sub	r3, r2, r3, lsl #1
  50:Core/Src/display_timer.c **** 			}
 212              		.loc 1 50 15 view .LVU52
 213 00b2 CB70     		strb	r3, [r1, #3]
 214 00b4 B6E7     		b	.L7
 215              	.LVL6:
 216              	.L15:
  38:Core/Src/display_timer.c **** 				if(++minutes == 60)
 217              		.loc 1 38 5 is_stmt 1 view .LVU53
  38:Core/Src/display_timer.c **** 				if(++minutes == 60)
 218              		.loc 1 38 13 is_stmt 0 view .LVU54
 219 00b6 1346     		mov	r3, r2
 220 00b8 0022     		movs	r2, #0
 221 00ba 1A60     		str	r2, [r3]
  39:Core/Src/display_timer.c **** 				{
 222              		.loc 1 39 5 is_stmt 1 view .LVU55
  39:Core/Src/display_timer.c **** 				{
 223              		.loc 1 39 8 is_stmt 0 view .LVU56
 224 00bc 0D4A     		ldr	r2, .L16+36
 225 00be 1368     		ldr	r3, [r2]
 226 00c0 0133     		adds	r3, r3, #1
  39:Core/Src/display_timer.c **** 				{
 227              		.loc 1 39 7 view .LVU57
 228 00c2 1360     		str	r3, [r2]
 229 00c4 3C2B     		cmp	r3, #60
 230 00c6 D9D1     		bne	.L8
  41:Core/Src/display_timer.c **** 				}
 231              		.loc 1 41 6 is_stmt 1 view .LVU58
  41:Core/Src/display_timer.c **** 				}
 232              		.loc 1 41 14 is_stmt 0 view .LVU59
 233 00c8 1346     		mov	r3, r2
 234 00ca 0022     		movs	r2, #0
 235 00cc 1A60     		str	r2, [r3]
 236 00ce D5E7     		b	.L8
 237              	.L17:
 238              		.align	2
 239              	.L16:
 240 00d0 00000000 		.word	.LANCHOR0
 241 00d4 00000000 		.word	overflow_counter_counter
 242 00d8 00000000 		.word	.LANCHOR1
 243 00dc 00100140 		.word	1073811456
 244 00e0 00000000 		.word	.LANCHOR5
 245 00e4 00000000 		.word	.LANCHOR4
 246 00e8 00000000 		.word	.LANCHOR6
 247 00ec 00000000 		.word	.LANCHOR2
 248 00f0 00000000 		.word	display_frequency
 249 00f4 00000000 		.word	.LANCHOR3
 250 00f8 CDCCCCCC 		.word	-858993459
 251              		.cfi_endproc
 252              	.LFE66:
 254              		.global	seven_seg_digits
ARM GAS  C:\Users\Korisnik\AppData\Local\Temp\ccfm6dRL.s 			page 7


 255              		.global	minutes
 256              		.global	seconds
 257              		.global	update_event_counter
 258              		.global	digits
 259              		.global	current_digit
 260              		.global	tim_handler
 261              		.section	.bss.current_digit,"aw",%nobits
 262              		.set	.LANCHOR5,. + 0
 265              	current_digit:
 266 0000 00       		.space	1
 267              		.section	.bss.digits,"aw",%nobits
 268              		.align	2
 269              		.set	.LANCHOR4,. + 0
 272              	digits:
 273 0000 00000000 		.space	4
 274              		.section	.bss.minutes,"aw",%nobits
 275              		.align	2
 276              		.set	.LANCHOR3,. + 0
 279              	minutes:
 280 0000 00000000 		.space	4
 281              		.section	.bss.seconds,"aw",%nobits
 282              		.align	2
 283              		.set	.LANCHOR2,. + 0
 286              	seconds:
 287 0000 00000000 		.space	4
 288              		.section	.bss.update_event_counter,"aw",%nobits
 289              		.align	2
 290              		.set	.LANCHOR1,. + 0
 293              	update_event_counter:
 294 0000 00000000 		.space	4
 295              		.section	.data.seven_seg_digits,"aw"
 296              		.align	2
 297              		.set	.LANCHOR6,. + 0
 300              	seven_seg_digits:
 301 0000 81CF9286 		.ascii	"\201\317\222\206\314\244\240\217\200\204"
 301      CCA4A08F 
 301      8084
 302              		.section	.data.tim_handler,"aw"
 303              		.align	2
 304              		.set	.LANCHOR0,. + 0
 307              	tim_handler:
 308 0000 00000000 		.word	htim1
 309              		.text
 310              	.Letext0:
 311              		.file 2 "c:\\users\\korisnik\\desktop\\etf\\4. godina\\mips\\gnu mcu\\arm-none-eabi-gcc-10.2.1-1.1
 312              		.file 3 "c:\\users\\korisnik\\desktop\\etf\\4. godina\\mips\\gnu mcu\\arm-none-eabi-gcc-10.2.1-1.1
 313              		.file 4 "Drivers/CMSIS/Device/ST/STM32F1xx/Include/stm32f103x6.h"
 314              		.file 5 "Drivers/STM32F1xx_HAL_Driver/Inc/stm32f1xx_hal_def.h"
 315              		.file 6 "Drivers/STM32F1xx_HAL_Driver/Inc/stm32f1xx_hal_dma.h"
 316              		.file 7 "Drivers/STM32F1xx_HAL_Driver/Inc/stm32f1xx_hal_tim.h"
 317              		.file 8 "Core/Inc/tim.h"
ARM GAS  C:\Users\Korisnik\AppData\Local\Temp\ccfm6dRL.s 			page 8


DEFINED SYMBOLS
                            *ABS*:0000000000000000 display_timer.c
C:\Users\Korisnik\AppData\Local\Temp\ccfm6dRL.s:16     .text.display_timer_init:0000000000000000 $t
C:\Users\Korisnik\AppData\Local\Temp\ccfm6dRL.s:24     .text.display_timer_init:0000000000000000 display_timer_init
C:\Users\Korisnik\AppData\Local\Temp\ccfm6dRL.s:51     .text.display_timer_init:0000000000000014 $d
C:\Users\Korisnik\AppData\Local\Temp\ccfm6dRL.s:56     .text.HAL_TIM_PeriodElapsedCallback:0000000000000000 $t
C:\Users\Korisnik\AppData\Local\Temp\ccfm6dRL.s:63     .text.HAL_TIM_PeriodElapsedCallback:0000000000000000 HAL_TIM_PeriodElapsedCallback
C:\Users\Korisnik\AppData\Local\Temp\ccfm6dRL.s:240    .text.HAL_TIM_PeriodElapsedCallback:00000000000000d0 $d
C:\Users\Korisnik\AppData\Local\Temp\ccfm6dRL.s:300    .data.seven_seg_digits:0000000000000000 seven_seg_digits
C:\Users\Korisnik\AppData\Local\Temp\ccfm6dRL.s:279    .bss.minutes:0000000000000000 minutes
C:\Users\Korisnik\AppData\Local\Temp\ccfm6dRL.s:286    .bss.seconds:0000000000000000 seconds
C:\Users\Korisnik\AppData\Local\Temp\ccfm6dRL.s:293    .bss.update_event_counter:0000000000000000 update_event_counter
C:\Users\Korisnik\AppData\Local\Temp\ccfm6dRL.s:272    .bss.digits:0000000000000000 digits
C:\Users\Korisnik\AppData\Local\Temp\ccfm6dRL.s:265    .bss.current_digit:0000000000000000 current_digit
C:\Users\Korisnik\AppData\Local\Temp\ccfm6dRL.s:307    .data.tim_handler:0000000000000000 tim_handler
C:\Users\Korisnik\AppData\Local\Temp\ccfm6dRL.s:266    .bss.current_digit:0000000000000000 $d
C:\Users\Korisnik\AppData\Local\Temp\ccfm6dRL.s:268    .bss.digits:0000000000000000 $d
C:\Users\Korisnik\AppData\Local\Temp\ccfm6dRL.s:275    .bss.minutes:0000000000000000 $d
C:\Users\Korisnik\AppData\Local\Temp\ccfm6dRL.s:282    .bss.seconds:0000000000000000 $d
C:\Users\Korisnik\AppData\Local\Temp\ccfm6dRL.s:289    .bss.update_event_counter:0000000000000000 $d
C:\Users\Korisnik\AppData\Local\Temp\ccfm6dRL.s:296    .data.seven_seg_digits:0000000000000000 $d
C:\Users\Korisnik\AppData\Local\Temp\ccfm6dRL.s:303    .data.tim_handler:0000000000000000 $d

UNDEFINED SYMBOLS
HAL_TIM_Base_Start_IT
HAL_TIM_IC_Start_IT
overflow_counter_counter
display_frequency
htim1
