ARM GAS  C:\Users\Korisnik\AppData\Local\Temp\ccRNojRs.s 			page 1


   1              		.cpu cortex-m3
   2              		.eabi_attribute 20, 1
   3              		.eabi_attribute 21, 1
   4              		.eabi_attribute 23, 3
   5              		.eabi_attribute 24, 1
   6              		.eabi_attribute 25, 1
   7              		.eabi_attribute 26, 1
   8              		.eabi_attribute 30, 1
   9              		.eabi_attribute 34, 1
  10              		.eabi_attribute 18, 4
  11              		.file	"gpio.c"
  12              		.text
  13              	.Ltext0:
  14              		.cfi_sections	.debug_frame
  15              		.section	.text.MX_GPIO_Init,"ax",%progbits
  16              		.align	1
  17              		.global	MX_GPIO_Init
  18              		.arch armv7-m
  19              		.syntax unified
  20              		.thumb
  21              		.thumb_func
  22              		.fpu softvfp
  24              	MX_GPIO_Init:
  25              	.LFB65:
  26              		.file 1 "Core/Src/gpio.c"
   1:Core/Src/gpio.c **** /**
   2:Core/Src/gpio.c ****   ******************************************************************************
   3:Core/Src/gpio.c ****   * @file    gpio.c
   4:Core/Src/gpio.c ****   * @brief   This file provides code for the configuration
   5:Core/Src/gpio.c ****   *          of all used GPIO pins.
   6:Core/Src/gpio.c ****   ******************************************************************************
   7:Core/Src/gpio.c ****   * @attention
   8:Core/Src/gpio.c ****   *
   9:Core/Src/gpio.c ****   * <h2><center>&copy; Copyright (c) 2025 STMicroelectronics.
  10:Core/Src/gpio.c ****   * All rights reserved.</center></h2>
  11:Core/Src/gpio.c ****   *
  12:Core/Src/gpio.c ****   * This software component is licensed by ST under BSD 3-Clause license,
  13:Core/Src/gpio.c ****   * the "License"; You may not use this file except in compliance with the
  14:Core/Src/gpio.c ****   * License. You may obtain a copy of the License at:
  15:Core/Src/gpio.c ****   *                        opensource.org/licenses/BSD-3-Clause
  16:Core/Src/gpio.c ****   *
  17:Core/Src/gpio.c ****   ******************************************************************************
  18:Core/Src/gpio.c ****   */
  19:Core/Src/gpio.c **** 
  20:Core/Src/gpio.c **** /* Includes ------------------------------------------------------------------*/
  21:Core/Src/gpio.c **** #include "gpio.h"
  22:Core/Src/gpio.c **** 
  23:Core/Src/gpio.c **** /* USER CODE BEGIN 0 */
  24:Core/Src/gpio.c **** 
  25:Core/Src/gpio.c **** /* USER CODE END 0 */
  26:Core/Src/gpio.c **** 
  27:Core/Src/gpio.c **** /*----------------------------------------------------------------------------*/
  28:Core/Src/gpio.c **** /* Configure GPIO                                                             */
  29:Core/Src/gpio.c **** /*----------------------------------------------------------------------------*/
  30:Core/Src/gpio.c **** /* USER CODE BEGIN 1 */
  31:Core/Src/gpio.c **** 
  32:Core/Src/gpio.c **** /* USER CODE END 1 */
ARM GAS  C:\Users\Korisnik\AppData\Local\Temp\ccRNojRs.s 			page 2


  33:Core/Src/gpio.c **** 
  34:Core/Src/gpio.c **** /** Configure pins
  35:Core/Src/gpio.c **** */
  36:Core/Src/gpio.c **** void MX_GPIO_Init(void)
  37:Core/Src/gpio.c **** {
  27              		.loc 1 37 1 view -0
  28              		.cfi_startproc
  29              		@ args = 0, pretend = 0, frame = 32
  30              		@ frame_needed = 0, uses_anonymous_args = 0
  31 0000 2DE9F041 		push	{r4, r5, r6, r7, r8, lr}
  32              	.LCFI0:
  33              		.cfi_def_cfa_offset 24
  34              		.cfi_offset 4, -24
  35              		.cfi_offset 5, -20
  36              		.cfi_offset 6, -16
  37              		.cfi_offset 7, -12
  38              		.cfi_offset 8, -8
  39              		.cfi_offset 14, -4
  40 0004 88B0     		sub	sp, sp, #32
  41              	.LCFI1:
  42              		.cfi_def_cfa_offset 56
  38:Core/Src/gpio.c **** 
  39:Core/Src/gpio.c ****   GPIO_InitTypeDef GPIO_InitStruct = {0};
  43              		.loc 1 39 3 view .LVU1
  44              		.loc 1 39 20 is_stmt 0 view .LVU2
  45 0006 0024     		movs	r4, #0
  46 0008 0494     		str	r4, [sp, #16]
  47 000a 0594     		str	r4, [sp, #20]
  48 000c 0694     		str	r4, [sp, #24]
  49 000e 0794     		str	r4, [sp, #28]
  40:Core/Src/gpio.c **** 
  41:Core/Src/gpio.c ****   /* GPIO Ports Clock Enable */
  42:Core/Src/gpio.c ****   __HAL_RCC_GPIOC_CLK_ENABLE();
  50              		.loc 1 42 3 is_stmt 1 view .LVU3
  51              	.LBB2:
  52              		.loc 1 42 3 view .LVU4
  53              		.loc 1 42 3 view .LVU5
  54 0010 2F4B     		ldr	r3, .L3
  55 0012 9A69     		ldr	r2, [r3, #24]
  56 0014 42F01002 		orr	r2, r2, #16
  57 0018 9A61     		str	r2, [r3, #24]
  58              		.loc 1 42 3 view .LVU6
  59 001a 9A69     		ldr	r2, [r3, #24]
  60 001c 02F01002 		and	r2, r2, #16
  61 0020 0192     		str	r2, [sp, #4]
  62              		.loc 1 42 3 view .LVU7
  63 0022 019A     		ldr	r2, [sp, #4]
  64              	.LBE2:
  65              		.loc 1 42 3 view .LVU8
  43:Core/Src/gpio.c ****   __HAL_RCC_GPIOA_CLK_ENABLE();
  66              		.loc 1 43 3 view .LVU9
  67              	.LBB3:
  68              		.loc 1 43 3 view .LVU10
  69              		.loc 1 43 3 view .LVU11
  70 0024 9A69     		ldr	r2, [r3, #24]
  71 0026 42F00402 		orr	r2, r2, #4
  72 002a 9A61     		str	r2, [r3, #24]
ARM GAS  C:\Users\Korisnik\AppData\Local\Temp\ccRNojRs.s 			page 3


  73              		.loc 1 43 3 view .LVU12
  74 002c 9A69     		ldr	r2, [r3, #24]
  75 002e 02F00402 		and	r2, r2, #4
  76 0032 0292     		str	r2, [sp, #8]
  77              		.loc 1 43 3 view .LVU13
  78 0034 029A     		ldr	r2, [sp, #8]
  79              	.LBE3:
  80              		.loc 1 43 3 view .LVU14
  44:Core/Src/gpio.c ****   __HAL_RCC_GPIOB_CLK_ENABLE();
  81              		.loc 1 44 3 view .LVU15
  82              	.LBB4:
  83              		.loc 1 44 3 view .LVU16
  84              		.loc 1 44 3 view .LVU17
  85 0036 9A69     		ldr	r2, [r3, #24]
  86 0038 42F00802 		orr	r2, r2, #8
  87 003c 9A61     		str	r2, [r3, #24]
  88              		.loc 1 44 3 view .LVU18
  89 003e 9B69     		ldr	r3, [r3, #24]
  90 0040 03F00803 		and	r3, r3, #8
  91 0044 0393     		str	r3, [sp, #12]
  92              		.loc 1 44 3 view .LVU19
  93 0046 039B     		ldr	r3, [sp, #12]
  94              	.LBE4:
  95              		.loc 1 44 3 view .LVU20
  45:Core/Src/gpio.c **** 
  46:Core/Src/gpio.c ****   /*Configure GPIO pin Output Level */
  47:Core/Src/gpio.c ****   HAL_GPIO_WritePin(GPIOC, GPIO_PIN_0|GPIO_PIN_1|GPIO_PIN_2|GPIO_PIN_3
  96              		.loc 1 47 3 view .LVU21
  97 0048 DFF88880 		ldr	r8, .L3+4
  98 004c 2246     		mov	r2, r4
  99 004e 40F6FF71 		movw	r1, #4095
 100 0052 4046     		mov	r0, r8
 101 0054 FFF7FEFF 		bl	HAL_GPIO_WritePin
 102              	.LVL0:
  48:Core/Src/gpio.c ****                           |GPIO_PIN_4|GPIO_PIN_5|GPIO_PIN_6|GPIO_PIN_7
  49:Core/Src/gpio.c ****                           |GPIO_PIN_8|GPIO_PIN_9|GPIO_PIN_10|GPIO_PIN_11, GPIO_PIN_RESET);
  50:Core/Src/gpio.c **** 
  51:Core/Src/gpio.c ****   /*Configure GPIO pin Output Level */
  52:Core/Src/gpio.c ****   HAL_GPIO_WritePin(GPIOB, GPIO_PIN_12|GPIO_PIN_13|GPIO_PIN_14|GPIO_PIN_15, GPIO_PIN_RESET);
 103              		.loc 1 52 3 view .LVU22
 104 0058 1F4D     		ldr	r5, .L3+8
 105 005a 2246     		mov	r2, r4
 106 005c 4FF47041 		mov	r1, #61440
 107 0060 2846     		mov	r0, r5
 108 0062 FFF7FEFF 		bl	HAL_GPIO_WritePin
 109              	.LVL1:
  53:Core/Src/gpio.c **** 
  54:Core/Src/gpio.c ****   /*Configure GPIO pins : PC0 PC1 PC2 PC3
  55:Core/Src/gpio.c ****                            PC4 PC5 PC6 PC7
  56:Core/Src/gpio.c ****                            PC8 PC9 PC10 PC11 */
  57:Core/Src/gpio.c ****   GPIO_InitStruct.Pin = GPIO_PIN_0|GPIO_PIN_1|GPIO_PIN_2|GPIO_PIN_3
 110              		.loc 1 57 3 view .LVU23
 111              		.loc 1 57 23 is_stmt 0 view .LVU24
 112 0066 40F6FF73 		movw	r3, #4095
 113 006a 0493     		str	r3, [sp, #16]
  58:Core/Src/gpio.c ****                           |GPIO_PIN_4|GPIO_PIN_5|GPIO_PIN_6|GPIO_PIN_7
  59:Core/Src/gpio.c ****                           |GPIO_PIN_8|GPIO_PIN_9|GPIO_PIN_10|GPIO_PIN_11;
ARM GAS  C:\Users\Korisnik\AppData\Local\Temp\ccRNojRs.s 			page 4


  60:Core/Src/gpio.c ****   GPIO_InitStruct.Mode = GPIO_MODE_OUTPUT_PP;
 114              		.loc 1 60 3 is_stmt 1 view .LVU25
 115              		.loc 1 60 24 is_stmt 0 view .LVU26
 116 006c 0127     		movs	r7, #1
 117 006e 0597     		str	r7, [sp, #20]
  61:Core/Src/gpio.c ****   GPIO_InitStruct.Pull = GPIO_NOPULL;
 118              		.loc 1 61 3 is_stmt 1 view .LVU27
 119              		.loc 1 61 24 is_stmt 0 view .LVU28
 120 0070 0694     		str	r4, [sp, #24]
  62:Core/Src/gpio.c ****   GPIO_InitStruct.Speed = GPIO_SPEED_FREQ_LOW;
 121              		.loc 1 62 3 is_stmt 1 view .LVU29
 122              		.loc 1 62 25 is_stmt 0 view .LVU30
 123 0072 0226     		movs	r6, #2
 124 0074 0796     		str	r6, [sp, #28]
  63:Core/Src/gpio.c ****   HAL_GPIO_Init(GPIOC, &GPIO_InitStruct);
 125              		.loc 1 63 3 is_stmt 1 view .LVU31
 126 0076 04A9     		add	r1, sp, #16
 127 0078 4046     		mov	r0, r8
 128 007a FFF7FEFF 		bl	HAL_GPIO_Init
 129              	.LVL2:
  64:Core/Src/gpio.c **** 
  65:Core/Src/gpio.c ****   /*Configure GPIO pin : PB10 */
  66:Core/Src/gpio.c ****   GPIO_InitStruct.Pin = GPIO_PIN_10;
 130              		.loc 1 66 3 view .LVU32
 131              		.loc 1 66 23 is_stmt 0 view .LVU33
 132 007e 4FF48063 		mov	r3, #1024
 133 0082 0493     		str	r3, [sp, #16]
  67:Core/Src/gpio.c ****   GPIO_InitStruct.Mode = GPIO_MODE_IT_RISING_FALLING;
 134              		.loc 1 67 3 is_stmt 1 view .LVU34
 135              		.loc 1 67 24 is_stmt 0 view .LVU35
 136 0084 154B     		ldr	r3, .L3+12
 137 0086 0593     		str	r3, [sp, #20]
  68:Core/Src/gpio.c ****   GPIO_InitStruct.Pull = GPIO_NOPULL;
 138              		.loc 1 68 3 is_stmt 1 view .LVU36
 139              		.loc 1 68 24 is_stmt 0 view .LVU37
 140 0088 0694     		str	r4, [sp, #24]
  69:Core/Src/gpio.c ****   HAL_GPIO_Init(GPIOB, &GPIO_InitStruct);
 141              		.loc 1 69 3 is_stmt 1 view .LVU38
 142 008a 04A9     		add	r1, sp, #16
 143 008c 2846     		mov	r0, r5
 144 008e FFF7FEFF 		bl	HAL_GPIO_Init
 145              	.LVL3:
  70:Core/Src/gpio.c **** 
  71:Core/Src/gpio.c ****   /*Configure GPIO pin : PB11 */
  72:Core/Src/gpio.c ****   GPIO_InitStruct.Pin = GPIO_PIN_11;
 146              		.loc 1 72 3 view .LVU39
 147              		.loc 1 72 23 is_stmt 0 view .LVU40
 148 0092 4FF40063 		mov	r3, #2048
 149 0096 0493     		str	r3, [sp, #16]
  73:Core/Src/gpio.c ****   GPIO_InitStruct.Mode = GPIO_MODE_IT_FALLING;
 150              		.loc 1 73 3 is_stmt 1 view .LVU41
 151              		.loc 1 73 24 is_stmt 0 view .LVU42
 152 0098 114B     		ldr	r3, .L3+16
 153 009a 0593     		str	r3, [sp, #20]
  74:Core/Src/gpio.c ****   GPIO_InitStruct.Pull = GPIO_NOPULL;
 154              		.loc 1 74 3 is_stmt 1 view .LVU43
 155              		.loc 1 74 24 is_stmt 0 view .LVU44
ARM GAS  C:\Users\Korisnik\AppData\Local\Temp\ccRNojRs.s 			page 5


 156 009c 0694     		str	r4, [sp, #24]
  75:Core/Src/gpio.c ****   HAL_GPIO_Init(GPIOB, &GPIO_InitStruct);
 157              		.loc 1 75 3 is_stmt 1 view .LVU45
 158 009e 04A9     		add	r1, sp, #16
 159 00a0 2846     		mov	r0, r5
 160 00a2 FFF7FEFF 		bl	HAL_GPIO_Init
 161              	.LVL4:
  76:Core/Src/gpio.c **** 
  77:Core/Src/gpio.c ****   /*Configure GPIO pins : PB12 PB13 PB14 PB15 */
  78:Core/Src/gpio.c ****   GPIO_InitStruct.Pin = GPIO_PIN_12|GPIO_PIN_13|GPIO_PIN_14|GPIO_PIN_15;
 162              		.loc 1 78 3 view .LVU46
 163              		.loc 1 78 23 is_stmt 0 view .LVU47
 164 00a6 4FF47043 		mov	r3, #61440
 165 00aa 0493     		str	r3, [sp, #16]
  79:Core/Src/gpio.c ****   GPIO_InitStruct.Mode = GPIO_MODE_OUTPUT_PP;
 166              		.loc 1 79 3 is_stmt 1 view .LVU48
 167              		.loc 1 79 24 is_stmt 0 view .LVU49
 168 00ac 0597     		str	r7, [sp, #20]
  80:Core/Src/gpio.c ****   GPIO_InitStruct.Pull = GPIO_NOPULL;
 169              		.loc 1 80 3 is_stmt 1 view .LVU50
 170              		.loc 1 80 24 is_stmt 0 view .LVU51
 171 00ae 0694     		str	r4, [sp, #24]
  81:Core/Src/gpio.c ****   GPIO_InitStruct.Speed = GPIO_SPEED_FREQ_LOW;
 172              		.loc 1 81 3 is_stmt 1 view .LVU52
 173              		.loc 1 81 25 is_stmt 0 view .LVU53
 174 00b0 0796     		str	r6, [sp, #28]
  82:Core/Src/gpio.c ****   HAL_GPIO_Init(GPIOB, &GPIO_InitStruct);
 175              		.loc 1 82 3 is_stmt 1 view .LVU54
 176 00b2 04A9     		add	r1, sp, #16
 177 00b4 2846     		mov	r0, r5
 178 00b6 FFF7FEFF 		bl	HAL_GPIO_Init
 179              	.LVL5:
  83:Core/Src/gpio.c **** 
  84:Core/Src/gpio.c ****   /* EXTI interrupt init*/
  85:Core/Src/gpio.c ****   HAL_NVIC_SetPriority(EXTI15_10_IRQn, 0, 0);
 180              		.loc 1 85 3 view .LVU55
 181 00ba 2246     		mov	r2, r4
 182 00bc 2146     		mov	r1, r4
 183 00be 2820     		movs	r0, #40
 184 00c0 FFF7FEFF 		bl	HAL_NVIC_SetPriority
 185              	.LVL6:
  86:Core/Src/gpio.c ****   HAL_NVIC_EnableIRQ(EXTI15_10_IRQn);
 186              		.loc 1 86 3 view .LVU56
 187 00c4 2820     		movs	r0, #40
 188 00c6 FFF7FEFF 		bl	HAL_NVIC_EnableIRQ
 189              	.LVL7:
  87:Core/Src/gpio.c **** 
  88:Core/Src/gpio.c **** }
 190              		.loc 1 88 1 is_stmt 0 view .LVU57
 191 00ca 08B0     		add	sp, sp, #32
 192              	.LCFI2:
 193              		.cfi_def_cfa_offset 24
 194              		@ sp needed
 195 00cc BDE8F081 		pop	{r4, r5, r6, r7, r8, pc}
 196              	.L4:
 197              		.align	2
 198              	.L3:
ARM GAS  C:\Users\Korisnik\AppData\Local\Temp\ccRNojRs.s 			page 6


 199 00d0 00100240 		.word	1073876992
 200 00d4 00100140 		.word	1073811456
 201 00d8 000C0140 		.word	1073810432
 202 00dc 00003110 		.word	271646720
 203 00e0 00002110 		.word	270598144
 204              		.cfi_endproc
 205              	.LFE65:
 207              		.section	.text.setGPIOB,"ax",%progbits
 208              		.align	1
 209              		.global	setGPIOB
 210              		.syntax unified
 211              		.thumb
 212              		.thumb_func
 213              		.fpu softvfp
 215              	setGPIOB:
 216              	.LVL8:
 217              	.LFB66:
  89:Core/Src/gpio.c **** 
  90:Core/Src/gpio.c **** /* USER CODE BEGIN 2 */
  91:Core/Src/gpio.c **** void setGPIOB(uint16_t GPIO_PIN, GPIO_PinState GPIO_PIN_STATE)
  92:Core/Src/gpio.c **** {
 218              		.loc 1 92 1 is_stmt 1 view -0
 219              		.cfi_startproc
 220              		@ args = 0, pretend = 0, frame = 0
 221              		@ frame_needed = 0, uses_anonymous_args = 0
 222              		.loc 1 92 1 is_stmt 0 view .LVU59
 223 0000 0A46     		mov	r2, r1
  93:Core/Src/gpio.c **** 	if(GPIO_PIN == GPIO_PIN_12 || GPIO_PIN == GPIO_PIN_13 || GPIO_PIN == GPIO_PIN_14 || GPIO_PIN == GP
 224              		.loc 1 93 2 is_stmt 1 view .LVU60
 225              		.loc 1 93 4 is_stmt 0 view .LVU61
 226 0002 B0F5805F 		cmp	r0, #4096
 227 0006 09D0     		beq	.L6
 228              		.loc 1 93 29 discriminator 1 view .LVU62
 229 0008 B0F5005F 		cmp	r0, #8192
 230 000c 06D0     		beq	.L6
 231              		.loc 1 93 56 discriminator 2 view .LVU63
 232 000e B0F5804F 		cmp	r0, #16384
 233 0012 03D0     		beq	.L6
 234              		.loc 1 93 83 discriminator 3 view .LVU64
 235 0014 B0F5004F 		cmp	r0, #32768
 236 0018 00D0     		beq	.L6
 237 001a 7047     		bx	lr
 238              	.L6:
  92:Core/Src/gpio.c **** 	if(GPIO_PIN == GPIO_PIN_12 || GPIO_PIN == GPIO_PIN_13 || GPIO_PIN == GPIO_PIN_14 || GPIO_PIN == GP
 239              		.loc 1 92 1 view .LVU65
 240 001c 08B5     		push	{r3, lr}
 241              	.LCFI3:
 242              		.cfi_def_cfa_offset 8
 243              		.cfi_offset 3, -8
 244              		.cfi_offset 14, -4
  94:Core/Src/gpio.c **** 	{
  95:Core/Src/gpio.c **** 		HAL_GPIO_WritePin(GPIOB, GPIO_PIN, GPIO_PIN_STATE);
 245              		.loc 1 95 3 is_stmt 1 view .LVU66
 246 001e 0146     		mov	r1, r0
 247              	.LVL9:
 248              		.loc 1 95 3 is_stmt 0 view .LVU67
 249 0020 0148     		ldr	r0, .L11
ARM GAS  C:\Users\Korisnik\AppData\Local\Temp\ccRNojRs.s 			page 7


 250              	.LVL10:
 251              		.loc 1 95 3 view .LVU68
 252 0022 FFF7FEFF 		bl	HAL_GPIO_WritePin
 253              	.LVL11:
  96:Core/Src/gpio.c **** 	}
  97:Core/Src/gpio.c **** }
 254              		.loc 1 97 1 view .LVU69
 255 0026 08BD     		pop	{r3, pc}
 256              	.L12:
 257              		.align	2
 258              	.L11:
 259 0028 000C0140 		.word	1073810432
 260              		.cfi_endproc
 261              	.LFE66:
 263              		.text
 264              	.Letext0:
 265              		.file 2 "c:\\users\\korisnik\\desktop\\etf\\4. godina\\mips\\gnu mcu\\arm-none-eabi-gcc-10.2.1-1.1
 266              		.file 3 "c:\\users\\korisnik\\desktop\\etf\\4. godina\\mips\\gnu mcu\\arm-none-eabi-gcc-10.2.1-1.1
 267              		.file 4 "Drivers/CMSIS/Device/ST/STM32F1xx/Include/stm32f103x6.h"
 268              		.file 5 "Drivers/STM32F1xx_HAL_Driver/Inc/stm32f1xx_hal_gpio.h"
 269              		.file 6 "Drivers/STM32F1xx_HAL_Driver/Inc/stm32f1xx_hal_cortex.h"
ARM GAS  C:\Users\Korisnik\AppData\Local\Temp\ccRNojRs.s 			page 8


DEFINED SYMBOLS
                            *ABS*:0000000000000000 gpio.c
C:\Users\Korisnik\AppData\Local\Temp\ccRNojRs.s:16     .text.MX_GPIO_Init:0000000000000000 $t
C:\Users\Korisnik\AppData\Local\Temp\ccRNojRs.s:24     .text.MX_GPIO_Init:0000000000000000 MX_GPIO_Init
C:\Users\Korisnik\AppData\Local\Temp\ccRNojRs.s:199    .text.MX_GPIO_Init:00000000000000d0 $d
C:\Users\Korisnik\AppData\Local\Temp\ccRNojRs.s:208    .text.setGPIOB:0000000000000000 $t
C:\Users\Korisnik\AppData\Local\Temp\ccRNojRs.s:215    .text.setGPIOB:0000000000000000 setGPIOB
C:\Users\Korisnik\AppData\Local\Temp\ccRNojRs.s:259    .text.setGPIOB:0000000000000028 $d

UNDEFINED SYMBOLS
HAL_GPIO_WritePin
HAL_GPIO_Init
HAL_NVIC_SetPriority
HAL_NVIC_EnableIRQ
