ARM GAS  C:\Users\Korisnik\AppData\Local\Temp\cc5JTnqb.s 			page 1


   1              		.cpu cortex-m3
   2              		.eabi_attribute 20, 1
   3              		.eabi_attribute 21, 1
   4              		.eabi_attribute 23, 3
   5              		.eabi_attribute 24, 1
   6              		.eabi_attribute 25, 1
   7              		.eabi_attribute 26, 1
   8              		.eabi_attribute 30, 1
   9              		.eabi_attribute 34, 1
  10              		.eabi_attribute 18, 4
  11              		.file	"stm32f1xx_it.c"
  12              		.text
  13              	.Ltext0:
  14              		.cfi_sections	.debug_frame
  15              		.section	.text.NMI_Handler,"ax",%progbits
  16              		.align	1
  17              		.global	NMI_Handler
  18              		.arch armv7-m
  19              		.syntax unified
  20              		.thumb
  21              		.thumb_func
  22              		.fpu softvfp
  24              	NMI_Handler:
  25              	.LFB65:
  26              		.file 1 "Core/Src/stm32f1xx_it.c"
   1:Core/Src/stm32f1xx_it.c **** /* USER CODE BEGIN Header */
   2:Core/Src/stm32f1xx_it.c **** /**
   3:Core/Src/stm32f1xx_it.c ****   ******************************************************************************
   4:Core/Src/stm32f1xx_it.c ****   * @file    stm32f1xx_it.c
   5:Core/Src/stm32f1xx_it.c ****   * @brief   Interrupt Service Routines.
   6:Core/Src/stm32f1xx_it.c ****   ******************************************************************************
   7:Core/Src/stm32f1xx_it.c ****   * @attention
   8:Core/Src/stm32f1xx_it.c ****   *
   9:Core/Src/stm32f1xx_it.c ****   * <h2><center>&copy; Copyright (c) 2025 STMicroelectronics.
  10:Core/Src/stm32f1xx_it.c ****   * All rights reserved.</center></h2>
  11:Core/Src/stm32f1xx_it.c ****   *
  12:Core/Src/stm32f1xx_it.c ****   * This software component is licensed by ST under BSD 3-Clause license,
  13:Core/Src/stm32f1xx_it.c ****   * the "License"; You may not use this file except in compliance with the
  14:Core/Src/stm32f1xx_it.c ****   * License. You may obtain a copy of the License at:
  15:Core/Src/stm32f1xx_it.c ****   *                        opensource.org/licenses/BSD-3-Clause
  16:Core/Src/stm32f1xx_it.c ****   *
  17:Core/Src/stm32f1xx_it.c ****   ******************************************************************************
  18:Core/Src/stm32f1xx_it.c ****   */
  19:Core/Src/stm32f1xx_it.c **** /* USER CODE END Header */
  20:Core/Src/stm32f1xx_it.c **** 
  21:Core/Src/stm32f1xx_it.c **** /* Includes ------------------------------------------------------------------*/
  22:Core/Src/stm32f1xx_it.c **** #include "main.h"
  23:Core/Src/stm32f1xx_it.c **** #include "stm32f1xx_it.h"
  24:Core/Src/stm32f1xx_it.c **** /* Private includes ----------------------------------------------------------*/
  25:Core/Src/stm32f1xx_it.c **** /* USER CODE BEGIN Includes */
  26:Core/Src/stm32f1xx_it.c **** /* USER CODE END Includes */
  27:Core/Src/stm32f1xx_it.c **** 
  28:Core/Src/stm32f1xx_it.c **** /* Private typedef -----------------------------------------------------------*/
  29:Core/Src/stm32f1xx_it.c **** /* USER CODE BEGIN TD */
  30:Core/Src/stm32f1xx_it.c **** 
  31:Core/Src/stm32f1xx_it.c **** /* USER CODE END TD */
  32:Core/Src/stm32f1xx_it.c **** 
ARM GAS  C:\Users\Korisnik\AppData\Local\Temp\cc5JTnqb.s 			page 2


  33:Core/Src/stm32f1xx_it.c **** /* Private define ------------------------------------------------------------*/
  34:Core/Src/stm32f1xx_it.c **** /* USER CODE BEGIN PD */
  35:Core/Src/stm32f1xx_it.c **** 
  36:Core/Src/stm32f1xx_it.c **** /* USER CODE END PD */
  37:Core/Src/stm32f1xx_it.c **** 
  38:Core/Src/stm32f1xx_it.c **** /* Private macro -------------------------------------------------------------*/
  39:Core/Src/stm32f1xx_it.c **** /* USER CODE BEGIN PM */
  40:Core/Src/stm32f1xx_it.c **** 
  41:Core/Src/stm32f1xx_it.c **** /* USER CODE END PM */
  42:Core/Src/stm32f1xx_it.c **** 
  43:Core/Src/stm32f1xx_it.c **** /* Private variables ---------------------------------------------------------*/
  44:Core/Src/stm32f1xx_it.c **** /* USER CODE BEGIN PV */
  45:Core/Src/stm32f1xx_it.c **** 
  46:Core/Src/stm32f1xx_it.c **** /* USER CODE END PV */
  47:Core/Src/stm32f1xx_it.c **** 
  48:Core/Src/stm32f1xx_it.c **** /* Private function prototypes -----------------------------------------------*/
  49:Core/Src/stm32f1xx_it.c **** /* USER CODE BEGIN PFP */
  50:Core/Src/stm32f1xx_it.c **** 
  51:Core/Src/stm32f1xx_it.c **** /* USER CODE END PFP */
  52:Core/Src/stm32f1xx_it.c **** 
  53:Core/Src/stm32f1xx_it.c **** /* Private user code ---------------------------------------------------------*/
  54:Core/Src/stm32f1xx_it.c **** /* USER CODE BEGIN 0 */
  55:Core/Src/stm32f1xx_it.c **** 
  56:Core/Src/stm32f1xx_it.c **** /* USER CODE END 0 */
  57:Core/Src/stm32f1xx_it.c **** 
  58:Core/Src/stm32f1xx_it.c **** /* External variables --------------------------------------------------------*/
  59:Core/Src/stm32f1xx_it.c **** extern TIM_HandleTypeDef htim1;
  60:Core/Src/stm32f1xx_it.c **** extern TIM_HandleTypeDef htim3;
  61:Core/Src/stm32f1xx_it.c **** /* USER CODE BEGIN EV */
  62:Core/Src/stm32f1xx_it.c **** 
  63:Core/Src/stm32f1xx_it.c **** /* USER CODE END EV */
  64:Core/Src/stm32f1xx_it.c **** 
  65:Core/Src/stm32f1xx_it.c **** /******************************************************************************/
  66:Core/Src/stm32f1xx_it.c **** /*           Cortex-M3 Processor Interruption and Exception Handlers          */
  67:Core/Src/stm32f1xx_it.c **** /******************************************************************************/
  68:Core/Src/stm32f1xx_it.c **** /**
  69:Core/Src/stm32f1xx_it.c ****   * @brief This function handles Non maskable interrupt.
  70:Core/Src/stm32f1xx_it.c ****   */
  71:Core/Src/stm32f1xx_it.c **** void NMI_Handler(void)
  72:Core/Src/stm32f1xx_it.c **** {
  27              		.loc 1 72 1 view -0
  28              		.cfi_startproc
  29              		@ Volatile: function does not return.
  30              		@ args = 0, pretend = 0, frame = 0
  31              		@ frame_needed = 0, uses_anonymous_args = 0
  32              		@ link register save eliminated.
  33              	.L2:
  73:Core/Src/stm32f1xx_it.c ****   /* USER CODE BEGIN NonMaskableInt_IRQn 0 */
  74:Core/Src/stm32f1xx_it.c **** 
  75:Core/Src/stm32f1xx_it.c ****   /* USER CODE END NonMaskableInt_IRQn 0 */
  76:Core/Src/stm32f1xx_it.c ****   /* USER CODE BEGIN NonMaskableInt_IRQn 1 */
  77:Core/Src/stm32f1xx_it.c ****   while (1)
  34              		.loc 1 77 3 discriminator 1 view .LVU1
  78:Core/Src/stm32f1xx_it.c ****   {
  79:Core/Src/stm32f1xx_it.c ****   }
  35              		.loc 1 79 3 discriminator 1 view .LVU2
  77:Core/Src/stm32f1xx_it.c ****   {
ARM GAS  C:\Users\Korisnik\AppData\Local\Temp\cc5JTnqb.s 			page 3


  36              		.loc 1 77 9 discriminator 1 view .LVU3
  37 0000 FEE7     		b	.L2
  38              		.cfi_endproc
  39              	.LFE65:
  41              		.section	.text.HardFault_Handler,"ax",%progbits
  42              		.align	1
  43              		.global	HardFault_Handler
  44              		.syntax unified
  45              		.thumb
  46              		.thumb_func
  47              		.fpu softvfp
  49              	HardFault_Handler:
  50              	.LFB66:
  80:Core/Src/stm32f1xx_it.c ****   /* USER CODE END NonMaskableInt_IRQn 1 */
  81:Core/Src/stm32f1xx_it.c **** }
  82:Core/Src/stm32f1xx_it.c **** 
  83:Core/Src/stm32f1xx_it.c **** /**
  84:Core/Src/stm32f1xx_it.c ****   * @brief This function handles Hard fault interrupt.
  85:Core/Src/stm32f1xx_it.c ****   */
  86:Core/Src/stm32f1xx_it.c **** void HardFault_Handler(void)
  87:Core/Src/stm32f1xx_it.c **** {
  51              		.loc 1 87 1 view -0
  52              		.cfi_startproc
  53              		@ Volatile: function does not return.
  54              		@ args = 0, pretend = 0, frame = 0
  55              		@ frame_needed = 0, uses_anonymous_args = 0
  56              		@ link register save eliminated.
  57              	.L4:
  88:Core/Src/stm32f1xx_it.c ****   /* USER CODE BEGIN HardFault_IRQn 0 */
  89:Core/Src/stm32f1xx_it.c **** 
  90:Core/Src/stm32f1xx_it.c ****   /* USER CODE END HardFault_IRQn 0 */
  91:Core/Src/stm32f1xx_it.c ****   while (1)
  58              		.loc 1 91 3 discriminator 1 view .LVU5
  92:Core/Src/stm32f1xx_it.c ****   {
  93:Core/Src/stm32f1xx_it.c ****     /* USER CODE BEGIN W1_HardFault_IRQn 0 */
  94:Core/Src/stm32f1xx_it.c ****     /* USER CODE END W1_HardFault_IRQn 0 */
  95:Core/Src/stm32f1xx_it.c ****   }
  59              		.loc 1 95 3 discriminator 1 view .LVU6
  91:Core/Src/stm32f1xx_it.c ****   {
  60              		.loc 1 91 9 discriminator 1 view .LVU7
  61 0000 FEE7     		b	.L4
  62              		.cfi_endproc
  63              	.LFE66:
  65              		.section	.text.MemManage_Handler,"ax",%progbits
  66              		.align	1
  67              		.global	MemManage_Handler
  68              		.syntax unified
  69              		.thumb
  70              		.thumb_func
  71              		.fpu softvfp
  73              	MemManage_Handler:
  74              	.LFB67:
  96:Core/Src/stm32f1xx_it.c **** }
  97:Core/Src/stm32f1xx_it.c **** 
  98:Core/Src/stm32f1xx_it.c **** /**
  99:Core/Src/stm32f1xx_it.c ****   * @brief This function handles Memory management fault.
 100:Core/Src/stm32f1xx_it.c ****   */
ARM GAS  C:\Users\Korisnik\AppData\Local\Temp\cc5JTnqb.s 			page 4


 101:Core/Src/stm32f1xx_it.c **** void MemManage_Handler(void)
 102:Core/Src/stm32f1xx_it.c **** {
  75              		.loc 1 102 1 view -0
  76              		.cfi_startproc
  77              		@ Volatile: function does not return.
  78              		@ args = 0, pretend = 0, frame = 0
  79              		@ frame_needed = 0, uses_anonymous_args = 0
  80              		@ link register save eliminated.
  81              	.L6:
 103:Core/Src/stm32f1xx_it.c ****   /* USER CODE BEGIN MemoryManagement_IRQn 0 */
 104:Core/Src/stm32f1xx_it.c **** 
 105:Core/Src/stm32f1xx_it.c ****   /* USER CODE END MemoryManagement_IRQn 0 */
 106:Core/Src/stm32f1xx_it.c ****   while (1)
  82              		.loc 1 106 3 discriminator 1 view .LVU9
 107:Core/Src/stm32f1xx_it.c ****   {
 108:Core/Src/stm32f1xx_it.c ****     /* USER CODE BEGIN W1_MemoryManagement_IRQn 0 */
 109:Core/Src/stm32f1xx_it.c ****     /* USER CODE END W1_MemoryManagement_IRQn 0 */
 110:Core/Src/stm32f1xx_it.c ****   }
  83              		.loc 1 110 3 discriminator 1 view .LVU10
 106:Core/Src/stm32f1xx_it.c ****   {
  84              		.loc 1 106 9 discriminator 1 view .LVU11
  85 0000 FEE7     		b	.L6
  86              		.cfi_endproc
  87              	.LFE67:
  89              		.section	.text.BusFault_Handler,"ax",%progbits
  90              		.align	1
  91              		.global	BusFault_Handler
  92              		.syntax unified
  93              		.thumb
  94              		.thumb_func
  95              		.fpu softvfp
  97              	BusFault_Handler:
  98              	.LFB68:
 111:Core/Src/stm32f1xx_it.c **** }
 112:Core/Src/stm32f1xx_it.c **** 
 113:Core/Src/stm32f1xx_it.c **** /**
 114:Core/Src/stm32f1xx_it.c ****   * @brief This function handles Prefetch fault, memory access fault.
 115:Core/Src/stm32f1xx_it.c ****   */
 116:Core/Src/stm32f1xx_it.c **** void BusFault_Handler(void)
 117:Core/Src/stm32f1xx_it.c **** {
  99              		.loc 1 117 1 view -0
 100              		.cfi_startproc
 101              		@ Volatile: function does not return.
 102              		@ args = 0, pretend = 0, frame = 0
 103              		@ frame_needed = 0, uses_anonymous_args = 0
 104              		@ link register save eliminated.
 105              	.L8:
 118:Core/Src/stm32f1xx_it.c ****   /* USER CODE BEGIN BusFault_IRQn 0 */
 119:Core/Src/stm32f1xx_it.c **** 
 120:Core/Src/stm32f1xx_it.c ****   /* USER CODE END BusFault_IRQn 0 */
 121:Core/Src/stm32f1xx_it.c ****   while (1)
 106              		.loc 1 121 3 discriminator 1 view .LVU13
 122:Core/Src/stm32f1xx_it.c ****   {
 123:Core/Src/stm32f1xx_it.c ****     /* USER CODE BEGIN W1_BusFault_IRQn 0 */
 124:Core/Src/stm32f1xx_it.c ****     /* USER CODE END W1_BusFault_IRQn 0 */
 125:Core/Src/stm32f1xx_it.c ****   }
 107              		.loc 1 125 3 discriminator 1 view .LVU14
ARM GAS  C:\Users\Korisnik\AppData\Local\Temp\cc5JTnqb.s 			page 5


 121:Core/Src/stm32f1xx_it.c ****   {
 108              		.loc 1 121 9 discriminator 1 view .LVU15
 109 0000 FEE7     		b	.L8
 110              		.cfi_endproc
 111              	.LFE68:
 113              		.section	.text.UsageFault_Handler,"ax",%progbits
 114              		.align	1
 115              		.global	UsageFault_Handler
 116              		.syntax unified
 117              		.thumb
 118              		.thumb_func
 119              		.fpu softvfp
 121              	UsageFault_Handler:
 122              	.LFB69:
 126:Core/Src/stm32f1xx_it.c **** }
 127:Core/Src/stm32f1xx_it.c **** 
 128:Core/Src/stm32f1xx_it.c **** /**
 129:Core/Src/stm32f1xx_it.c ****   * @brief This function handles Undefined instruction or illegal state.
 130:Core/Src/stm32f1xx_it.c ****   */
 131:Core/Src/stm32f1xx_it.c **** void UsageFault_Handler(void)
 132:Core/Src/stm32f1xx_it.c **** {
 123              		.loc 1 132 1 view -0
 124              		.cfi_startproc
 125              		@ Volatile: function does not return.
 126              		@ args = 0, pretend = 0, frame = 0
 127              		@ frame_needed = 0, uses_anonymous_args = 0
 128              		@ link register save eliminated.
 129              	.L10:
 133:Core/Src/stm32f1xx_it.c ****   /* USER CODE BEGIN UsageFault_IRQn 0 */
 134:Core/Src/stm32f1xx_it.c **** 
 135:Core/Src/stm32f1xx_it.c ****   /* USER CODE END UsageFault_IRQn 0 */
 136:Core/Src/stm32f1xx_it.c ****   while (1)
 130              		.loc 1 136 3 discriminator 1 view .LVU17
 137:Core/Src/stm32f1xx_it.c ****   {
 138:Core/Src/stm32f1xx_it.c ****     /* USER CODE BEGIN W1_UsageFault_IRQn 0 */
 139:Core/Src/stm32f1xx_it.c ****     /* USER CODE END W1_UsageFault_IRQn 0 */
 140:Core/Src/stm32f1xx_it.c ****   }
 131              		.loc 1 140 3 discriminator 1 view .LVU18
 136:Core/Src/stm32f1xx_it.c ****   {
 132              		.loc 1 136 9 discriminator 1 view .LVU19
 133 0000 FEE7     		b	.L10
 134              		.cfi_endproc
 135              	.LFE69:
 137              		.section	.text.SVC_Handler,"ax",%progbits
 138              		.align	1
 139              		.global	SVC_Handler
 140              		.syntax unified
 141              		.thumb
 142              		.thumb_func
 143              		.fpu softvfp
 145              	SVC_Handler:
 146              	.LFB70:
 141:Core/Src/stm32f1xx_it.c **** }
 142:Core/Src/stm32f1xx_it.c **** 
 143:Core/Src/stm32f1xx_it.c **** /**
 144:Core/Src/stm32f1xx_it.c ****   * @brief This function handles System service call via SWI instruction.
 145:Core/Src/stm32f1xx_it.c ****   */
ARM GAS  C:\Users\Korisnik\AppData\Local\Temp\cc5JTnqb.s 			page 6


 146:Core/Src/stm32f1xx_it.c **** void SVC_Handler(void)
 147:Core/Src/stm32f1xx_it.c **** {
 147              		.loc 1 147 1 view -0
 148              		.cfi_startproc
 149              		@ args = 0, pretend = 0, frame = 0
 150              		@ frame_needed = 0, uses_anonymous_args = 0
 151              		@ link register save eliminated.
 148:Core/Src/stm32f1xx_it.c ****   /* USER CODE BEGIN SVCall_IRQn 0 */
 149:Core/Src/stm32f1xx_it.c **** 
 150:Core/Src/stm32f1xx_it.c ****   /* USER CODE END SVCall_IRQn 0 */
 151:Core/Src/stm32f1xx_it.c ****   /* USER CODE BEGIN SVCall_IRQn 1 */
 152:Core/Src/stm32f1xx_it.c **** 
 153:Core/Src/stm32f1xx_it.c ****   /* USER CODE END SVCall_IRQn 1 */
 154:Core/Src/stm32f1xx_it.c **** }
 152              		.loc 1 154 1 view .LVU21
 153 0000 7047     		bx	lr
 154              		.cfi_endproc
 155              	.LFE70:
 157              		.section	.text.DebugMon_Handler,"ax",%progbits
 158              		.align	1
 159              		.global	DebugMon_Handler
 160              		.syntax unified
 161              		.thumb
 162              		.thumb_func
 163              		.fpu softvfp
 165              	DebugMon_Handler:
 166              	.LFB71:
 155:Core/Src/stm32f1xx_it.c **** 
 156:Core/Src/stm32f1xx_it.c **** /**
 157:Core/Src/stm32f1xx_it.c ****   * @brief This function handles Debug monitor.
 158:Core/Src/stm32f1xx_it.c ****   */
 159:Core/Src/stm32f1xx_it.c **** void DebugMon_Handler(void)
 160:Core/Src/stm32f1xx_it.c **** {
 167              		.loc 1 160 1 view -0
 168              		.cfi_startproc
 169              		@ args = 0, pretend = 0, frame = 0
 170              		@ frame_needed = 0, uses_anonymous_args = 0
 171              		@ link register save eliminated.
 161:Core/Src/stm32f1xx_it.c ****   /* USER CODE BEGIN DebugMonitor_IRQn 0 */
 162:Core/Src/stm32f1xx_it.c **** 
 163:Core/Src/stm32f1xx_it.c ****   /* USER CODE END DebugMonitor_IRQn 0 */
 164:Core/Src/stm32f1xx_it.c ****   /* USER CODE BEGIN DebugMonitor_IRQn 1 */
 165:Core/Src/stm32f1xx_it.c **** 
 166:Core/Src/stm32f1xx_it.c ****   /* USER CODE END DebugMonitor_IRQn 1 */
 167:Core/Src/stm32f1xx_it.c **** }
 172              		.loc 1 167 1 view .LVU23
 173 0000 7047     		bx	lr
 174              		.cfi_endproc
 175              	.LFE71:
 177              		.section	.text.PendSV_Handler,"ax",%progbits
 178              		.align	1
 179              		.global	PendSV_Handler
 180              		.syntax unified
 181              		.thumb
 182              		.thumb_func
 183              		.fpu softvfp
 185              	PendSV_Handler:
ARM GAS  C:\Users\Korisnik\AppData\Local\Temp\cc5JTnqb.s 			page 7


 186              	.LFB72:
 168:Core/Src/stm32f1xx_it.c **** 
 169:Core/Src/stm32f1xx_it.c **** /**
 170:Core/Src/stm32f1xx_it.c ****   * @brief This function handles Pendable request for system service.
 171:Core/Src/stm32f1xx_it.c ****   */
 172:Core/Src/stm32f1xx_it.c **** void PendSV_Handler(void)
 173:Core/Src/stm32f1xx_it.c **** {
 187              		.loc 1 173 1 view -0
 188              		.cfi_startproc
 189              		@ args = 0, pretend = 0, frame = 0
 190              		@ frame_needed = 0, uses_anonymous_args = 0
 191              		@ link register save eliminated.
 174:Core/Src/stm32f1xx_it.c ****   /* USER CODE BEGIN PendSV_IRQn 0 */
 175:Core/Src/stm32f1xx_it.c **** 
 176:Core/Src/stm32f1xx_it.c ****   /* USER CODE END PendSV_IRQn 0 */
 177:Core/Src/stm32f1xx_it.c ****   /* USER CODE BEGIN PendSV_IRQn 1 */
 178:Core/Src/stm32f1xx_it.c **** 
 179:Core/Src/stm32f1xx_it.c ****   /* USER CODE END PendSV_IRQn 1 */
 180:Core/Src/stm32f1xx_it.c **** }
 192              		.loc 1 180 1 view .LVU25
 193 0000 7047     		bx	lr
 194              		.cfi_endproc
 195              	.LFE72:
 197              		.section	.text.SysTick_Handler,"ax",%progbits
 198              		.align	1
 199              		.global	SysTick_Handler
 200              		.syntax unified
 201              		.thumb
 202              		.thumb_func
 203              		.fpu softvfp
 205              	SysTick_Handler:
 206              	.LFB73:
 181:Core/Src/stm32f1xx_it.c **** 
 182:Core/Src/stm32f1xx_it.c **** /**
 183:Core/Src/stm32f1xx_it.c ****   * @brief This function handles System tick timer.
 184:Core/Src/stm32f1xx_it.c ****   */
 185:Core/Src/stm32f1xx_it.c **** void SysTick_Handler(void)
 186:Core/Src/stm32f1xx_it.c **** {
 207              		.loc 1 186 1 view -0
 208              		.cfi_startproc
 209              		@ args = 0, pretend = 0, frame = 0
 210              		@ frame_needed = 0, uses_anonymous_args = 0
 211 0000 08B5     		push	{r3, lr}
 212              	.LCFI0:
 213              		.cfi_def_cfa_offset 8
 214              		.cfi_offset 3, -8
 215              		.cfi_offset 14, -4
 187:Core/Src/stm32f1xx_it.c ****   /* USER CODE BEGIN SysTick_IRQn 0 */
 188:Core/Src/stm32f1xx_it.c **** 
 189:Core/Src/stm32f1xx_it.c ****   /* USER CODE END SysTick_IRQn 0 */
 190:Core/Src/stm32f1xx_it.c ****   HAL_IncTick();
 216              		.loc 1 190 3 view .LVU27
 217 0002 FFF7FEFF 		bl	HAL_IncTick
 218              	.LVL0:
 191:Core/Src/stm32f1xx_it.c ****   /* USER CODE BEGIN SysTick_IRQn 1 */
 192:Core/Src/stm32f1xx_it.c **** 
 193:Core/Src/stm32f1xx_it.c ****   /* USER CODE END SysTick_IRQn 1 */
ARM GAS  C:\Users\Korisnik\AppData\Local\Temp\cc5JTnqb.s 			page 8


 194:Core/Src/stm32f1xx_it.c **** }
 219              		.loc 1 194 1 is_stmt 0 view .LVU28
 220 0006 08BD     		pop	{r3, pc}
 221              		.cfi_endproc
 222              	.LFE73:
 224              		.section	.text.TIM1_UP_IRQHandler,"ax",%progbits
 225              		.align	1
 226              		.global	TIM1_UP_IRQHandler
 227              		.syntax unified
 228              		.thumb
 229              		.thumb_func
 230              		.fpu softvfp
 232              	TIM1_UP_IRQHandler:
 233              	.LFB74:
 195:Core/Src/stm32f1xx_it.c **** 
 196:Core/Src/stm32f1xx_it.c **** /******************************************************************************/
 197:Core/Src/stm32f1xx_it.c **** /* STM32F1xx Peripheral Interrupt Handlers                                    */
 198:Core/Src/stm32f1xx_it.c **** /* Add here the Interrupt Handlers for the used peripherals.                  */
 199:Core/Src/stm32f1xx_it.c **** /* For the available peripheral interrupt handler names,                      */
 200:Core/Src/stm32f1xx_it.c **** /* please refer to the startup file (startup_stm32f1xx.s).                    */
 201:Core/Src/stm32f1xx_it.c **** /******************************************************************************/
 202:Core/Src/stm32f1xx_it.c **** 
 203:Core/Src/stm32f1xx_it.c **** /**
 204:Core/Src/stm32f1xx_it.c ****   * @brief This function handles TIM1 update interrupt.
 205:Core/Src/stm32f1xx_it.c ****   */
 206:Core/Src/stm32f1xx_it.c **** void TIM1_UP_IRQHandler(void)
 207:Core/Src/stm32f1xx_it.c **** {
 234              		.loc 1 207 1 is_stmt 1 view -0
 235              		.cfi_startproc
 236              		@ args = 0, pretend = 0, frame = 0
 237              		@ frame_needed = 0, uses_anonymous_args = 0
 238 0000 08B5     		push	{r3, lr}
 239              	.LCFI1:
 240              		.cfi_def_cfa_offset 8
 241              		.cfi_offset 3, -8
 242              		.cfi_offset 14, -4
 208:Core/Src/stm32f1xx_it.c ****   /* USER CODE BEGIN TIM1_UP_IRQn 0 */
 209:Core/Src/stm32f1xx_it.c **** 
 210:Core/Src/stm32f1xx_it.c ****   /* USER CODE END TIM1_UP_IRQn 0 */
 211:Core/Src/stm32f1xx_it.c ****   HAL_TIM_IRQHandler(&htim1);
 243              		.loc 1 211 3 view .LVU30
 244 0002 0248     		ldr	r0, .L18
 245 0004 FFF7FEFF 		bl	HAL_TIM_IRQHandler
 246              	.LVL1:
 212:Core/Src/stm32f1xx_it.c ****   /* USER CODE BEGIN TIM1_UP_IRQn 1 */
 213:Core/Src/stm32f1xx_it.c **** 
 214:Core/Src/stm32f1xx_it.c ****   /* USER CODE END TIM1_UP_IRQn 1 */
 215:Core/Src/stm32f1xx_it.c **** }
 247              		.loc 1 215 1 is_stmt 0 view .LVU31
 248 0008 08BD     		pop	{r3, pc}
 249              	.L19:
 250 000a 00BF     		.align	2
 251              	.L18:
 252 000c 00000000 		.word	htim1
 253              		.cfi_endproc
 254              	.LFE74:
 256              		.section	.text.TIM1_CC_IRQHandler,"ax",%progbits
ARM GAS  C:\Users\Korisnik\AppData\Local\Temp\cc5JTnqb.s 			page 9


 257              		.align	1
 258              		.global	TIM1_CC_IRQHandler
 259              		.syntax unified
 260              		.thumb
 261              		.thumb_func
 262              		.fpu softvfp
 264              	TIM1_CC_IRQHandler:
 265              	.LFB75:
 216:Core/Src/stm32f1xx_it.c **** 
 217:Core/Src/stm32f1xx_it.c **** /**
 218:Core/Src/stm32f1xx_it.c ****   * @brief This function handles TIM1 capture compare interrupt.
 219:Core/Src/stm32f1xx_it.c ****   */
 220:Core/Src/stm32f1xx_it.c **** void TIM1_CC_IRQHandler(void)
 221:Core/Src/stm32f1xx_it.c **** {
 266              		.loc 1 221 1 is_stmt 1 view -0
 267              		.cfi_startproc
 268              		@ args = 0, pretend = 0, frame = 0
 269              		@ frame_needed = 0, uses_anonymous_args = 0
 270 0000 08B5     		push	{r3, lr}
 271              	.LCFI2:
 272              		.cfi_def_cfa_offset 8
 273              		.cfi_offset 3, -8
 274              		.cfi_offset 14, -4
 222:Core/Src/stm32f1xx_it.c ****   /* USER CODE BEGIN TIM1_CC_IRQn 0 */
 223:Core/Src/stm32f1xx_it.c **** 
 224:Core/Src/stm32f1xx_it.c ****   /* USER CODE END TIM1_CC_IRQn 0 */
 225:Core/Src/stm32f1xx_it.c ****   HAL_TIM_IRQHandler(&htim1);
 275              		.loc 1 225 3 view .LVU33
 276 0002 0248     		ldr	r0, .L22
 277 0004 FFF7FEFF 		bl	HAL_TIM_IRQHandler
 278              	.LVL2:
 226:Core/Src/stm32f1xx_it.c ****   /* USER CODE BEGIN TIM1_CC_IRQn 1 */
 227:Core/Src/stm32f1xx_it.c **** 
 228:Core/Src/stm32f1xx_it.c ****   /* USER CODE END TIM1_CC_IRQn 1 */
 229:Core/Src/stm32f1xx_it.c **** }
 279              		.loc 1 229 1 is_stmt 0 view .LVU34
 280 0008 08BD     		pop	{r3, pc}
 281              	.L23:
 282 000a 00BF     		.align	2
 283              	.L22:
 284 000c 00000000 		.word	htim1
 285              		.cfi_endproc
 286              	.LFE75:
 288              		.section	.text.TIM3_IRQHandler,"ax",%progbits
 289              		.align	1
 290              		.global	TIM3_IRQHandler
 291              		.syntax unified
 292              		.thumb
 293              		.thumb_func
 294              		.fpu softvfp
 296              	TIM3_IRQHandler:
 297              	.LFB76:
 230:Core/Src/stm32f1xx_it.c **** 
 231:Core/Src/stm32f1xx_it.c **** /**
 232:Core/Src/stm32f1xx_it.c ****   * @brief This function handles TIM3 global interrupt.
 233:Core/Src/stm32f1xx_it.c ****   */
 234:Core/Src/stm32f1xx_it.c **** void TIM3_IRQHandler(void)
ARM GAS  C:\Users\Korisnik\AppData\Local\Temp\cc5JTnqb.s 			page 10


 235:Core/Src/stm32f1xx_it.c **** {
 298              		.loc 1 235 1 is_stmt 1 view -0
 299              		.cfi_startproc
 300              		@ args = 0, pretend = 0, frame = 0
 301              		@ frame_needed = 0, uses_anonymous_args = 0
 302 0000 08B5     		push	{r3, lr}
 303              	.LCFI3:
 304              		.cfi_def_cfa_offset 8
 305              		.cfi_offset 3, -8
 306              		.cfi_offset 14, -4
 236:Core/Src/stm32f1xx_it.c ****   /* USER CODE BEGIN TIM3_IRQn 0 */
 237:Core/Src/stm32f1xx_it.c **** 
 238:Core/Src/stm32f1xx_it.c ****   /* USER CODE END TIM3_IRQn 0 */
 239:Core/Src/stm32f1xx_it.c ****   HAL_TIM_IRQHandler(&htim3);
 307              		.loc 1 239 3 view .LVU36
 308 0002 0248     		ldr	r0, .L26
 309 0004 FFF7FEFF 		bl	HAL_TIM_IRQHandler
 310              	.LVL3:
 240:Core/Src/stm32f1xx_it.c ****   /* USER CODE BEGIN TIM3_IRQn 1 */
 241:Core/Src/stm32f1xx_it.c **** 
 242:Core/Src/stm32f1xx_it.c ****   /* USER CODE END TIM3_IRQn 1 */
 243:Core/Src/stm32f1xx_it.c **** }
 311              		.loc 1 243 1 is_stmt 0 view .LVU37
 312 0008 08BD     		pop	{r3, pc}
 313              	.L27:
 314 000a 00BF     		.align	2
 315              	.L26:
 316 000c 00000000 		.word	htim3
 317              		.cfi_endproc
 318              	.LFE76:
 320              		.section	.text.EXTI15_10_IRQHandler,"ax",%progbits
 321              		.align	1
 322              		.global	EXTI15_10_IRQHandler
 323              		.syntax unified
 324              		.thumb
 325              		.thumb_func
 326              		.fpu softvfp
 328              	EXTI15_10_IRQHandler:
 329              	.LFB77:
 244:Core/Src/stm32f1xx_it.c **** 
 245:Core/Src/stm32f1xx_it.c **** /**
 246:Core/Src/stm32f1xx_it.c ****   * @brief This function handles EXTI line[15:10] interrupts.
 247:Core/Src/stm32f1xx_it.c ****   */
 248:Core/Src/stm32f1xx_it.c **** void EXTI15_10_IRQHandler(void)
 249:Core/Src/stm32f1xx_it.c **** {
 330              		.loc 1 249 1 is_stmt 1 view -0
 331              		.cfi_startproc
 332              		@ args = 0, pretend = 0, frame = 0
 333              		@ frame_needed = 0, uses_anonymous_args = 0
 334 0000 08B5     		push	{r3, lr}
 335              	.LCFI4:
 336              		.cfi_def_cfa_offset 8
 337              		.cfi_offset 3, -8
 338              		.cfi_offset 14, -4
 250:Core/Src/stm32f1xx_it.c ****   /* USER CODE BEGIN EXTI15_10_IRQn 0 */
 251:Core/Src/stm32f1xx_it.c **** 
 252:Core/Src/stm32f1xx_it.c ****   /* USER CODE END EXTI15_10_IRQn 0 */
ARM GAS  C:\Users\Korisnik\AppData\Local\Temp\cc5JTnqb.s 			page 11


 253:Core/Src/stm32f1xx_it.c ****   HAL_GPIO_EXTI_IRQHandler(GPIO_PIN_10);
 339              		.loc 1 253 3 view .LVU39
 340 0002 4FF48060 		mov	r0, #1024
 341 0006 FFF7FEFF 		bl	HAL_GPIO_EXTI_IRQHandler
 342              	.LVL4:
 254:Core/Src/stm32f1xx_it.c ****   HAL_GPIO_EXTI_IRQHandler(GPIO_PIN_11);
 343              		.loc 1 254 3 view .LVU40
 344 000a 4FF40060 		mov	r0, #2048
 345 000e FFF7FEFF 		bl	HAL_GPIO_EXTI_IRQHandler
 346              	.LVL5:
 255:Core/Src/stm32f1xx_it.c ****   /* USER CODE BEGIN EXTI15_10_IRQn 1 */
 256:Core/Src/stm32f1xx_it.c **** 
 257:Core/Src/stm32f1xx_it.c ****   /* USER CODE END EXTI15_10_IRQn 1 */
 258:Core/Src/stm32f1xx_it.c **** }
 347              		.loc 1 258 1 is_stmt 0 view .LVU41
 348 0012 08BD     		pop	{r3, pc}
 349              		.cfi_endproc
 350              	.LFE77:
 352              		.section	.text.HAL_GPIO_EXTI_Callback,"ax",%progbits
 353              		.align	1
 354              		.global	HAL_GPIO_EXTI_Callback
 355              		.syntax unified
 356              		.thumb
 357              		.thumb_func
 358              		.fpu softvfp
 360              	HAL_GPIO_EXTI_Callback:
 361              	.LVL6:
 362              	.LFB78:
 259:Core/Src/stm32f1xx_it.c **** 
 260:Core/Src/stm32f1xx_it.c **** /* USER CODE BEGIN 1 */
 261:Core/Src/stm32f1xx_it.c **** 
 262:Core/Src/stm32f1xx_it.c **** //Override the calbback function
 263:Core/Src/stm32f1xx_it.c **** 
 264:Core/Src/stm32f1xx_it.c **** 
 265:Core/Src/stm32f1xx_it.c **** extern uint32_t update_event_counter;
 266:Core/Src/stm32f1xx_it.c **** extern uint32_t seconds;
 267:Core/Src/stm32f1xx_it.c **** extern uint32_t minutes;
 268:Core/Src/stm32f1xx_it.c **** extern uint8_t digits[];
 269:Core/Src/stm32f1xx_it.c **** extern uint8_t current_digit;
 270:Core/Src/stm32f1xx_it.c **** uint32_t volatile frequency = 0;
 271:Core/Src/stm32f1xx_it.c **** uint8_t volatile display_frequency = 0; //by default the time is displayed
 272:Core/Src/stm32f1xx_it.c **** 
 273:Core/Src/stm32f1xx_it.c **** 
 274:Core/Src/stm32f1xx_it.c **** 
 275:Core/Src/stm32f1xx_it.c **** uint32_t volatile compare_register_value = 0;
 276:Core/Src/stm32f1xx_it.c **** 
 277:Core/Src/stm32f1xx_it.c **** void HAL_GPIO_EXTI_Callback(uint16_t GPIO_Pin)
 278:Core/Src/stm32f1xx_it.c **** {
 363              		.loc 1 278 1 is_stmt 1 view -0
 364              		.cfi_startproc
 365              		@ args = 0, pretend = 0, frame = 0
 366              		@ frame_needed = 0, uses_anonymous_args = 0
 367              		.loc 1 278 1 is_stmt 0 view .LVU43
 368 0000 10B5     		push	{r4, lr}
 369              	.LCFI5:
 370              		.cfi_def_cfa_offset 8
 371              		.cfi_offset 4, -8
ARM GAS  C:\Users\Korisnik\AppData\Local\Temp\cc5JTnqb.s 			page 12


 372              		.cfi_offset 14, -4
 373 0002 0446     		mov	r4, r0
 279:Core/Src/stm32f1xx_it.c **** 	if(GPIO_Pin == GPIO_PIN_11) //PB11
 374              		.loc 1 279 2 is_stmt 1 view .LVU44
 375              		.loc 1 279 4 is_stmt 0 view .LVU45
 376 0004 B0F5006F 		cmp	r0, #2048
 377 0008 03D0     		beq	.L34
 378              	.LVL7:
 379              	.L31:
 280:Core/Src/stm32f1xx_it.c **** 	{
 281:Core/Src/stm32f1xx_it.c **** 		HAL_GPIO_TogglePin(GPIOB, GPIO_PIN_12);
 282:Core/Src/stm32f1xx_it.c **** 
 283:Core/Src/stm32f1xx_it.c **** 		update_event_counter = 0;
 284:Core/Src/stm32f1xx_it.c **** 		seconds = 0;
 285:Core/Src/stm32f1xx_it.c **** 		minutes = 0;
 286:Core/Src/stm32f1xx_it.c **** 		current_digit = 0;
 287:Core/Src/stm32f1xx_it.c **** 		digits[0] = 0;
 288:Core/Src/stm32f1xx_it.c **** 		digits[1] = 0;
 289:Core/Src/stm32f1xx_it.c **** 		digits[2] = 0;
 290:Core/Src/stm32f1xx_it.c **** 		digits[3] = 0;
 291:Core/Src/stm32f1xx_it.c **** 	}
 292:Core/Src/stm32f1xx_it.c **** 
 293:Core/Src/stm32f1xx_it.c **** 	if(GPIO_Pin == GPIO_PIN_10) //PB10
 380              		.loc 1 293 2 is_stmt 1 view .LVU46
 381              		.loc 1 293 4 is_stmt 0 view .LVU47
 382 000a B4F5806F 		cmp	r4, #1024
 383 000e 14D0     		beq	.L35
 384              	.L30:
 294:Core/Src/stm32f1xx_it.c **** 	{
 295:Core/Src/stm32f1xx_it.c **** 			//Calculate the digits of the unit, tens, hundreds, and thousands
 296:Core/Src/stm32f1xx_it.c **** 			//for the frequency to be able to display on 7-seg display
 297:Core/Src/stm32f1xx_it.c **** 			digits[0] = (frequency / 1000) % 10;
 298:Core/Src/stm32f1xx_it.c **** 			digits[1] = (frequency / 100) % 10;
 299:Core/Src/stm32f1xx_it.c **** 			digits[2] = (frequency / 10) % 10;
 300:Core/Src/stm32f1xx_it.c **** 			digits[3] = (frequency / 1) % 10;
 301:Core/Src/stm32f1xx_it.c **** 			display_frequency = display_frequency ^ 1;
 302:Core/Src/stm32f1xx_it.c **** 	}
 303:Core/Src/stm32f1xx_it.c **** }
 385              		.loc 1 303 1 view .LVU48
 386 0010 10BD     		pop	{r4, pc}
 387              	.LVL8:
 388              	.L34:
 281:Core/Src/stm32f1xx_it.c **** 
 389              		.loc 1 281 3 is_stmt 1 view .LVU49
 390 0012 4FF48051 		mov	r1, #4096
 391 0016 2548     		ldr	r0, .L36
 392              	.LVL9:
 281:Core/Src/stm32f1xx_it.c **** 
 393              		.loc 1 281 3 is_stmt 0 view .LVU50
 394 0018 FFF7FEFF 		bl	HAL_GPIO_TogglePin
 395              	.LVL10:
 283:Core/Src/stm32f1xx_it.c **** 		seconds = 0;
 396              		.loc 1 283 3 is_stmt 1 view .LVU51
 283:Core/Src/stm32f1xx_it.c **** 		seconds = 0;
 397              		.loc 1 283 24 is_stmt 0 view .LVU52
 398 001c 0023     		movs	r3, #0
 399 001e 244A     		ldr	r2, .L36+4
ARM GAS  C:\Users\Korisnik\AppData\Local\Temp\cc5JTnqb.s 			page 13


 400 0020 1360     		str	r3, [r2]
 284:Core/Src/stm32f1xx_it.c **** 		minutes = 0;
 401              		.loc 1 284 3 is_stmt 1 view .LVU53
 284:Core/Src/stm32f1xx_it.c **** 		minutes = 0;
 402              		.loc 1 284 11 is_stmt 0 view .LVU54
 403 0022 244A     		ldr	r2, .L36+8
 404 0024 1360     		str	r3, [r2]
 285:Core/Src/stm32f1xx_it.c **** 		current_digit = 0;
 405              		.loc 1 285 3 is_stmt 1 view .LVU55
 285:Core/Src/stm32f1xx_it.c **** 		current_digit = 0;
 406              		.loc 1 285 11 is_stmt 0 view .LVU56
 407 0026 244A     		ldr	r2, .L36+12
 408 0028 1360     		str	r3, [r2]
 286:Core/Src/stm32f1xx_it.c **** 		digits[0] = 0;
 409              		.loc 1 286 3 is_stmt 1 view .LVU57
 286:Core/Src/stm32f1xx_it.c **** 		digits[0] = 0;
 410              		.loc 1 286 17 is_stmt 0 view .LVU58
 411 002a 244A     		ldr	r2, .L36+16
 412 002c 1370     		strb	r3, [r2]
 287:Core/Src/stm32f1xx_it.c **** 		digits[1] = 0;
 413              		.loc 1 287 3 is_stmt 1 view .LVU59
 287:Core/Src/stm32f1xx_it.c **** 		digits[1] = 0;
 414              		.loc 1 287 13 is_stmt 0 view .LVU60
 415 002e 244A     		ldr	r2, .L36+20
 416 0030 1370     		strb	r3, [r2]
 288:Core/Src/stm32f1xx_it.c **** 		digits[2] = 0;
 417              		.loc 1 288 3 is_stmt 1 view .LVU61
 288:Core/Src/stm32f1xx_it.c **** 		digits[2] = 0;
 418              		.loc 1 288 13 is_stmt 0 view .LVU62
 419 0032 5370     		strb	r3, [r2, #1]
 289:Core/Src/stm32f1xx_it.c **** 		digits[3] = 0;
 420              		.loc 1 289 3 is_stmt 1 view .LVU63
 289:Core/Src/stm32f1xx_it.c **** 		digits[3] = 0;
 421              		.loc 1 289 13 is_stmt 0 view .LVU64
 422 0034 9370     		strb	r3, [r2, #2]
 290:Core/Src/stm32f1xx_it.c **** 	}
 423              		.loc 1 290 3 is_stmt 1 view .LVU65
 290:Core/Src/stm32f1xx_it.c **** 	}
 424              		.loc 1 290 13 is_stmt 0 view .LVU66
 425 0036 D370     		strb	r3, [r2, #3]
 426 0038 E7E7     		b	.L31
 427              	.L35:
 297:Core/Src/stm32f1xx_it.c **** 			digits[1] = (frequency / 100) % 10;
 428              		.loc 1 297 4 is_stmt 1 view .LVU67
 297:Core/Src/stm32f1xx_it.c **** 			digits[1] = (frequency / 100) % 10;
 429              		.loc 1 297 27 is_stmt 0 view .LVU68
 430 003a 224C     		ldr	r4, .L36+24
 431 003c 2168     		ldr	r1, [r4]
 432 003e 224B     		ldr	r3, .L36+28
 433 0040 A3FB0131 		umull	r3, r1, r3, r1
 434 0044 8909     		lsrs	r1, r1, #6
 297:Core/Src/stm32f1xx_it.c **** 			digits[1] = (frequency / 100) % 10;
 435              		.loc 1 297 35 view .LVU69
 436 0046 214B     		ldr	r3, .L36+32
 437 0048 A3FB0102 		umull	r0, r2, r3, r1
 438 004c D208     		lsrs	r2, r2, #3
 439 004e 02EB8202 		add	r2, r2, r2, lsl #2
ARM GAS  C:\Users\Korisnik\AppData\Local\Temp\cc5JTnqb.s 			page 14


 440 0052 A1EB4202 		sub	r2, r1, r2, lsl #1
 297:Core/Src/stm32f1xx_it.c **** 			digits[1] = (frequency / 100) % 10;
 441              		.loc 1 297 14 view .LVU70
 442 0056 1A48     		ldr	r0, .L36+20
 443 0058 0270     		strb	r2, [r0]
 298:Core/Src/stm32f1xx_it.c **** 			digits[2] = (frequency / 10) % 10;
 444              		.loc 1 298 4 is_stmt 1 view .LVU71
 298:Core/Src/stm32f1xx_it.c **** 			digits[2] = (frequency / 10) % 10;
 445              		.loc 1 298 27 is_stmt 0 view .LVU72
 446 005a 2168     		ldr	r1, [r4]
 447 005c 1C4A     		ldr	r2, .L36+36
 448 005e A2FB0121 		umull	r2, r1, r2, r1
 449 0062 4909     		lsrs	r1, r1, #5
 298:Core/Src/stm32f1xx_it.c **** 			digits[2] = (frequency / 10) % 10;
 450              		.loc 1 298 34 view .LVU73
 451 0064 A3FB01C2 		umull	ip, r2, r3, r1
 452 0068 D208     		lsrs	r2, r2, #3
 453 006a 02EB8202 		add	r2, r2, r2, lsl #2
 454 006e A1EB4202 		sub	r2, r1, r2, lsl #1
 298:Core/Src/stm32f1xx_it.c **** 			digits[2] = (frequency / 10) % 10;
 455              		.loc 1 298 14 view .LVU74
 456 0072 4270     		strb	r2, [r0, #1]
 299:Core/Src/stm32f1xx_it.c **** 			digits[3] = (frequency / 1) % 10;
 457              		.loc 1 299 4 is_stmt 1 view .LVU75
 299:Core/Src/stm32f1xx_it.c **** 			digits[3] = (frequency / 1) % 10;
 458              		.loc 1 299 27 is_stmt 0 view .LVU76
 459 0074 2168     		ldr	r1, [r4]
 460 0076 A3FB0121 		umull	r2, r1, r3, r1
 461 007a C908     		lsrs	r1, r1, #3
 299:Core/Src/stm32f1xx_it.c **** 			digits[3] = (frequency / 1) % 10;
 462              		.loc 1 299 33 view .LVU77
 463 007c A3FB01C2 		umull	ip, r2, r3, r1
 464 0080 D208     		lsrs	r2, r2, #3
 465 0082 02EB8202 		add	r2, r2, r2, lsl #2
 466 0086 A1EB4202 		sub	r2, r1, r2, lsl #1
 299:Core/Src/stm32f1xx_it.c **** 			digits[3] = (frequency / 1) % 10;
 467              		.loc 1 299 14 view .LVU78
 468 008a 8270     		strb	r2, [r0, #2]
 300:Core/Src/stm32f1xx_it.c **** 			display_frequency = display_frequency ^ 1;
 469              		.loc 1 300 4 is_stmt 1 view .LVU79
 300:Core/Src/stm32f1xx_it.c **** 			display_frequency = display_frequency ^ 1;
 470              		.loc 1 300 27 is_stmt 0 view .LVU80
 471 008c 2268     		ldr	r2, [r4]
 300:Core/Src/stm32f1xx_it.c **** 			display_frequency = display_frequency ^ 1;
 472              		.loc 1 300 32 view .LVU81
 473 008e A3FB0213 		umull	r1, r3, r3, r2
 474 0092 DB08     		lsrs	r3, r3, #3
 475 0094 03EB8303 		add	r3, r3, r3, lsl #2
 476 0098 A2EB4303 		sub	r3, r2, r3, lsl #1
 300:Core/Src/stm32f1xx_it.c **** 			display_frequency = display_frequency ^ 1;
 477              		.loc 1 300 14 view .LVU82
 478 009c C370     		strb	r3, [r0, #3]
 301:Core/Src/stm32f1xx_it.c **** 	}
 479              		.loc 1 301 4 is_stmt 1 view .LVU83
 301:Core/Src/stm32f1xx_it.c **** 	}
 480              		.loc 1 301 22 is_stmt 0 view .LVU84
 481 009e 0D4A     		ldr	r2, .L36+40
ARM GAS  C:\Users\Korisnik\AppData\Local\Temp\cc5JTnqb.s 			page 15


 482 00a0 1378     		ldrb	r3, [r2]	@ zero_extendqisi2
 483 00a2 83F00103 		eor	r3, r3, #1
 484 00a6 1370     		strb	r3, [r2]
 485              		.loc 1 303 1 view .LVU85
 486 00a8 B2E7     		b	.L30
 487              	.L37:
 488 00aa 00BF     		.align	2
 489              	.L36:
 490 00ac 000C0140 		.word	1073810432
 491 00b0 00000000 		.word	update_event_counter
 492 00b4 00000000 		.word	seconds
 493 00b8 00000000 		.word	minutes
 494 00bc 00000000 		.word	current_digit
 495 00c0 00000000 		.word	digits
 496 00c4 00000000 		.word	.LANCHOR0
 497 00c8 D34D6210 		.word	274877907
 498 00cc CDCCCCCC 		.word	-858993459
 499 00d0 1F85EB51 		.word	1374389535
 500 00d4 00000000 		.word	.LANCHOR1
 501              		.cfi_endproc
 502              	.LFE78:
 504              		.section	.text.HAL_TIM_IC_CaptureCallback,"ax",%progbits
 505              		.align	1
 506              		.global	HAL_TIM_IC_CaptureCallback
 507              		.syntax unified
 508              		.thumb
 509              		.thumb_func
 510              		.fpu softvfp
 512              	HAL_TIM_IC_CaptureCallback:
 513              	.LVL11:
 514              	.LFB79:
 304:Core/Src/stm32f1xx_it.c **** 
 305:Core/Src/stm32f1xx_it.c **** //frequency of generator
 306:Core/Src/stm32f1xx_it.c **** 
 307:Core/Src/stm32f1xx_it.c **** //mHz: 8000 * 1000
 308:Core/Src/stm32f1xx_it.c **** #define FREQUENCY_CNT_CLK 8000000
 309:Core/Src/stm32f1xx_it.c **** #define ARR	79
 310:Core/Src/stm32f1xx_it.c **** 
 311:Core/Src/stm32f1xx_it.c **** typedef enum
 312:Core/Src/stm32f1xx_it.c **** {
 313:Core/Src/stm32f1xx_it.c **** 	WAIT_INITIAL_RISING_EDGE, WAIT_PERIOD_END
 314:Core/Src/stm32f1xx_it.c **** } PeriodStateMachine;
 315:Core/Src/stm32f1xx_it.c **** 
 316:Core/Src/stm32f1xx_it.c **** PeriodStateMachine state = WAIT_INITIAL_RISING_EDGE;
 317:Core/Src/stm32f1xx_it.c **** uint16_t volatile timestampStart = 0;
 318:Core/Src/stm32f1xx_it.c **** uint16_t volatile timestampEnd = 0;
 319:Core/Src/stm32f1xx_it.c **** uint32_t volatile ticksElapsedPeriod = 0;
 320:Core/Src/stm32f1xx_it.c **** uint32_t volatile overflow_counter_counter = 0;
 321:Core/Src/stm32f1xx_it.c **** 
 322:Core/Src/stm32f1xx_it.c **** 
 323:Core/Src/stm32f1xx_it.c **** void HAL_TIM_IC_CaptureCallback(TIM_HandleTypeDef *htim)
 324:Core/Src/stm32f1xx_it.c **** {
 515              		.loc 1 324 1 is_stmt 1 view -0
 516              		.cfi_startproc
 517              		@ args = 0, pretend = 0, frame = 0
 518              		@ frame_needed = 0, uses_anonymous_args = 0
 519              		@ link register save eliminated.
ARM GAS  C:\Users\Korisnik\AppData\Local\Temp\cc5JTnqb.s 			page 16


 325:Core/Src/stm32f1xx_it.c **** 	switch(state)
 520              		.loc 1 325 2 view .LVU87
 521 0000 224B     		ldr	r3, .L47
 522 0002 1B78     		ldrb	r3, [r3]	@ zero_extendqisi2
 523 0004 13B1     		cbz	r3, .L39
 524 0006 012B     		cmp	r3, #1
 525 0008 14D0     		beq	.L40
 526 000a 7047     		bx	lr
 527              	.L39:
 326:Core/Src/stm32f1xx_it.c **** 	{
 327:Core/Src/stm32f1xx_it.c **** 	case WAIT_INITIAL_RISING_EDGE:
 328:Core/Src/stm32f1xx_it.c **** 		if(htim->Instance == TIM1 && htim->Channel == HAL_TIM_ACTIVE_CHANNEL_1)
 528              		.loc 1 328 3 view .LVU88
 529              		.loc 1 328 10 is_stmt 0 view .LVU89
 530 000c 0268     		ldr	r2, [r0]
 531              		.loc 1 328 5 view .LVU90
 532 000e 204B     		ldr	r3, .L47+4
 533 0010 9A42     		cmp	r2, r3
 534 0012 00D0     		beq	.L46
 535              	.L43:
 536              		.loc 1 328 5 view .LVU91
 537 0014 7047     		bx	lr
 538              	.L46:
 539              		.loc 1 328 36 discriminator 1 view .LVU92
 540 0016 037F     		ldrb	r3, [r0, #28]	@ zero_extendqisi2
 541              		.loc 1 328 29 discriminator 1 view .LVU93
 542 0018 012B     		cmp	r3, #1
 543 001a FBD1     		bne	.L43
 329:Core/Src/stm32f1xx_it.c **** 		{
 330:Core/Src/stm32f1xx_it.c **** 			timestampStart = TIM1->CCR1;
 544              		.loc 1 330 4 is_stmt 1 view .LVU94
 545              		.loc 1 330 25 is_stmt 0 view .LVU95
 546 001c 1C4B     		ldr	r3, .L47+4
 547 001e 5B6B     		ldr	r3, [r3, #52]
 548              		.loc 1 330 19 view .LVU96
 549 0020 9BB2     		uxth	r3, r3
 550 0022 1C4A     		ldr	r2, .L47+8
 551 0024 1380     		strh	r3, [r2]	@ movhi
 331:Core/Src/stm32f1xx_it.c **** 
 332:Core/Src/stm32f1xx_it.c **** 			//preparing for the next period
 333:Core/Src/stm32f1xx_it.c **** 			overflow_counter_counter = 0;
 552              		.loc 1 333 4 is_stmt 1 view .LVU97
 553              		.loc 1 333 29 is_stmt 0 view .LVU98
 554 0026 1C4B     		ldr	r3, .L47+12
 555 0028 0022     		movs	r2, #0
 556 002a 1A60     		str	r2, [r3]
 334:Core/Src/stm32f1xx_it.c **** 			state = WAIT_PERIOD_END;
 557              		.loc 1 334 4 is_stmt 1 view .LVU99
 558              		.loc 1 334 10 is_stmt 0 view .LVU100
 559 002c 174B     		ldr	r3, .L47
 560 002e 0122     		movs	r2, #1
 561 0030 1A70     		strb	r2, [r3]
 562 0032 7047     		bx	lr
 563              	.L40:
 335:Core/Src/stm32f1xx_it.c **** 		}
 336:Core/Src/stm32f1xx_it.c **** 		break;
 337:Core/Src/stm32f1xx_it.c **** 	case WAIT_PERIOD_END:
ARM GAS  C:\Users\Korisnik\AppData\Local\Temp\cc5JTnqb.s 			page 17


 338:Core/Src/stm32f1xx_it.c **** 		if(htim->Instance == TIM1 && htim->Channel == HAL_TIM_ACTIVE_CHANNEL_1)
 564              		.loc 1 338 3 is_stmt 1 view .LVU101
 565              		.loc 1 338 10 is_stmt 0 view .LVU102
 566 0034 0268     		ldr	r2, [r0]
 567              		.loc 1 338 5 view .LVU103
 568 0036 164B     		ldr	r3, .L47+4
 569 0038 9A42     		cmp	r2, r3
 570 003a EBD1     		bne	.L43
 571              		.loc 1 338 36 discriminator 1 view .LVU104
 572 003c 037F     		ldrb	r3, [r0, #28]	@ zero_extendqisi2
 573              		.loc 1 338 29 discriminator 1 view .LVU105
 574 003e 012B     		cmp	r3, #1
 575 0040 E8D1     		bne	.L43
 324:Core/Src/stm32f1xx_it.c **** 	switch(state)
 576              		.loc 1 324 1 view .LVU106
 577 0042 10B4     		push	{r4}
 578              	.LCFI6:
 579              		.cfi_def_cfa_offset 4
 580              		.cfi_offset 4, -4
 339:Core/Src/stm32f1xx_it.c **** 		{
 340:Core/Src/stm32f1xx_it.c **** 			timestampEnd = TIM1->CCR1;
 581              		.loc 1 340 4 is_stmt 1 view .LVU107
 582              		.loc 1 340 23 is_stmt 0 view .LVU108
 583 0044 124B     		ldr	r3, .L47+4
 584 0046 5B6B     		ldr	r3, [r3, #52]
 585              		.loc 1 340 17 view .LVU109
 586 0048 9BB2     		uxth	r3, r3
 587 004a 1449     		ldr	r1, .L47+16
 588 004c 0B80     		strh	r3, [r1]	@ movhi
 341:Core/Src/stm32f1xx_it.c **** 			ticksElapsedPeriod = (timestampEnd + overflow_counter_counter *  ARR) - timestampStart;
 589              		.loc 1 341 4 is_stmt 1 view .LVU110
 590              		.loc 1 341 39 is_stmt 0 view .LVU111
 591 004e 0B88     		ldrh	r3, [r1]
 592 0050 9BB2     		uxth	r3, r3
 593              		.loc 1 341 66 view .LVU112
 594 0052 1148     		ldr	r0, .L47+12
 595              	.LVL12:
 596              		.loc 1 341 66 view .LVU113
 597 0054 0268     		ldr	r2, [r0]
 598 0056 02EB8204 		add	r4, r2, r2, lsl #2
 599 005a C2EB0412 		rsb	r2, r2, r4, lsl #4
 600              		.loc 1 341 39 view .LVU114
 601 005e 1344     		add	r3, r3, r2
 602              		.loc 1 341 74 view .LVU115
 603 0060 0C4C     		ldr	r4, .L47+8
 604 0062 2288     		ldrh	r2, [r4]
 605 0064 92B2     		uxth	r2, r2
 606 0066 9B1A     		subs	r3, r3, r2
 607              		.loc 1 341 23 view .LVU116
 608 0068 0D4A     		ldr	r2, .L47+20
 609 006a 1360     		str	r3, [r2]
 342:Core/Src/stm32f1xx_it.c **** 			frequency = (uint32_t)(FREQUENCY_CNT_CLK / ticksElapsedPeriod);
 610              		.loc 1 342 4 is_stmt 1 view .LVU117
 611              		.loc 1 342 16 is_stmt 0 view .LVU118
 612 006c 1268     		ldr	r2, [r2]
 613 006e 0D4B     		ldr	r3, .L47+24
 614 0070 B3FBF2F3 		udiv	r3, r3, r2
ARM GAS  C:\Users\Korisnik\AppData\Local\Temp\cc5JTnqb.s 			page 18


 615              		.loc 1 342 14 view .LVU119
 616 0074 0C4A     		ldr	r2, .L47+28
 617 0076 1360     		str	r3, [r2]
 343:Core/Src/stm32f1xx_it.c **** 
 344:Core/Src/stm32f1xx_it.c **** 			//preparing for the next period
 345:Core/Src/stm32f1xx_it.c **** 			timestampStart = timestampEnd;
 618              		.loc 1 345 4 is_stmt 1 view .LVU120
 619              		.loc 1 345 19 is_stmt 0 view .LVU121
 620 0078 0B88     		ldrh	r3, [r1]
 621 007a 9BB2     		uxth	r3, r3
 622 007c 2380     		strh	r3, [r4]	@ movhi
 346:Core/Src/stm32f1xx_it.c **** 			overflow_counter_counter = 0;
 623              		.loc 1 346 4 is_stmt 1 view .LVU122
 624              		.loc 1 346 29 is_stmt 0 view .LVU123
 625 007e 0023     		movs	r3, #0
 626 0080 0360     		str	r3, [r0]
 347:Core/Src/stm32f1xx_it.c **** 			state = WAIT_PERIOD_END;
 627              		.loc 1 347 4 is_stmt 1 view .LVU124
 628              		.loc 1 347 10 is_stmt 0 view .LVU125
 629 0082 024B     		ldr	r3, .L47
 630 0084 0122     		movs	r2, #1
 631 0086 1A70     		strb	r2, [r3]
 348:Core/Src/stm32f1xx_it.c **** 		}
 349:Core/Src/stm32f1xx_it.c **** 		break;
 350:Core/Src/stm32f1xx_it.c **** 	}
 351:Core/Src/stm32f1xx_it.c **** }
 632              		.loc 1 351 1 view .LVU126
 633 0088 10BC     		pop	{r4}
 634              	.LCFI7:
 635              		.cfi_restore 4
 636              		.cfi_def_cfa_offset 0
 637 008a 7047     		bx	lr
 638              	.L48:
 639              		.align	2
 640              	.L47:
 641 008c 00000000 		.word	.LANCHOR2
 642 0090 002C0140 		.word	1073818624
 643 0094 00000000 		.word	.LANCHOR3
 644 0098 00000000 		.word	.LANCHOR4
 645 009c 00000000 		.word	.LANCHOR5
 646 00a0 00000000 		.word	.LANCHOR6
 647 00a4 00127A00 		.word	8000000
 648 00a8 00000000 		.word	.LANCHOR0
 649              		.cfi_endproc
 650              	.LFE79:
 652              		.section	.text.HAL_TIM_OC_DelayElapsedCallback,"ax",%progbits
 653              		.align	1
 654              		.global	HAL_TIM_OC_DelayElapsedCallback
 655              		.syntax unified
 656              		.thumb
 657              		.thumb_func
 658              		.fpu softvfp
 660              	HAL_TIM_OC_DelayElapsedCallback:
 661              	.LVL13:
 662              	.LFB80:
 352:Core/Src/stm32f1xx_it.c **** 
 353:Core/Src/stm32f1xx_it.c **** 
ARM GAS  C:\Users\Korisnik\AppData\Local\Temp\cc5JTnqb.s 			page 19


 354:Core/Src/stm32f1xx_it.c **** uint8_t ON_OFF = 0; //LED off
 355:Core/Src/stm32f1xx_it.c **** #define TIME_OFF 3999
 356:Core/Src/stm32f1xx_it.c **** #define TIME_ON 11999
 357:Core/Src/stm32f1xx_it.c **** 
 358:Core/Src/stm32f1xx_it.c **** void HAL_TIM_OC_DelayElapsedCallback(TIM_HandleTypeDef *htim)
 359:Core/Src/stm32f1xx_it.c **** {
 663              		.loc 1 359 1 is_stmt 1 view -0
 664              		.cfi_startproc
 665              		@ args = 0, pretend = 0, frame = 0
 666              		@ frame_needed = 0, uses_anonymous_args = 0
 667              		@ link register save eliminated.
 360:Core/Src/stm32f1xx_it.c **** 	if(htim->Instance == TIM3)
 668              		.loc 1 360 2 view .LVU128
 669              		.loc 1 360 9 is_stmt 0 view .LVU129
 670 0000 0368     		ldr	r3, [r0]
 671              		.loc 1 360 4 view .LVU130
 672 0002 0B4A     		ldr	r2, .L54
 673 0004 9342     		cmp	r3, r2
 674 0006 00D0     		beq	.L53
 675              	.L49:
 361:Core/Src/stm32f1xx_it.c **** 	{
 362:Core/Src/stm32f1xx_it.c **** 		if(ON_OFF == 0)
 363:Core/Src/stm32f1xx_it.c **** 		{
 364:Core/Src/stm32f1xx_it.c **** 			htim->Instance->CCR1 = TIME_ON; //next toggle by 1,5 s
 365:Core/Src/stm32f1xx_it.c **** 		}
 366:Core/Src/stm32f1xx_it.c **** 		else
 367:Core/Src/stm32f1xx_it.c **** 		{
 368:Core/Src/stm32f1xx_it.c **** 			htim->Instance->CCR1 = TIME_OFF; //next toggle by 0,5 s
 369:Core/Src/stm32f1xx_it.c **** 		}
 370:Core/Src/stm32f1xx_it.c **** 		htim->Instance->CNT = 0;
 371:Core/Src/stm32f1xx_it.c **** 		ON_OFF = ON_OFF ^ 1;
 372:Core/Src/stm32f1xx_it.c **** 	}
 373:Core/Src/stm32f1xx_it.c **** }
 676              		.loc 1 373 1 view .LVU131
 677 0008 7047     		bx	lr
 678              	.L53:
 362:Core/Src/stm32f1xx_it.c **** 		{
 679              		.loc 1 362 3 is_stmt 1 view .LVU132
 362:Core/Src/stm32f1xx_it.c **** 		{
 680              		.loc 1 362 13 is_stmt 0 view .LVU133
 681 000a 0A4A     		ldr	r2, .L54+4
 682 000c 1278     		ldrb	r2, [r2]	@ zero_extendqisi2
 362:Core/Src/stm32f1xx_it.c **** 		{
 683              		.loc 1 362 5 view .LVU134
 684 000e 52B9     		cbnz	r2, .L51
 364:Core/Src/stm32f1xx_it.c **** 		}
 685              		.loc 1 364 4 is_stmt 1 view .LVU135
 364:Core/Src/stm32f1xx_it.c **** 		}
 686              		.loc 1 364 25 is_stmt 0 view .LVU136
 687 0010 42F6DF61 		movw	r1, #11999
 688 0014 5963     		str	r1, [r3, #52]
 689              	.L52:
 370:Core/Src/stm32f1xx_it.c **** 		ON_OFF = ON_OFF ^ 1;
 690              		.loc 1 370 3 is_stmt 1 view .LVU137
 370:Core/Src/stm32f1xx_it.c **** 		ON_OFF = ON_OFF ^ 1;
 691              		.loc 1 370 7 is_stmt 0 view .LVU138
 692 0016 0368     		ldr	r3, [r0]
ARM GAS  C:\Users\Korisnik\AppData\Local\Temp\cc5JTnqb.s 			page 20


 370:Core/Src/stm32f1xx_it.c **** 		ON_OFF = ON_OFF ^ 1;
 693              		.loc 1 370 23 view .LVU139
 694 0018 0021     		movs	r1, #0
 695 001a 5962     		str	r1, [r3, #36]
 371:Core/Src/stm32f1xx_it.c **** 	}
 696              		.loc 1 371 3 is_stmt 1 view .LVU140
 371:Core/Src/stm32f1xx_it.c **** 	}
 697              		.loc 1 371 10 is_stmt 0 view .LVU141
 698 001c 82F00102 		eor	r2, r2, #1
 699 0020 044B     		ldr	r3, .L54+4
 700 0022 1A70     		strb	r2, [r3]
 701              		.loc 1 373 1 view .LVU142
 702 0024 F0E7     		b	.L49
 703              	.L51:
 368:Core/Src/stm32f1xx_it.c **** 		}
 704              		.loc 1 368 4 is_stmt 1 view .LVU143
 368:Core/Src/stm32f1xx_it.c **** 		}
 705              		.loc 1 368 25 is_stmt 0 view .LVU144
 706 0026 40F69F71 		movw	r1, #3999
 707 002a 5963     		str	r1, [r3, #52]
 708 002c F3E7     		b	.L52
 709              	.L55:
 710 002e 00BF     		.align	2
 711              	.L54:
 712 0030 00040040 		.word	1073742848
 713 0034 00000000 		.word	.LANCHOR7
 714              		.cfi_endproc
 715              	.LFE80:
 717              		.global	ON_OFF
 718              		.global	overflow_counter_counter
 719              		.global	ticksElapsedPeriod
 720              		.global	timestampEnd
 721              		.global	timestampStart
 722              		.global	state
 723              		.global	compare_register_value
 724              		.global	display_frequency
 725              		.global	frequency
 726              		.section	.bss.ON_OFF,"aw",%nobits
 727              		.set	.LANCHOR7,. + 0
 730              	ON_OFF:
 731 0000 00       		.space	1
 732              		.section	.bss.compare_register_value,"aw",%nobits
 733              		.align	2
 736              	compare_register_value:
 737 0000 00000000 		.space	4
 738              		.section	.bss.display_frequency,"aw",%nobits
 739              		.set	.LANCHOR1,. + 0
 742              	display_frequency:
 743 0000 00       		.space	1
 744              		.section	.bss.frequency,"aw",%nobits
 745              		.align	2
 746              		.set	.LANCHOR0,. + 0
 749              	frequency:
 750 0000 00000000 		.space	4
 751              		.section	.bss.overflow_counter_counter,"aw",%nobits
 752              		.align	2
 753              		.set	.LANCHOR4,. + 0
ARM GAS  C:\Users\Korisnik\AppData\Local\Temp\cc5JTnqb.s 			page 21


 756              	overflow_counter_counter:
 757 0000 00000000 		.space	4
 758              		.section	.bss.state,"aw",%nobits
 759              		.set	.LANCHOR2,. + 0
 762              	state:
 763 0000 00       		.space	1
 764              		.section	.bss.ticksElapsedPeriod,"aw",%nobits
 765              		.align	2
 766              		.set	.LANCHOR6,. + 0
 769              	ticksElapsedPeriod:
 770 0000 00000000 		.space	4
 771              		.section	.bss.timestampEnd,"aw",%nobits
 772              		.align	1
 773              		.set	.LANCHOR5,. + 0
 776              	timestampEnd:
 777 0000 0000     		.space	2
 778              		.section	.bss.timestampStart,"aw",%nobits
 779              		.align	1
 780              		.set	.LANCHOR3,. + 0
 783              	timestampStart:
 784 0000 0000     		.space	2
 785              		.text
 786              	.Letext0:
 787              		.file 2 "c:\\users\\korisnik\\desktop\\etf\\4. godina\\mips\\gnu mcu\\arm-none-eabi-gcc-10.2.1-1.1
 788              		.file 3 "c:\\users\\korisnik\\desktop\\etf\\4. godina\\mips\\gnu mcu\\arm-none-eabi-gcc-10.2.1-1.1
 789              		.file 4 "Drivers/CMSIS/Device/ST/STM32F1xx/Include/stm32f103x6.h"
 790              		.file 5 "Drivers/STM32F1xx_HAL_Driver/Inc/stm32f1xx_hal_def.h"
 791              		.file 6 "Drivers/STM32F1xx_HAL_Driver/Inc/stm32f1xx_hal_dma.h"
 792              		.file 7 "Drivers/STM32F1xx_HAL_Driver/Inc/stm32f1xx_hal_tim.h"
 793              		.file 8 "Drivers/STM32F1xx_HAL_Driver/Inc/stm32f1xx_hal_gpio.h"
 794              		.file 9 "Drivers/STM32F1xx_HAL_Driver/Inc/stm32f1xx_hal.h"
ARM GAS  C:\Users\Korisnik\AppData\Local\Temp\cc5JTnqb.s 			page 22


DEFINED SYMBOLS
                            *ABS*:0000000000000000 stm32f1xx_it.c
C:\Users\Korisnik\AppData\Local\Temp\cc5JTnqb.s:16     .text.NMI_Handler:0000000000000000 $t
C:\Users\Korisnik\AppData\Local\Temp\cc5JTnqb.s:24     .text.NMI_Handler:0000000000000000 NMI_Handler
C:\Users\Korisnik\AppData\Local\Temp\cc5JTnqb.s:42     .text.HardFault_Handler:0000000000000000 $t
C:\Users\Korisnik\AppData\Local\Temp\cc5JTnqb.s:49     .text.HardFault_Handler:0000000000000000 HardFault_Handler
C:\Users\Korisnik\AppData\Local\Temp\cc5JTnqb.s:66     .text.MemManage_Handler:0000000000000000 $t
C:\Users\Korisnik\AppData\Local\Temp\cc5JTnqb.s:73     .text.MemManage_Handler:0000000000000000 MemManage_Handler
C:\Users\Korisnik\AppData\Local\Temp\cc5JTnqb.s:90     .text.BusFault_Handler:0000000000000000 $t
C:\Users\Korisnik\AppData\Local\Temp\cc5JTnqb.s:97     .text.BusFault_Handler:0000000000000000 BusFault_Handler
C:\Users\Korisnik\AppData\Local\Temp\cc5JTnqb.s:114    .text.UsageFault_Handler:0000000000000000 $t
C:\Users\Korisnik\AppData\Local\Temp\cc5JTnqb.s:121    .text.UsageFault_Handler:0000000000000000 UsageFault_Handler
C:\Users\Korisnik\AppData\Local\Temp\cc5JTnqb.s:138    .text.SVC_Handler:0000000000000000 $t
C:\Users\Korisnik\AppData\Local\Temp\cc5JTnqb.s:145    .text.SVC_Handler:0000000000000000 SVC_Handler
C:\Users\Korisnik\AppData\Local\Temp\cc5JTnqb.s:158    .text.DebugMon_Handler:0000000000000000 $t
C:\Users\Korisnik\AppData\Local\Temp\cc5JTnqb.s:165    .text.DebugMon_Handler:0000000000000000 DebugMon_Handler
C:\Users\Korisnik\AppData\Local\Temp\cc5JTnqb.s:178    .text.PendSV_Handler:0000000000000000 $t
C:\Users\Korisnik\AppData\Local\Temp\cc5JTnqb.s:185    .text.PendSV_Handler:0000000000000000 PendSV_Handler
C:\Users\Korisnik\AppData\Local\Temp\cc5JTnqb.s:198    .text.SysTick_Handler:0000000000000000 $t
C:\Users\Korisnik\AppData\Local\Temp\cc5JTnqb.s:205    .text.SysTick_Handler:0000000000000000 SysTick_Handler
C:\Users\Korisnik\AppData\Local\Temp\cc5JTnqb.s:225    .text.TIM1_UP_IRQHandler:0000000000000000 $t
C:\Users\Korisnik\AppData\Local\Temp\cc5JTnqb.s:232    .text.TIM1_UP_IRQHandler:0000000000000000 TIM1_UP_IRQHandler
C:\Users\Korisnik\AppData\Local\Temp\cc5JTnqb.s:252    .text.TIM1_UP_IRQHandler:000000000000000c $d
C:\Users\Korisnik\AppData\Local\Temp\cc5JTnqb.s:257    .text.TIM1_CC_IRQHandler:0000000000000000 $t
C:\Users\Korisnik\AppData\Local\Temp\cc5JTnqb.s:264    .text.TIM1_CC_IRQHandler:0000000000000000 TIM1_CC_IRQHandler
C:\Users\Korisnik\AppData\Local\Temp\cc5JTnqb.s:284    .text.TIM1_CC_IRQHandler:000000000000000c $d
C:\Users\Korisnik\AppData\Local\Temp\cc5JTnqb.s:289    .text.TIM3_IRQHandler:0000000000000000 $t
C:\Users\Korisnik\AppData\Local\Temp\cc5JTnqb.s:296    .text.TIM3_IRQHandler:0000000000000000 TIM3_IRQHandler
C:\Users\Korisnik\AppData\Local\Temp\cc5JTnqb.s:316    .text.TIM3_IRQHandler:000000000000000c $d
C:\Users\Korisnik\AppData\Local\Temp\cc5JTnqb.s:321    .text.EXTI15_10_IRQHandler:0000000000000000 $t
C:\Users\Korisnik\AppData\Local\Temp\cc5JTnqb.s:328    .text.EXTI15_10_IRQHandler:0000000000000000 EXTI15_10_IRQHandler
C:\Users\Korisnik\AppData\Local\Temp\cc5JTnqb.s:353    .text.HAL_GPIO_EXTI_Callback:0000000000000000 $t
C:\Users\Korisnik\AppData\Local\Temp\cc5JTnqb.s:360    .text.HAL_GPIO_EXTI_Callback:0000000000000000 HAL_GPIO_EXTI_Callback
C:\Users\Korisnik\AppData\Local\Temp\cc5JTnqb.s:490    .text.HAL_GPIO_EXTI_Callback:00000000000000ac $d
C:\Users\Korisnik\AppData\Local\Temp\cc5JTnqb.s:505    .text.HAL_TIM_IC_CaptureCallback:0000000000000000 $t
C:\Users\Korisnik\AppData\Local\Temp\cc5JTnqb.s:512    .text.HAL_TIM_IC_CaptureCallback:0000000000000000 HAL_TIM_IC_CaptureCallback
C:\Users\Korisnik\AppData\Local\Temp\cc5JTnqb.s:641    .text.HAL_TIM_IC_CaptureCallback:000000000000008c $d
C:\Users\Korisnik\AppData\Local\Temp\cc5JTnqb.s:653    .text.HAL_TIM_OC_DelayElapsedCallback:0000000000000000 $t
C:\Users\Korisnik\AppData\Local\Temp\cc5JTnqb.s:660    .text.HAL_TIM_OC_DelayElapsedCallback:0000000000000000 HAL_TIM_OC_DelayElapsedCallback
C:\Users\Korisnik\AppData\Local\Temp\cc5JTnqb.s:712    .text.HAL_TIM_OC_DelayElapsedCallback:0000000000000030 $d
C:\Users\Korisnik\AppData\Local\Temp\cc5JTnqb.s:730    .bss.ON_OFF:0000000000000000 ON_OFF
C:\Users\Korisnik\AppData\Local\Temp\cc5JTnqb.s:756    .bss.overflow_counter_counter:0000000000000000 overflow_counter_counter
C:\Users\Korisnik\AppData\Local\Temp\cc5JTnqb.s:769    .bss.ticksElapsedPeriod:0000000000000000 ticksElapsedPeriod
C:\Users\Korisnik\AppData\Local\Temp\cc5JTnqb.s:776    .bss.timestampEnd:0000000000000000 timestampEnd
C:\Users\Korisnik\AppData\Local\Temp\cc5JTnqb.s:783    .bss.timestampStart:0000000000000000 timestampStart
C:\Users\Korisnik\AppData\Local\Temp\cc5JTnqb.s:762    .bss.state:0000000000000000 state
C:\Users\Korisnik\AppData\Local\Temp\cc5JTnqb.s:736    .bss.compare_register_value:0000000000000000 compare_register_value
C:\Users\Korisnik\AppData\Local\Temp\cc5JTnqb.s:742    .bss.display_frequency:0000000000000000 display_frequency
C:\Users\Korisnik\AppData\Local\Temp\cc5JTnqb.s:749    .bss.frequency:0000000000000000 frequency
C:\Users\Korisnik\AppData\Local\Temp\cc5JTnqb.s:731    .bss.ON_OFF:0000000000000000 $d
C:\Users\Korisnik\AppData\Local\Temp\cc5JTnqb.s:733    .bss.compare_register_value:0000000000000000 $d
C:\Users\Korisnik\AppData\Local\Temp\cc5JTnqb.s:743    .bss.display_frequency:0000000000000000 $d
C:\Users\Korisnik\AppData\Local\Temp\cc5JTnqb.s:745    .bss.frequency:0000000000000000 $d
C:\Users\Korisnik\AppData\Local\Temp\cc5JTnqb.s:752    .bss.overflow_counter_counter:0000000000000000 $d
C:\Users\Korisnik\AppData\Local\Temp\cc5JTnqb.s:763    .bss.state:0000000000000000 $d
C:\Users\Korisnik\AppData\Local\Temp\cc5JTnqb.s:765    .bss.ticksElapsedPeriod:0000000000000000 $d
C:\Users\Korisnik\AppData\Local\Temp\cc5JTnqb.s:772    .bss.timestampEnd:0000000000000000 $d
ARM GAS  C:\Users\Korisnik\AppData\Local\Temp\cc5JTnqb.s 			page 23


C:\Users\Korisnik\AppData\Local\Temp\cc5JTnqb.s:779    .bss.timestampStart:0000000000000000 $d

UNDEFINED SYMBOLS
HAL_IncTick
HAL_TIM_IRQHandler
htim1
htim3
HAL_GPIO_EXTI_IRQHandler
HAL_GPIO_TogglePin
update_event_counter
seconds
minutes
current_digit
digits
