ARM GAS  C:\Users\Korisnik\AppData\Local\Temp\ccJp1lqm.s 			page 1


   1              		.cpu cortex-m3
   2              		.eabi_attribute 20, 1
   3              		.eabi_attribute 21, 1
   4              		.eabi_attribute 23, 3
   5              		.eabi_attribute 24, 1
   6              		.eabi_attribute 25, 1
   7              		.eabi_attribute 26, 1
   8              		.eabi_attribute 30, 1
   9              		.eabi_attribute 34, 1
  10              		.eabi_attribute 18, 4
  11              		.file	"gpio.c"
  12              		.text
  13              	.Ltext0:
  14              		.cfi_sections	.debug_frame
  15              		.section	.text.MX_GPIO_Init,"ax",%progbits
  16              		.align	1
  17              		.global	MX_GPIO_Init
  18              		.arch armv7-m
  19              		.syntax unified
  20              		.thumb
  21              		.thumb_func
  22              		.fpu softvfp
  24              	MX_GPIO_Init:
  25              	.LFB65:
  26              		.file 1 "../Core/Src/gpio.c"
   1:../Core/Src/gpio.c **** 
  27              		.loc 1 37 1 view -0
  28              		.cfi_startproc
  29              		@ args = 0, pretend = 0, frame = 24
  30              		@ frame_needed = 0, uses_anonymous_args = 0
  31 0000 70B5     		push	{r4, r5, r6, lr}
  32              	.LCFI0:
  33              		.cfi_def_cfa_offset 16
  34              		.cfi_offset 4, -16
  35              		.cfi_offset 5, -12
  36              		.cfi_offset 6, -8
  37              		.cfi_offset 14, -4
  38 0002 86B0     		sub	sp, sp, #24
  39              	.LCFI1:
  40              		.cfi_def_cfa_offset 40
  41              		.loc 1 39 3 view .LVU1
  42              		.loc 1 39 20 is_stmt 0 view .LVU2
  43 0004 0024     		movs	r4, #0
  44 0006 0294     		str	r4, [sp, #8]
  45 0008 0394     		str	r4, [sp, #12]
  46 000a 0494     		str	r4, [sp, #16]
  47 000c 0594     		str	r4, [sp, #20]
  48              		.loc 1 42 3 is_stmt 1 view .LVU3
  49              	.LBB2:
  50              		.loc 1 42 3 view .LVU4
  51              		.loc 1 42 3 view .LVU5
  52 000e 154B     		ldr	r3, .L3
  53 0010 9A69     		ldr	r2, [r3, #24]
  54 0012 42F00802 		orr	r2, r2, #8
  55 0016 9A61     		str	r2, [r3, #24]
  56              		.loc 1 42 3 view .LVU6
  57 0018 9A69     		ldr	r2, [r3, #24]
ARM GAS  C:\Users\Korisnik\AppData\Local\Temp\ccJp1lqm.s 			page 2


  58 001a 02F00802 		and	r2, r2, #8
  59 001e 0092     		str	r2, [sp]
  60              		.loc 1 42 3 view .LVU7
  61 0020 009A     		ldr	r2, [sp]
  62              	.LBE2:
  63              		.loc 1 42 3 view .LVU8
  64              		.loc 1 43 3 view .LVU9
  65              	.LBB3:
  66              		.loc 1 43 3 view .LVU10
  67              		.loc 1 43 3 view .LVU11
  68 0022 9A69     		ldr	r2, [r3, #24]
  69 0024 42F00402 		orr	r2, r2, #4
  70 0028 9A61     		str	r2, [r3, #24]
  71              		.loc 1 43 3 view .LVU12
  72 002a 9B69     		ldr	r3, [r3, #24]
  73 002c 03F00403 		and	r3, r3, #4
  74 0030 0193     		str	r3, [sp, #4]
  75              		.loc 1 43 3 view .LVU13
  76 0032 019B     		ldr	r3, [sp, #4]
  77              	.LBE3:
  78              		.loc 1 43 3 view .LVU14
  79              		.loc 1 46 3 view .LVU15
  80              		.loc 1 46 23 is_stmt 0 view .LVU16
  81 0034 0323     		movs	r3, #3
  82 0036 0293     		str	r3, [sp, #8]
  83              		.loc 1 47 3 is_stmt 1 view .LVU17
  84              		.loc 1 47 24 is_stmt 0 view .LVU18
  85 0038 0B4B     		ldr	r3, .L3+4
  86 003a 0393     		str	r3, [sp, #12]
  87              		.loc 1 48 3 is_stmt 1 view .LVU19
  88              		.loc 1 49 3 view .LVU20
  89 003c 02A9     		add	r1, sp, #8
  90 003e 0B48     		ldr	r0, .L3+8
  91 0040 0B4B     		ldr	r3, .L3+12
  92 0042 9847     		blx	r3
  93              	.LVL0:
  94              		.loc 1 52 3 view .LVU21
  95 0044 2246     		mov	r2, r4
  96 0046 2146     		mov	r1, r4
  97 0048 0620     		movs	r0, #6
  98 004a 0A4E     		ldr	r6, .L3+16
  99 004c B047     		blx	r6
 100              	.LVL1:
 101              		.loc 1 53 3 view .LVU22
 102 004e 0620     		movs	r0, #6
 103 0050 094D     		ldr	r5, .L3+20
 104 0052 A847     		blx	r5
 105              	.LVL2:
 106              		.loc 1 55 3 view .LVU23
 107 0054 2246     		mov	r2, r4
 108 0056 2146     		mov	r1, r4
 109 0058 0720     		movs	r0, #7
 110 005a B047     		blx	r6
 111              	.LVL3:
 112              		.loc 1 56 3 view .LVU24
 113 005c 0720     		movs	r0, #7
 114 005e A847     		blx	r5
ARM GAS  C:\Users\Korisnik\AppData\Local\Temp\ccJp1lqm.s 			page 3


 115              	.LVL4:
 116              		.loc 1 58 1 is_stmt 0 view .LVU25
 117 0060 06B0     		add	sp, sp, #24
 118              	.LCFI2:
 119              		.cfi_def_cfa_offset 16
 120              		@ sp needed
 121 0062 70BD     		pop	{r4, r5, r6, pc}
 122              	.L4:
 123              		.align	2
 124              	.L3:
 125 0064 00100240 		.word	1073876992
 126 0068 00001110 		.word	269549568
 127 006c 000C0140 		.word	1073810432
 128 0070 00000000 		.word	HAL_GPIO_Init
 129 0074 00000000 		.word	HAL_NVIC_SetPriority
 130 0078 00000000 		.word	HAL_NVIC_EnableIRQ
 131              		.cfi_endproc
 132              	.LFE65:
 134              		.text
 135              	.Letext0:
 136              		.file 2 "../c:\\users\\korisnik\\desktop\\etf\\4. godina\\mips\\gnu mcu\\arm-none-eabi-gcc-10.2.1-
 137              		.file 3 "../c:\\users\\korisnik\\desktop\\etf\\4. godina\\mips\\gnu mcu\\arm-none-eabi-gcc-10.2.1-
 138              		.file 4 "../Drivers/CMSIS/Device/ST/STM32F1xx/Include/stm32f103x6.h"
 139              		.file 5 "../Drivers/STM32F1xx_HAL_Driver/Inc/stm32f1xx_hal_gpio.h"
 140              		.file 6 "../Drivers/STM32F1xx_HAL_Driver/Inc/stm32f1xx_hal_cortex.h"
ARM GAS  C:\Users\Korisnik\AppData\Local\Temp\ccJp1lqm.s 			page 4


DEFINED SYMBOLS
                            *ABS*:0000000000000000 gpio.c
C:\Users\Korisnik\AppData\Local\Temp\ccJp1lqm.s:16     .text.MX_GPIO_Init:0000000000000000 $t
C:\Users\Korisnik\AppData\Local\Temp\ccJp1lqm.s:24     .text.MX_GPIO_Init:0000000000000000 MX_GPIO_Init
C:\Users\Korisnik\AppData\Local\Temp\ccJp1lqm.s:125    .text.MX_GPIO_Init:0000000000000064 $d

UNDEFINED SYMBOLS
HAL_GPIO_Init
HAL_NVIC_SetPriority
HAL_NVIC_EnableIRQ
