ARM GAS  C:\Users\Korisnik\AppData\Local\Temp\cci8ppU8.s 			page 1


   1              		.cpu cortex-m3
   2              		.eabi_attribute 20, 1
   3              		.eabi_attribute 21, 1
   4              		.eabi_attribute 23, 3
   5              		.eabi_attribute 24, 1
   6              		.eabi_attribute 25, 1
   7              		.eabi_attribute 26, 1
   8              		.eabi_attribute 30, 1
   9              		.eabi_attribute 34, 1
  10              		.eabi_attribute 18, 4
  11              		.file	"main.c"
  12              		.text
  13              	.Ltext0:
  14              		.cfi_sections	.debug_frame
  15              		.section	.text.Error_Handler,"ax",%progbits
  16              		.align	1
  17              		.global	Error_Handler
  18              		.arch armv7-m
  19              		.syntax unified
  20              		.thumb
  21              		.thumb_func
  22              		.fpu softvfp
  24              	Error_Handler:
  25              	.LFB67:
  26              		.file 1 "../Core/Src/main.c"
   1:../Core/Src/main.c **** 
  27              		.loc 1 151 1 view -0
  28              		.cfi_startproc
  29              		@ Volatile: function does not return.
  30              		@ args = 0, pretend = 0, frame = 0
  31              		@ frame_needed = 0, uses_anonymous_args = 0
  32              		@ link register save eliminated.
  33              		.loc 1 154 3 view .LVU1
  34              	.LBB4:
  35              	.LBI4:
  36              		.file 2 "../Drivers/CMSIS/Include/cmsis_gcc.h"
   1:../Drivers/CMSIS/Include/cmsis_gcc.h **** 
  37              		.loc 2 140 27 view .LVU2
  38              	.LBB5:
  39              		.loc 2 142 3 view .LVU3
  40              		.syntax unified
  41              	@ 142 "Drivers/CMSIS/Include/cmsis_gcc.h" 1
  42 0000 72B6     		cpsid i
  43              	@ 0 "" 2
  44              		.thumb
  45              		.syntax unified
  46              	.L2:
  47              	.LBE5:
  48              	.LBE4:
  49              		.loc 1 155 3 discriminator 1 view .LVU4
  50              		.loc 1 157 3 discriminator 1 view .LVU5
  51              		.loc 1 155 9 discriminator 1 view .LVU6
  52 0002 FEE7     		b	.L2
  53              		.cfi_endproc
  54              	.LFE67:
  56              		.section	.text.SystemClock_Config,"ax",%progbits
  57              		.align	1
ARM GAS  C:\Users\Korisnik\AppData\Local\Temp\cci8ppU8.s 			page 2


  58              		.global	SystemClock_Config
  59              		.syntax unified
  60              		.thumb
  61              		.thumb_func
  62              		.fpu softvfp
  64              	SystemClock_Config:
  65              	.LFB66:
  66              		.loc 1 112 1 view -0
  67              		.cfi_startproc
  68              		@ args = 0, pretend = 0, frame = 64
  69              		@ frame_needed = 0, uses_anonymous_args = 0
  70 0000 00B5     		push	{lr}
  71              	.LCFI0:
  72              		.cfi_def_cfa_offset 4
  73              		.cfi_offset 14, -4
  74 0002 91B0     		sub	sp, sp, #68
  75              	.LCFI1:
  76              		.cfi_def_cfa_offset 72
  77              		.loc 1 113 3 view .LVU8
  78              		.loc 1 113 22 is_stmt 0 view .LVU9
  79 0004 2822     		movs	r2, #40
  80 0006 0021     		movs	r1, #0
  81 0008 06A8     		add	r0, sp, #24
  82 000a 124B     		ldr	r3, .L9
  83 000c 9847     		blx	r3
  84              	.LVL0:
  85              		.loc 1 114 3 is_stmt 1 view .LVU10
  86              		.loc 1 114 22 is_stmt 0 view .LVU11
  87 000e 0023     		movs	r3, #0
  88 0010 0193     		str	r3, [sp, #4]
  89 0012 0293     		str	r3, [sp, #8]
  90 0014 0393     		str	r3, [sp, #12]
  91 0016 0493     		str	r3, [sp, #16]
  92 0018 0593     		str	r3, [sp, #20]
  93              		.loc 1 119 3 is_stmt 1 view .LVU12
  94              		.loc 1 119 36 is_stmt 0 view .LVU13
  95 001a 0223     		movs	r3, #2
  96 001c 0693     		str	r3, [sp, #24]
  97              		.loc 1 120 3 is_stmt 1 view .LVU14
  98              		.loc 1 120 30 is_stmt 0 view .LVU15
  99 001e 0123     		movs	r3, #1
 100 0020 0A93     		str	r3, [sp, #40]
 101              		.loc 1 121 3 is_stmt 1 view .LVU16
 102              		.loc 1 121 41 is_stmt 0 view .LVU17
 103 0022 1023     		movs	r3, #16
 104 0024 0B93     		str	r3, [sp, #44]
 105              		.loc 1 122 3 is_stmt 1 view .LVU18
 106              		.loc 1 123 3 view .LVU19
 107              		.loc 1 123 7 is_stmt 0 view .LVU20
 108 0026 06A8     		add	r0, sp, #24
 109 0028 0B4B     		ldr	r3, .L9+4
 110 002a 9847     		blx	r3
 111              	.LVL1:
 112              		.loc 1 123 6 view .LVU21
 113 002c 68B9     		cbnz	r0, .L7
 114              		.loc 1 129 3 is_stmt 1 view .LVU22
 115              		.loc 1 129 31 is_stmt 0 view .LVU23
ARM GAS  C:\Users\Korisnik\AppData\Local\Temp\cci8ppU8.s 			page 3


 116 002e 0F23     		movs	r3, #15
 117 0030 0193     		str	r3, [sp, #4]
 118              		.loc 1 131 3 is_stmt 1 view .LVU24
 119              		.loc 1 131 34 is_stmt 0 view .LVU25
 120 0032 0021     		movs	r1, #0
 121 0034 0291     		str	r1, [sp, #8]
 122              		.loc 1 132 3 is_stmt 1 view .LVU26
 123              		.loc 1 132 35 is_stmt 0 view .LVU27
 124 0036 0391     		str	r1, [sp, #12]
 125              		.loc 1 133 3 is_stmt 1 view .LVU28
 126              		.loc 1 133 36 is_stmt 0 view .LVU29
 127 0038 0491     		str	r1, [sp, #16]
 128              		.loc 1 134 3 is_stmt 1 view .LVU30
 129              		.loc 1 134 36 is_stmt 0 view .LVU31
 130 003a 0591     		str	r1, [sp, #20]
 131              		.loc 1 136 3 is_stmt 1 view .LVU32
 132              		.loc 1 136 7 is_stmt 0 view .LVU33
 133 003c 01A8     		add	r0, sp, #4
 134 003e 074B     		ldr	r3, .L9+8
 135 0040 9847     		blx	r3
 136              	.LVL2:
 137              		.loc 1 136 6 view .LVU34
 138 0042 20B9     		cbnz	r0, .L8
 139              		.loc 1 140 1 view .LVU35
 140 0044 11B0     		add	sp, sp, #68
 141              	.LCFI2:
 142              		.cfi_remember_state
 143              		.cfi_def_cfa_offset 4
 144              		@ sp needed
 145 0046 5DF804FB 		ldr	pc, [sp], #4
 146              	.L7:
 147              	.LCFI3:
 148              		.cfi_restore_state
 149              		.loc 1 125 5 is_stmt 1 view .LVU36
 150 004a 054B     		ldr	r3, .L9+12
 151 004c 9847     		blx	r3
 152              	.LVL3:
 153              	.L8:
 154              		.loc 1 138 5 view .LVU37
 155 004e 044B     		ldr	r3, .L9+12
 156 0050 9847     		blx	r3
 157              	.LVL4:
 158              	.L10:
 159 0052 00BF     		.align	2
 160              	.L9:
 161 0054 00000000 		.word	memset
 162 0058 00000000 		.word	HAL_RCC_OscConfig
 163 005c 00000000 		.word	HAL_RCC_ClockConfig
 164 0060 00000000 		.word	Error_Handler
 165              		.cfi_endproc
 166              	.LFE66:
 168              		.section	.text.main,"ax",%progbits
 169              		.align	1
 170              		.global	main
 171              		.syntax unified
 172              		.thumb
 173              		.thumb_func
ARM GAS  C:\Users\Korisnik\AppData\Local\Temp\cci8ppU8.s 			page 4


 174              		.fpu softvfp
 176              	main:
 177              	.LFB65:
 178              		.loc 1 66 1 view -0
 179              		.cfi_startproc
 180              		@ Volatile: function does not return.
 181              		@ args = 0, pretend = 0, frame = 0
 182              		@ frame_needed = 0, uses_anonymous_args = 0
 183 0000 08B5     		push	{r3, lr}
 184              	.LCFI4:
 185              		.cfi_def_cfa_offset 8
 186              		.cfi_offset 3, -8
 187              		.cfi_offset 14, -4
 188              		.loc 1 74 3 view .LVU39
 189 0002 084B     		ldr	r3, .L14
 190 0004 9847     		blx	r3
 191              	.LVL5:
 192              		.loc 1 81 3 view .LVU40
 193 0006 084B     		ldr	r3, .L14+4
 194 0008 9847     		blx	r3
 195              	.LVL6:
 196              		.loc 1 88 3 view .LVU41
 197 000a 084B     		ldr	r3, .L14+8
 198 000c 9847     		blx	r3
 199              	.LVL7:
 200              		.loc 1 89 3 view .LVU42
 201 000e 084B     		ldr	r3, .L14+12
 202 0010 9847     		blx	r3
 203              	.LVL8:
 204              		.loc 1 91 3 view .LVU43
 205 0012 084C     		ldr	r4, .L14+16
 206 0014 2046     		mov	r0, r4
 207 0016 084B     		ldr	r3, .L14+20
 208 0018 9847     		blx	r3
 209              	.LVL9:
 210              		.loc 1 92 3 view .LVU44
 211 001a 0021     		movs	r1, #0
 212 001c 2046     		mov	r0, r4
 213 001e 074B     		ldr	r3, .L14+24
 214 0020 9847     		blx	r3
 215              	.LVL10:
 216              	.L12:
 217              		.loc 1 98 3 discriminator 1 view .LVU45
 218              		.loc 1 103 3 discriminator 1 view .LVU46
 219              		.loc 1 98 9 discriminator 1 view .LVU47
 220 0022 FEE7     		b	.L12
 221              	.L15:
 222              		.align	2
 223              	.L14:
 224 0024 00000000 		.word	HAL_Init
 225 0028 00000000 		.word	SystemClock_Config
 226 002c 00000000 		.word	MX_GPIO_Init
 227 0030 00000000 		.word	MX_TIM1_Init
 228 0034 00000000 		.word	htim1
 229 0038 00000000 		.word	HAL_TIM_Base_Start_IT
 230 003c 00000000 		.word	HAL_TIM_PWM_Start
 231              		.cfi_endproc
ARM GAS  C:\Users\Korisnik\AppData\Local\Temp\cci8ppU8.s 			page 5


 232              	.LFE65:
 234              		.text
 235              	.Letext0:
 236              		.file 3 "../c:\\users\\korisnik\\desktop\\etf\\4. godina\\mips\\gnu mcu\\arm-none-eabi-gcc-10.2.1-
 237              		.file 4 "../c:\\users\\korisnik\\desktop\\etf\\4. godina\\mips\\gnu mcu\\arm-none-eabi-gcc-10.2.1-
 238              		.file 5 "../Drivers/CMSIS/Device/ST/STM32F1xx/Include/stm32f103x6.h"
 239              		.file 6 "../Drivers/STM32F1xx_HAL_Driver/Inc/stm32f1xx_hal_def.h"
 240              		.file 7 "../Drivers/STM32F1xx_HAL_Driver/Inc/stm32f1xx_hal_rcc.h"
 241              		.file 8 "../Drivers/STM32F1xx_HAL_Driver/Inc/stm32f1xx_hal_rcc_ex.h"
 242              		.file 9 "../Drivers/STM32F1xx_HAL_Driver/Inc/stm32f1xx_hal_dma.h"
 243              		.file 10 "../Drivers/STM32F1xx_HAL_Driver/Inc/stm32f1xx_hal_tim.h"
 244              		.file 11 "../Drivers/STM32F1xx_HAL_Driver/Inc/stm32f1xx_hal.h"
 245              		.file 12 "../Core/Inc/gpio.h"
 246              		.file 13 "../Core/Inc/tim.h"
 247              		.file 14 "../<built-in>"
ARM GAS  C:\Users\Korisnik\AppData\Local\Temp\cci8ppU8.s 			page 6


DEFINED SYMBOLS
                            *ABS*:0000000000000000 main.c
C:\Users\Korisnik\AppData\Local\Temp\cci8ppU8.s:16     .text.Error_Handler:0000000000000000 $t
C:\Users\Korisnik\AppData\Local\Temp\cci8ppU8.s:24     .text.Error_Handler:0000000000000000 Error_Handler
C:\Users\Korisnik\AppData\Local\Temp\cci8ppU8.s:57     .text.SystemClock_Config:0000000000000000 $t
C:\Users\Korisnik\AppData\Local\Temp\cci8ppU8.s:64     .text.SystemClock_Config:0000000000000000 SystemClock_Config
C:\Users\Korisnik\AppData\Local\Temp\cci8ppU8.s:161    .text.SystemClock_Config:0000000000000054 $d
C:\Users\Korisnik\AppData\Local\Temp\cci8ppU8.s:169    .text.main:0000000000000000 $t
C:\Users\Korisnik\AppData\Local\Temp\cci8ppU8.s:176    .text.main:0000000000000000 main
C:\Users\Korisnik\AppData\Local\Temp\cci8ppU8.s:224    .text.main:0000000000000024 $d

UNDEFINED SYMBOLS
memset
HAL_RCC_OscConfig
HAL_RCC_ClockConfig
HAL_Init
MX_GPIO_Init
MX_TIM1_Init
htim1
HAL_TIM_Base_Start_IT
HAL_TIM_PWM_Start
