ARM GAS  C:\Users\Korisnik\AppData\Local\Temp\ccZUvfwe.s 			page 1


   1              		.cpu cortex-m3
   2              		.eabi_attribute 20, 1
   3              		.eabi_attribute 21, 1
   4              		.eabi_attribute 23, 3
   5              		.eabi_attribute 24, 1
   6              		.eabi_attribute 25, 1
   7              		.eabi_attribute 26, 1
   8              		.eabi_attribute 30, 1
   9              		.eabi_attribute 34, 1
  10              		.eabi_attribute 18, 4
  11              		.file	"stm32f1xx_it.c"
  12              		.text
  13              	.Ltext0:
  14              		.cfi_sections	.debug_frame
  15              		.section	.text.NMI_Handler,"ax",%progbits
  16              		.align	1
  17              		.global	NMI_Handler
  18              		.arch armv7-m
  19              		.syntax unified
  20              		.thumb
  21              		.thumb_func
  22              		.fpu softvfp
  24              	NMI_Handler:
  25              	.LFB65:
  26              		.file 1 "../Core/Src/stm32f1xx_it.c"
   1:../Core/Src/stm32f1xx_it.c **** 
  27              		.loc 1 72 1 view -0
  28              		.cfi_startproc
  29              		@ Volatile: function does not return.
  30              		@ args = 0, pretend = 0, frame = 0
  31              		@ frame_needed = 0, uses_anonymous_args = 0
  32              		@ link register save eliminated.
  33              	.L2:
  34              		.loc 1 77 3 discriminator 1 view .LVU1
  35              		.loc 1 79 3 discriminator 1 view .LVU2
  36              		.loc 1 77 9 discriminator 1 view .LVU3
  37 0000 FEE7     		b	.L2
  38              		.cfi_endproc
  39              	.LFE65:
  41              		.section	.text.HardFault_Handler,"ax",%progbits
  42              		.align	1
  43              		.global	HardFault_Handler
  44              		.syntax unified
  45              		.thumb
  46              		.thumb_func
  47              		.fpu softvfp
  49              	HardFault_Handler:
  50              	.LFB66:
  51              		.loc 1 87 1 view -0
  52              		.cfi_startproc
  53              		@ Volatile: function does not return.
  54              		@ args = 0, pretend = 0, frame = 0
  55              		@ frame_needed = 0, uses_anonymous_args = 0
  56              		@ link register save eliminated.
  57              	.L4:
  58              		.loc 1 91 3 discriminator 1 view .LVU5
  59              		.loc 1 95 3 discriminator 1 view .LVU6
ARM GAS  C:\Users\Korisnik\AppData\Local\Temp\ccZUvfwe.s 			page 2


  60              		.loc 1 91 9 discriminator 1 view .LVU7
  61 0000 FEE7     		b	.L4
  62              		.cfi_endproc
  63              	.LFE66:
  65              		.section	.text.MemManage_Handler,"ax",%progbits
  66              		.align	1
  67              		.global	MemManage_Handler
  68              		.syntax unified
  69              		.thumb
  70              		.thumb_func
  71              		.fpu softvfp
  73              	MemManage_Handler:
  74              	.LFB67:
  75              		.loc 1 102 1 view -0
  76              		.cfi_startproc
  77              		@ Volatile: function does not return.
  78              		@ args = 0, pretend = 0, frame = 0
  79              		@ frame_needed = 0, uses_anonymous_args = 0
  80              		@ link register save eliminated.
  81              	.L6:
  82              		.loc 1 106 3 discriminator 1 view .LVU9
  83              		.loc 1 110 3 discriminator 1 view .LVU10
  84              		.loc 1 106 9 discriminator 1 view .LVU11
  85 0000 FEE7     		b	.L6
  86              		.cfi_endproc
  87              	.LFE67:
  89              		.section	.text.BusFault_Handler,"ax",%progbits
  90              		.align	1
  91              		.global	BusFault_Handler
  92              		.syntax unified
  93              		.thumb
  94              		.thumb_func
  95              		.fpu softvfp
  97              	BusFault_Handler:
  98              	.LFB68:
  99              		.loc 1 117 1 view -0
 100              		.cfi_startproc
 101              		@ Volatile: function does not return.
 102              		@ args = 0, pretend = 0, frame = 0
 103              		@ frame_needed = 0, uses_anonymous_args = 0
 104              		@ link register save eliminated.
 105              	.L8:
 106              		.loc 1 121 3 discriminator 1 view .LVU13
 107              		.loc 1 125 3 discriminator 1 view .LVU14
 108              		.loc 1 121 9 discriminator 1 view .LVU15
 109 0000 FEE7     		b	.L8
 110              		.cfi_endproc
 111              	.LFE68:
 113              		.section	.text.UsageFault_Handler,"ax",%progbits
 114              		.align	1
 115              		.global	UsageFault_Handler
 116              		.syntax unified
 117              		.thumb
 118              		.thumb_func
 119              		.fpu softvfp
 121              	UsageFault_Handler:
 122              	.LFB69:
ARM GAS  C:\Users\Korisnik\AppData\Local\Temp\ccZUvfwe.s 			page 3


 123              		.loc 1 132 1 view -0
 124              		.cfi_startproc
 125              		@ Volatile: function does not return.
 126              		@ args = 0, pretend = 0, frame = 0
 127              		@ frame_needed = 0, uses_anonymous_args = 0
 128              		@ link register save eliminated.
 129              	.L10:
 130              		.loc 1 136 3 discriminator 1 view .LVU17
 131              		.loc 1 140 3 discriminator 1 view .LVU18
 132              		.loc 1 136 9 discriminator 1 view .LVU19
 133 0000 FEE7     		b	.L10
 134              		.cfi_endproc
 135              	.LFE69:
 137              		.section	.text.SVC_Handler,"ax",%progbits
 138              		.align	1
 139              		.global	SVC_Handler
 140              		.syntax unified
 141              		.thumb
 142              		.thumb_func
 143              		.fpu softvfp
 145              	SVC_Handler:
 146              	.LFB70:
 147              		.loc 1 147 1 view -0
 148              		.cfi_startproc
 149              		@ args = 0, pretend = 0, frame = 0
 150              		@ frame_needed = 0, uses_anonymous_args = 0
 151              		@ link register save eliminated.
 152              		.loc 1 154 1 view .LVU21
 153 0000 7047     		bx	lr
 154              		.cfi_endproc
 155              	.LFE70:
 157              		.section	.text.DebugMon_Handler,"ax",%progbits
 158              		.align	1
 159              		.global	DebugMon_Handler
 160              		.syntax unified
 161              		.thumb
 162              		.thumb_func
 163              		.fpu softvfp
 165              	DebugMon_Handler:
 166              	.LFB71:
 167              		.loc 1 160 1 view -0
 168              		.cfi_startproc
 169              		@ args = 0, pretend = 0, frame = 0
 170              		@ frame_needed = 0, uses_anonymous_args = 0
 171              		@ link register save eliminated.
 172              		.loc 1 167 1 view .LVU23
 173 0000 7047     		bx	lr
 174              		.cfi_endproc
 175              	.LFE71:
 177              		.section	.text.PendSV_Handler,"ax",%progbits
 178              		.align	1
 179              		.global	PendSV_Handler
 180              		.syntax unified
 181              		.thumb
 182              		.thumb_func
 183              		.fpu softvfp
 185              	PendSV_Handler:
ARM GAS  C:\Users\Korisnik\AppData\Local\Temp\ccZUvfwe.s 			page 4


 186              	.LFB72:
 187              		.loc 1 173 1 view -0
 188              		.cfi_startproc
 189              		@ args = 0, pretend = 0, frame = 0
 190              		@ frame_needed = 0, uses_anonymous_args = 0
 191              		@ link register save eliminated.
 192              		.loc 1 180 1 view .LVU25
 193 0000 7047     		bx	lr
 194              		.cfi_endproc
 195              	.LFE72:
 197              		.section	.text.SysTick_Handler,"ax",%progbits
 198              		.align	1
 199              		.global	SysTick_Handler
 200              		.syntax unified
 201              		.thumb
 202              		.thumb_func
 203              		.fpu softvfp
 205              	SysTick_Handler:
 206              	.LFB73:
 207              		.loc 1 186 1 view -0
 208              		.cfi_startproc
 209              		@ args = 0, pretend = 0, frame = 0
 210              		@ frame_needed = 0, uses_anonymous_args = 0
 211 0000 08B5     		push	{r3, lr}
 212              	.LCFI0:
 213              		.cfi_def_cfa_offset 8
 214              		.cfi_offset 3, -8
 215              		.cfi_offset 14, -4
 216              		.loc 1 190 3 view .LVU27
 217 0002 014B     		ldr	r3, .L16
 218 0004 9847     		blx	r3
 219              	.LVL0:
 220              		.loc 1 194 1 is_stmt 0 view .LVU28
 221 0006 08BD     		pop	{r3, pc}
 222              	.L17:
 223              		.align	2
 224              	.L16:
 225 0008 00000000 		.word	HAL_IncTick
 226              		.cfi_endproc
 227              	.LFE73:
 229              		.section	.text.EXTI0_IRQHandler,"ax",%progbits
 230              		.align	1
 231              		.global	EXTI0_IRQHandler
 232              		.syntax unified
 233              		.thumb
 234              		.thumb_func
 235              		.fpu softvfp
 237              	EXTI0_IRQHandler:
 238              	.LFB74:
 239              		.loc 1 207 1 is_stmt 1 view -0
 240              		.cfi_startproc
 241              		@ args = 0, pretend = 0, frame = 0
 242              		@ frame_needed = 0, uses_anonymous_args = 0
 243 0000 08B5     		push	{r3, lr}
 244              	.LCFI1:
 245              		.cfi_def_cfa_offset 8
 246              		.cfi_offset 3, -8
ARM GAS  C:\Users\Korisnik\AppData\Local\Temp\ccZUvfwe.s 			page 5


 247              		.cfi_offset 14, -4
 248              		.loc 1 211 3 view .LVU30
 249 0002 0120     		movs	r0, #1
 250 0004 014B     		ldr	r3, .L20
 251 0006 9847     		blx	r3
 252              	.LVL1:
 253              		.loc 1 215 1 is_stmt 0 view .LVU31
 254 0008 08BD     		pop	{r3, pc}
 255              	.L21:
 256 000a 00BF     		.align	2
 257              	.L20:
 258 000c 00000000 		.word	HAL_GPIO_EXTI_IRQHandler
 259              		.cfi_endproc
 260              	.LFE74:
 262              		.section	.text.EXTI1_IRQHandler,"ax",%progbits
 263              		.align	1
 264              		.global	EXTI1_IRQHandler
 265              		.syntax unified
 266              		.thumb
 267              		.thumb_func
 268              		.fpu softvfp
 270              	EXTI1_IRQHandler:
 271              	.LFB75:
 272              		.loc 1 221 1 is_stmt 1 view -0
 273              		.cfi_startproc
 274              		@ args = 0, pretend = 0, frame = 0
 275              		@ frame_needed = 0, uses_anonymous_args = 0
 276 0000 08B5     		push	{r3, lr}
 277              	.LCFI2:
 278              		.cfi_def_cfa_offset 8
 279              		.cfi_offset 3, -8
 280              		.cfi_offset 14, -4
 281              		.loc 1 225 3 view .LVU33
 282 0002 0220     		movs	r0, #2
 283 0004 014B     		ldr	r3, .L24
 284 0006 9847     		blx	r3
 285              	.LVL2:
 286              		.loc 1 229 1 is_stmt 0 view .LVU34
 287 0008 08BD     		pop	{r3, pc}
 288              	.L25:
 289 000a 00BF     		.align	2
 290              	.L24:
 291 000c 00000000 		.word	HAL_GPIO_EXTI_IRQHandler
 292              		.cfi_endproc
 293              	.LFE75:
 295              		.section	.text.TIM1_UP_IRQHandler,"ax",%progbits
 296              		.align	1
 297              		.global	TIM1_UP_IRQHandler
 298              		.syntax unified
 299              		.thumb
 300              		.thumb_func
 301              		.fpu softvfp
 303              	TIM1_UP_IRQHandler:
 304              	.LFB76:
 305              		.loc 1 235 1 is_stmt 1 view -0
 306              		.cfi_startproc
 307              		@ args = 0, pretend = 0, frame = 0
ARM GAS  C:\Users\Korisnik\AppData\Local\Temp\ccZUvfwe.s 			page 6


 308              		@ frame_needed = 0, uses_anonymous_args = 0
 309 0000 08B5     		push	{r3, lr}
 310              	.LCFI3:
 311              		.cfi_def_cfa_offset 8
 312              		.cfi_offset 3, -8
 313              		.cfi_offset 14, -4
 314              		.loc 1 239 3 view .LVU36
 315 0002 0248     		ldr	r0, .L28
 316 0004 024B     		ldr	r3, .L28+4
 317 0006 9847     		blx	r3
 318              	.LVL3:
 319              		.loc 1 243 1 is_stmt 0 view .LVU37
 320 0008 08BD     		pop	{r3, pc}
 321              	.L29:
 322 000a 00BF     		.align	2
 323              	.L28:
 324 000c 00000000 		.word	htim1
 325 0010 00000000 		.word	HAL_TIM_IRQHandler
 326              		.cfi_endproc
 327              	.LFE76:
 329              		.section	.text.HAL_GPIO_EXTI_Callback,"ax",%progbits
 330              		.align	1
 331              		.global	HAL_GPIO_EXTI_Callback
 332              		.syntax unified
 333              		.thumb
 334              		.thumb_func
 335              		.fpu softvfp
 337              	HAL_GPIO_EXTI_Callback:
 338              	.LVL4:
 339              	.LFB77:
 340              		.loc 1 254 1 is_stmt 1 view -0
 341              		.cfi_startproc
 342              		@ args = 0, pretend = 0, frame = 0
 343              		@ frame_needed = 0, uses_anonymous_args = 0
 344              		@ link register save eliminated.
 345              		.loc 1 255 2 view .LVU39
 346              		.loc 1 255 4 is_stmt 0 view .LVU40
 347 0000 0128     		cmp	r0, #1
 348 0002 02D0     		beq	.L35
 349              	.L31:
 350              		.loc 1 264 2 is_stmt 1 view .LVU41
 351              		.loc 1 264 4 is_stmt 0 view .LVU42
 352 0004 0228     		cmp	r0, #2
 353 0006 0ED0     		beq	.L36
 354              	.L30:
 355              		.loc 1 272 1 view .LVU43
 356 0008 7047     		bx	lr
 357              	.L35:
 358              		.loc 1 257 3 is_stmt 1 view .LVU44
 359              		.loc 1 257 29 is_stmt 0 view .LVU45
 360 000a 0D4B     		ldr	r3, .L37
 361 000c 1B68     		ldr	r3, [r3]
 362              		.loc 1 257 5 view .LVU46
 363 000e 092B     		cmp	r3, #9
 364 0010 03D8     		bhi	.L32
 365              		.loc 1 259 4 is_stmt 1 view .LVU47
 366              		.loc 1 259 27 is_stmt 0 view .LVU48
ARM GAS  C:\Users\Korisnik\AppData\Local\Temp\ccZUvfwe.s 			page 7


 367 0012 0B4A     		ldr	r2, .L37
 368 0014 1368     		ldr	r3, [r2]
 369 0016 0133     		adds	r3, r3, #1
 370 0018 1360     		str	r3, [r2]
 371              	.L32:
 372              		.loc 1 261 3 is_stmt 1 view .LVU49
 373              		.loc 1 261 8 is_stmt 0 view .LVU50
 374 001a 0A4B     		ldr	r3, .L37+4
 375 001c 1B68     		ldr	r3, [r3]
 376              		.loc 1 261 24 view .LVU51
 377 001e 084A     		ldr	r2, .L37
 378 0020 1268     		ldr	r2, [r2]
 379 0022 5A63     		str	r2, [r3, #52]
 380 0024 EEE7     		b	.L31
 381              	.L36:
 382              		.loc 1 266 3 is_stmt 1 view .LVU52
 383              		.loc 1 266 29 is_stmt 0 view .LVU53
 384 0026 064B     		ldr	r3, .L37
 385 0028 1B68     		ldr	r3, [r3]
 386              		.loc 1 266 5 view .LVU54
 387 002a 1BB1     		cbz	r3, .L34
 388              		.loc 1 268 4 is_stmt 1 view .LVU55
 389              		.loc 1 268 27 is_stmt 0 view .LVU56
 390 002c 044A     		ldr	r2, .L37
 391 002e 1368     		ldr	r3, [r2]
 392 0030 013B     		subs	r3, r3, #1
 393 0032 1360     		str	r3, [r2]
 394              	.L34:
 395              		.loc 1 270 3 is_stmt 1 view .LVU57
 396              		.loc 1 270 8 is_stmt 0 view .LVU58
 397 0034 034B     		ldr	r3, .L37+4
 398 0036 1B68     		ldr	r3, [r3]
 399              		.loc 1 270 24 view .LVU59
 400 0038 014A     		ldr	r2, .L37
 401 003a 1268     		ldr	r2, [r2]
 402 003c 5A63     		str	r2, [r3, #52]
 403              		.loc 1 272 1 view .LVU60
 404 003e E3E7     		b	.L30
 405              	.L38:
 406              		.align	2
 407              	.L37:
 408 0040 00000000 		.word	.LANCHOR0
 409 0044 00000000 		.word	htim1
 410              		.cfi_endproc
 411              	.LFE77:
 413              		.global	compare_register_value
 414              		.section	.bss.compare_register_value,"aw",%nobits
 415              		.align	2
 416              		.set	.LANCHOR0,. + 0
 419              	compare_register_value:
 420 0000 00000000 		.space	4
 421              		.text
 422              	.Letext0:
 423              		.file 2 "../c:\\users\\korisnik\\desktop\\etf\\4. godina\\mips\\gnu mcu\\arm-none-eabi-gcc-10.2.1-
 424              		.file 3 "../c:\\users\\korisnik\\desktop\\etf\\4. godina\\mips\\gnu mcu\\arm-none-eabi-gcc-10.2.1-
 425              		.file 4 "../Drivers/CMSIS/Device/ST/STM32F1xx/Include/stm32f103x6.h"
 426              		.file 5 "../Drivers/STM32F1xx_HAL_Driver/Inc/stm32f1xx_hal_def.h"
ARM GAS  C:\Users\Korisnik\AppData\Local\Temp\ccZUvfwe.s 			page 8


 427              		.file 6 "../Drivers/STM32F1xx_HAL_Driver/Inc/stm32f1xx_hal_dma.h"
 428              		.file 7 "../Drivers/STM32F1xx_HAL_Driver/Inc/stm32f1xx_hal_tim.h"
 429              		.file 8 "../Core/Inc/tim.h"
 430              		.file 9 "../Drivers/STM32F1xx_HAL_Driver/Inc/stm32f1xx_hal_gpio.h"
 431              		.file 10 "../Drivers/STM32F1xx_HAL_Driver/Inc/stm32f1xx_hal.h"
ARM GAS  C:\Users\Korisnik\AppData\Local\Temp\ccZUvfwe.s 			page 9


DEFINED SYMBOLS
                            *ABS*:0000000000000000 stm32f1xx_it.c
C:\Users\Korisnik\AppData\Local\Temp\ccZUvfwe.s:16     .text.NMI_Handler:0000000000000000 $t
C:\Users\Korisnik\AppData\Local\Temp\ccZUvfwe.s:24     .text.NMI_Handler:0000000000000000 NMI_Handler
C:\Users\Korisnik\AppData\Local\Temp\ccZUvfwe.s:42     .text.HardFault_Handler:0000000000000000 $t
C:\Users\Korisnik\AppData\Local\Temp\ccZUvfwe.s:49     .text.HardFault_Handler:0000000000000000 HardFault_Handler
C:\Users\Korisnik\AppData\Local\Temp\ccZUvfwe.s:66     .text.MemManage_Handler:0000000000000000 $t
C:\Users\Korisnik\AppData\Local\Temp\ccZUvfwe.s:73     .text.MemManage_Handler:0000000000000000 MemManage_Handler
C:\Users\Korisnik\AppData\Local\Temp\ccZUvfwe.s:90     .text.BusFault_Handler:0000000000000000 $t
C:\Users\Korisnik\AppData\Local\Temp\ccZUvfwe.s:97     .text.BusFault_Handler:0000000000000000 BusFault_Handler
C:\Users\Korisnik\AppData\Local\Temp\ccZUvfwe.s:114    .text.UsageFault_Handler:0000000000000000 $t
C:\Users\Korisnik\AppData\Local\Temp\ccZUvfwe.s:121    .text.UsageFault_Handler:0000000000000000 UsageFault_Handler
C:\Users\Korisnik\AppData\Local\Temp\ccZUvfwe.s:138    .text.SVC_Handler:0000000000000000 $t
C:\Users\Korisnik\AppData\Local\Temp\ccZUvfwe.s:145    .text.SVC_Handler:0000000000000000 SVC_Handler
C:\Users\Korisnik\AppData\Local\Temp\ccZUvfwe.s:158    .text.DebugMon_Handler:0000000000000000 $t
C:\Users\Korisnik\AppData\Local\Temp\ccZUvfwe.s:165    .text.DebugMon_Handler:0000000000000000 DebugMon_Handler
C:\Users\Korisnik\AppData\Local\Temp\ccZUvfwe.s:178    .text.PendSV_Handler:0000000000000000 $t
C:\Users\Korisnik\AppData\Local\Temp\ccZUvfwe.s:185    .text.PendSV_Handler:0000000000000000 PendSV_Handler
C:\Users\Korisnik\AppData\Local\Temp\ccZUvfwe.s:198    .text.SysTick_Handler:0000000000000000 $t
C:\Users\Korisnik\AppData\Local\Temp\ccZUvfwe.s:205    .text.SysTick_Handler:0000000000000000 SysTick_Handler
C:\Users\Korisnik\AppData\Local\Temp\ccZUvfwe.s:225    .text.SysTick_Handler:0000000000000008 $d
C:\Users\Korisnik\AppData\Local\Temp\ccZUvfwe.s:230    .text.EXTI0_IRQHandler:0000000000000000 $t
C:\Users\Korisnik\AppData\Local\Temp\ccZUvfwe.s:237    .text.EXTI0_IRQHandler:0000000000000000 EXTI0_IRQHandler
C:\Users\Korisnik\AppData\Local\Temp\ccZUvfwe.s:258    .text.EXTI0_IRQHandler:000000000000000c $d
C:\Users\Korisnik\AppData\Local\Temp\ccZUvfwe.s:263    .text.EXTI1_IRQHandler:0000000000000000 $t
C:\Users\Korisnik\AppData\Local\Temp\ccZUvfwe.s:270    .text.EXTI1_IRQHandler:0000000000000000 EXTI1_IRQHandler
C:\Users\Korisnik\AppData\Local\Temp\ccZUvfwe.s:291    .text.EXTI1_IRQHandler:000000000000000c $d
C:\Users\Korisnik\AppData\Local\Temp\ccZUvfwe.s:296    .text.TIM1_UP_IRQHandler:0000000000000000 $t
C:\Users\Korisnik\AppData\Local\Temp\ccZUvfwe.s:303    .text.TIM1_UP_IRQHandler:0000000000000000 TIM1_UP_IRQHandler
C:\Users\Korisnik\AppData\Local\Temp\ccZUvfwe.s:324    .text.TIM1_UP_IRQHandler:000000000000000c $d
C:\Users\Korisnik\AppData\Local\Temp\ccZUvfwe.s:330    .text.HAL_GPIO_EXTI_Callback:0000000000000000 $t
C:\Users\Korisnik\AppData\Local\Temp\ccZUvfwe.s:337    .text.HAL_GPIO_EXTI_Callback:0000000000000000 HAL_GPIO_EXTI_Callback
C:\Users\Korisnik\AppData\Local\Temp\ccZUvfwe.s:408    .text.HAL_GPIO_EXTI_Callback:0000000000000040 $d
C:\Users\Korisnik\AppData\Local\Temp\ccZUvfwe.s:419    .bss.compare_register_value:0000000000000000 compare_register_value
C:\Users\Korisnik\AppData\Local\Temp\ccZUvfwe.s:415    .bss.compare_register_value:0000000000000000 $d

UNDEFINED SYMBOLS
HAL_IncTick
HAL_GPIO_EXTI_IRQHandler
htim1
HAL_TIM_IRQHandler
