ARM GAS  C:\Users\Korisnik\AppData\Local\Temp\cc7daoaz.s 			page 1


   1              		.cpu cortex-m3
   2              		.eabi_attribute 20, 1
   3              		.eabi_attribute 21, 1
   4              		.eabi_attribute 23, 3
   5              		.eabi_attribute 24, 1
   6              		.eabi_attribute 25, 1
   7              		.eabi_attribute 26, 1
   8              		.eabi_attribute 30, 1
   9              		.eabi_attribute 34, 1
  10              		.eabi_attribute 18, 4
  11              		.file	"tim.c"
  12              		.text
  13              	.Ltext0:
  14              		.cfi_sections	.debug_frame
  15              		.section	.text.HAL_TIM_Base_MspInit,"ax",%progbits
  16              		.align	1
  17              		.global	HAL_TIM_Base_MspInit
  18              		.arch armv7-m
  19              		.syntax unified
  20              		.thumb
  21              		.thumb_func
  22              		.fpu softvfp
  24              	HAL_TIM_Base_MspInit:
  25              	.LVL0:
  26              	.LFB66:
  27              		.file 1 "../Core/Src/tim.c"
   1:../Core/Src/tim.c **** 
  28              		.loc 1 101 1 view -0
  29              		.cfi_startproc
  30              		@ args = 0, pretend = 0, frame = 8
  31              		@ frame_needed = 0, uses_anonymous_args = 0
  32              		.loc 1 103 3 view .LVU1
  33              		.loc 1 103 20 is_stmt 0 view .LVU2
  34 0000 0268     		ldr	r2, [r0]
  35              		.loc 1 103 5 view .LVU3
  36 0002 0E4B     		ldr	r3, .L8
  37 0004 9A42     		cmp	r2, r3
  38 0006 00D0     		beq	.L7
  39 0008 7047     		bx	lr
  40              	.L7:
  41              		.loc 1 101 1 view .LVU4
  42 000a 00B5     		push	{lr}
  43              	.LCFI0:
  44              		.cfi_def_cfa_offset 4
  45              		.cfi_offset 14, -4
  46 000c 83B0     		sub	sp, sp, #12
  47              	.LCFI1:
  48              		.cfi_def_cfa_offset 16
  49              		.loc 1 109 5 is_stmt 1 view .LVU5
  50              	.LBB2:
  51              		.loc 1 109 5 view .LVU6
  52              		.loc 1 109 5 view .LVU7
  53 000e 03F56443 		add	r3, r3, #58368
  54 0012 9A69     		ldr	r2, [r3, #24]
  55 0014 42F40062 		orr	r2, r2, #2048
  56 0018 9A61     		str	r2, [r3, #24]
  57              		.loc 1 109 5 view .LVU8
ARM GAS  C:\Users\Korisnik\AppData\Local\Temp\cc7daoaz.s 			page 2


  58 001a 9B69     		ldr	r3, [r3, #24]
  59 001c 03F40063 		and	r3, r3, #2048
  60 0020 0193     		str	r3, [sp, #4]
  61              		.loc 1 109 5 view .LVU9
  62 0022 019B     		ldr	r3, [sp, #4]
  63              	.LBE2:
  64              		.loc 1 109 5 view .LVU10
  65              		.loc 1 112 5 view .LVU11
  66 0024 0022     		movs	r2, #0
  67 0026 1146     		mov	r1, r2
  68 0028 1920     		movs	r0, #25
  69              	.LVL1:
  70              		.loc 1 112 5 is_stmt 0 view .LVU12
  71 002a 054B     		ldr	r3, .L8+4
  72 002c 9847     		blx	r3
  73              	.LVL2:
  74              		.loc 1 113 5 is_stmt 1 view .LVU13
  75 002e 1920     		movs	r0, #25
  76 0030 044B     		ldr	r3, .L8+8
  77 0032 9847     		blx	r3
  78              	.LVL3:
  79              		.loc 1 118 1 is_stmt 0 view .LVU14
  80 0034 03B0     		add	sp, sp, #12
  81              	.LCFI2:
  82              		.cfi_def_cfa_offset 4
  83              		@ sp needed
  84 0036 5DF804FB 		ldr	pc, [sp], #4
  85              	.L9:
  86 003a 00BF     		.align	2
  87              	.L8:
  88 003c 002C0140 		.word	1073818624
  89 0040 00000000 		.word	HAL_NVIC_SetPriority
  90 0044 00000000 		.word	HAL_NVIC_EnableIRQ
  91              		.cfi_endproc
  92              	.LFE66:
  94              		.section	.text.HAL_TIM_MspPostInit,"ax",%progbits
  95              		.align	1
  96              		.global	HAL_TIM_MspPostInit
  97              		.syntax unified
  98              		.thumb
  99              		.thumb_func
 100              		.fpu softvfp
 102              	HAL_TIM_MspPostInit:
 103              	.LVL4:
 104              	.LFB67:
 105              		.loc 1 120 1 is_stmt 1 view -0
 106              		.cfi_startproc
 107              		@ args = 0, pretend = 0, frame = 24
 108              		@ frame_needed = 0, uses_anonymous_args = 0
 109              		.loc 1 120 1 is_stmt 0 view .LVU16
 110 0000 00B5     		push	{lr}
 111              	.LCFI3:
 112              		.cfi_def_cfa_offset 4
 113              		.cfi_offset 14, -4
 114 0002 87B0     		sub	sp, sp, #28
 115              	.LCFI4:
 116              		.cfi_def_cfa_offset 32
ARM GAS  C:\Users\Korisnik\AppData\Local\Temp\cc7daoaz.s 			page 3


 117              		.loc 1 122 3 is_stmt 1 view .LVU17
 118              		.loc 1 122 20 is_stmt 0 view .LVU18
 119 0004 0023     		movs	r3, #0
 120 0006 0293     		str	r3, [sp, #8]
 121 0008 0393     		str	r3, [sp, #12]
 122 000a 0493     		str	r3, [sp, #16]
 123 000c 0593     		str	r3, [sp, #20]
 124              		.loc 1 123 3 is_stmt 1 view .LVU19
 125              		.loc 1 123 15 is_stmt 0 view .LVU20
 126 000e 0268     		ldr	r2, [r0]
 127              		.loc 1 123 5 view .LVU21
 128 0010 0D4B     		ldr	r3, .L14
 129 0012 9A42     		cmp	r2, r3
 130 0014 02D0     		beq	.L13
 131              	.LVL5:
 132              	.L10:
 133              		.loc 1 143 1 view .LVU22
 134 0016 07B0     		add	sp, sp, #28
 135              	.LCFI5:
 136              		.cfi_remember_state
 137              		.cfi_def_cfa_offset 4
 138              		@ sp needed
 139 0018 5DF804FB 		ldr	pc, [sp], #4
 140              	.LVL6:
 141              	.L13:
 142              	.LCFI6:
 143              		.cfi_restore_state
 144              		.loc 1 129 5 is_stmt 1 view .LVU23
 145              	.LBB3:
 146              		.loc 1 129 5 view .LVU24
 147              		.loc 1 129 5 view .LVU25
 148 001c 03F56443 		add	r3, r3, #58368
 149 0020 9A69     		ldr	r2, [r3, #24]
 150 0022 42F00402 		orr	r2, r2, #4
 151 0026 9A61     		str	r2, [r3, #24]
 152              		.loc 1 129 5 view .LVU26
 153 0028 9B69     		ldr	r3, [r3, #24]
 154 002a 03F00403 		and	r3, r3, #4
 155 002e 0193     		str	r3, [sp, #4]
 156              		.loc 1 129 5 view .LVU27
 157 0030 019B     		ldr	r3, [sp, #4]
 158              	.LBE3:
 159              		.loc 1 129 5 view .LVU28
 160              		.loc 1 133 5 view .LVU29
 161              		.loc 1 133 25 is_stmt 0 view .LVU30
 162 0032 4FF48073 		mov	r3, #256
 163 0036 0293     		str	r3, [sp, #8]
 164              		.loc 1 134 5 is_stmt 1 view .LVU31
 165              		.loc 1 134 26 is_stmt 0 view .LVU32
 166 0038 0223     		movs	r3, #2
 167 003a 0393     		str	r3, [sp, #12]
 168              		.loc 1 135 5 is_stmt 1 view .LVU33
 169              		.loc 1 135 27 is_stmt 0 view .LVU34
 170 003c 0593     		str	r3, [sp, #20]
 171              		.loc 1 136 5 is_stmt 1 view .LVU35
 172 003e 02A9     		add	r1, sp, #8
 173 0040 0248     		ldr	r0, .L14+4
ARM GAS  C:\Users\Korisnik\AppData\Local\Temp\cc7daoaz.s 			page 4


 174              	.LVL7:
 175              		.loc 1 136 5 is_stmt 0 view .LVU36
 176 0042 034B     		ldr	r3, .L14+8
 177 0044 9847     		blx	r3
 178              	.LVL8:
 179              		.loc 1 143 1 view .LVU37
 180 0046 E6E7     		b	.L10
 181              	.L15:
 182              		.align	2
 183              	.L14:
 184 0048 002C0140 		.word	1073818624
 185 004c 00080140 		.word	1073809408
 186 0050 00000000 		.word	HAL_GPIO_Init
 187              		.cfi_endproc
 188              	.LFE67:
 190              		.section	.text.MX_TIM1_Init,"ax",%progbits
 191              		.align	1
 192              		.global	MX_TIM1_Init
 193              		.syntax unified
 194              		.thumb
 195              		.thumb_func
 196              		.fpu softvfp
 198              	MX_TIM1_Init:
 199              	.LFB65:
 200              		.loc 1 31 1 is_stmt 1 view -0
 201              		.cfi_startproc
 202              		@ args = 0, pretend = 0, frame = 88
 203              		@ frame_needed = 0, uses_anonymous_args = 0
 204 0000 10B5     		push	{r4, lr}
 205              	.LCFI7:
 206              		.cfi_def_cfa_offset 8
 207              		.cfi_offset 4, -8
 208              		.cfi_offset 14, -4
 209 0002 96B0     		sub	sp, sp, #88
 210              	.LCFI8:
 211              		.cfi_def_cfa_offset 96
 212              		.loc 1 37 3 view .LVU39
 213              		.loc 1 37 26 is_stmt 0 view .LVU40
 214 0004 0024     		movs	r4, #0
 215 0006 1294     		str	r4, [sp, #72]
 216 0008 1394     		str	r4, [sp, #76]
 217 000a 1494     		str	r4, [sp, #80]
 218 000c 1594     		str	r4, [sp, #84]
 219              		.loc 1 38 3 is_stmt 1 view .LVU41
 220              		.loc 1 38 27 is_stmt 0 view .LVU42
 221 000e 1094     		str	r4, [sp, #64]
 222 0010 1194     		str	r4, [sp, #68]
 223              		.loc 1 39 3 is_stmt 1 view .LVU43
 224              		.loc 1 39 22 is_stmt 0 view .LVU44
 225 0012 0994     		str	r4, [sp, #36]
 226 0014 0A94     		str	r4, [sp, #40]
 227 0016 0B94     		str	r4, [sp, #44]
 228 0018 0C94     		str	r4, [sp, #48]
 229 001a 0D94     		str	r4, [sp, #52]
 230 001c 0E94     		str	r4, [sp, #56]
 231 001e 0F94     		str	r4, [sp, #60]
 232              		.loc 1 40 3 is_stmt 1 view .LVU45
ARM GAS  C:\Users\Korisnik\AppData\Local\Temp\cc7daoaz.s 			page 5


 233              		.loc 1 40 34 is_stmt 0 view .LVU46
 234 0020 2022     		movs	r2, #32
 235 0022 2146     		mov	r1, r4
 236 0024 01A8     		add	r0, sp, #4
 237 0026 2F4B     		ldr	r3, .L30
 238 0028 9847     		blx	r3
 239              	.LVL9:
 240              		.loc 1 45 3 is_stmt 1 view .LVU47
 241              		.loc 1 45 18 is_stmt 0 view .LVU48
 242 002a 2F48     		ldr	r0, .L30+4
 243 002c 2F4B     		ldr	r3, .L30+8
 244 002e 0360     		str	r3, [r0]
 245              		.loc 1 46 3 is_stmt 1 view .LVU49
 246              		.loc 1 46 24 is_stmt 0 view .LVU50
 247 0030 41F63F73 		movw	r3, #7999
 248 0034 4360     		str	r3, [r0, #4]
 249              		.loc 1 47 3 is_stmt 1 view .LVU51
 250              		.loc 1 47 26 is_stmt 0 view .LVU52
 251 0036 8460     		str	r4, [r0, #8]
 252              		.loc 1 48 3 is_stmt 1 view .LVU53
 253              		.loc 1 48 21 is_stmt 0 view .LVU54
 254 0038 0923     		movs	r3, #9
 255 003a C360     		str	r3, [r0, #12]
 256              		.loc 1 49 3 is_stmt 1 view .LVU55
 257              		.loc 1 49 28 is_stmt 0 view .LVU56
 258 003c 0461     		str	r4, [r0, #16]
 259              		.loc 1 50 3 is_stmt 1 view .LVU57
 260              		.loc 1 50 32 is_stmt 0 view .LVU58
 261 003e 4461     		str	r4, [r0, #20]
 262              		.loc 1 51 3 is_stmt 1 view .LVU59
 263              		.loc 1 51 32 is_stmt 0 view .LVU60
 264 0040 8461     		str	r4, [r0, #24]
 265              		.loc 1 52 3 is_stmt 1 view .LVU61
 266              		.loc 1 52 7 is_stmt 0 view .LVU62
 267 0042 2B4B     		ldr	r3, .L30+12
 268 0044 9847     		blx	r3
 269              	.LVL10:
 270              		.loc 1 52 6 view .LVU63
 271 0046 0028     		cmp	r0, #0
 272 0048 39D1     		bne	.L24
 273              	.L17:
 274              		.loc 1 56 3 is_stmt 1 view .LVU64
 275              		.loc 1 56 34 is_stmt 0 view .LVU65
 276 004a 4FF48053 		mov	r3, #4096
 277 004e 1293     		str	r3, [sp, #72]
 278              		.loc 1 57 3 is_stmt 1 view .LVU66
 279              		.loc 1 57 7 is_stmt 0 view .LVU67
 280 0050 12A9     		add	r1, sp, #72
 281 0052 2548     		ldr	r0, .L30+4
 282 0054 274B     		ldr	r3, .L30+16
 283 0056 9847     		blx	r3
 284              	.LVL11:
 285              		.loc 1 57 6 view .LVU68
 286 0058 0028     		cmp	r0, #0
 287 005a 33D1     		bne	.L25
 288              	.L18:
 289              		.loc 1 61 3 is_stmt 1 view .LVU69
ARM GAS  C:\Users\Korisnik\AppData\Local\Temp\cc7daoaz.s 			page 6


 290              		.loc 1 61 7 is_stmt 0 view .LVU70
 291 005c 2248     		ldr	r0, .L30+4
 292 005e 264B     		ldr	r3, .L30+20
 293 0060 9847     		blx	r3
 294              	.LVL12:
 295              		.loc 1 61 6 view .LVU71
 296 0062 0028     		cmp	r0, #0
 297 0064 31D1     		bne	.L26
 298              	.L19:
 299              		.loc 1 65 3 is_stmt 1 view .LVU72
 300              		.loc 1 65 37 is_stmt 0 view .LVU73
 301 0066 0023     		movs	r3, #0
 302 0068 1093     		str	r3, [sp, #64]
 303              		.loc 1 66 3 is_stmt 1 view .LVU74
 304              		.loc 1 66 33 is_stmt 0 view .LVU75
 305 006a 1193     		str	r3, [sp, #68]
 306              		.loc 1 67 3 is_stmt 1 view .LVU76
 307              		.loc 1 67 7 is_stmt 0 view .LVU77
 308 006c 10A9     		add	r1, sp, #64
 309 006e 1E48     		ldr	r0, .L30+4
 310 0070 224B     		ldr	r3, .L30+24
 311 0072 9847     		blx	r3
 312              	.LVL13:
 313              		.loc 1 67 6 view .LVU78
 314 0074 0028     		cmp	r0, #0
 315 0076 2BD1     		bne	.L27
 316              	.L20:
 317              		.loc 1 71 3 is_stmt 1 view .LVU79
 318              		.loc 1 71 20 is_stmt 0 view .LVU80
 319 0078 6023     		movs	r3, #96
 320 007a 0993     		str	r3, [sp, #36]
 321              		.loc 1 72 3 is_stmt 1 view .LVU81
 322              		.loc 1 72 19 is_stmt 0 view .LVU82
 323 007c 0022     		movs	r2, #0
 324 007e 0A92     		str	r2, [sp, #40]
 325              		.loc 1 73 3 is_stmt 1 view .LVU83
 326              		.loc 1 73 24 is_stmt 0 view .LVU84
 327 0080 0223     		movs	r3, #2
 328 0082 0B93     		str	r3, [sp, #44]
 329              		.loc 1 74 3 is_stmt 1 view .LVU85
 330              		.loc 1 74 25 is_stmt 0 view .LVU86
 331 0084 0C92     		str	r2, [sp, #48]
 332              		.loc 1 75 3 is_stmt 1 view .LVU87
 333              		.loc 1 75 24 is_stmt 0 view .LVU88
 334 0086 0D92     		str	r2, [sp, #52]
 335              		.loc 1 76 3 is_stmt 1 view .LVU89
 336              		.loc 1 76 25 is_stmt 0 view .LVU90
 337 0088 0E92     		str	r2, [sp, #56]
 338              		.loc 1 77 3 is_stmt 1 view .LVU91
 339              		.loc 1 77 26 is_stmt 0 view .LVU92
 340 008a 0F92     		str	r2, [sp, #60]
 341              		.loc 1 78 3 is_stmt 1 view .LVU93
 342              		.loc 1 78 7 is_stmt 0 view .LVU94
 343 008c 09A9     		add	r1, sp, #36
 344 008e 1648     		ldr	r0, .L30+4
 345 0090 1B4B     		ldr	r3, .L30+28
 346 0092 9847     		blx	r3
ARM GAS  C:\Users\Korisnik\AppData\Local\Temp\cc7daoaz.s 			page 7


 347              	.LVL14:
 348              		.loc 1 78 6 view .LVU95
 349 0094 F8B9     		cbnz	r0, .L28
 350              	.L21:
 351              		.loc 1 82 3 is_stmt 1 view .LVU96
 352              		.loc 1 82 40 is_stmt 0 view .LVU97
 353 0096 0023     		movs	r3, #0
 354 0098 0193     		str	r3, [sp, #4]
 355              		.loc 1 83 3 is_stmt 1 view .LVU98
 356              		.loc 1 83 41 is_stmt 0 view .LVU99
 357 009a 0293     		str	r3, [sp, #8]
 358              		.loc 1 84 3 is_stmt 1 view .LVU100
 359              		.loc 1 84 34 is_stmt 0 view .LVU101
 360 009c 0393     		str	r3, [sp, #12]
 361              		.loc 1 85 3 is_stmt 1 view .LVU102
 362              		.loc 1 85 33 is_stmt 0 view .LVU103
 363 009e 0493     		str	r3, [sp, #16]
 364              		.loc 1 86 3 is_stmt 1 view .LVU104
 365              		.loc 1 86 35 is_stmt 0 view .LVU105
 366 00a0 0593     		str	r3, [sp, #20]
 367              		.loc 1 87 3 is_stmt 1 view .LVU106
 368              		.loc 1 87 38 is_stmt 0 view .LVU107
 369 00a2 4FF40052 		mov	r2, #8192
 370 00a6 0692     		str	r2, [sp, #24]
 371              		.loc 1 88 3 is_stmt 1 view .LVU108
 372              		.loc 1 88 40 is_stmt 0 view .LVU109
 373 00a8 0893     		str	r3, [sp, #32]
 374              		.loc 1 89 3 is_stmt 1 view .LVU110
 375              		.loc 1 89 7 is_stmt 0 view .LVU111
 376 00aa 01A9     		add	r1, sp, #4
 377 00ac 0E48     		ldr	r0, .L30+4
 378 00ae 154B     		ldr	r3, .L30+32
 379 00b0 9847     		blx	r3
 380              	.LVL15:
 381              		.loc 1 89 6 view .LVU112
 382 00b2 98B9     		cbnz	r0, .L29
 383              	.L22:
 384              		.loc 1 96 3 is_stmt 1 view .LVU113
 385 00b4 0C48     		ldr	r0, .L30+4
 386 00b6 144B     		ldr	r3, .L30+36
 387 00b8 9847     		blx	r3
 388              	.LVL16:
 389              		.loc 1 98 1 is_stmt 0 view .LVU114
 390 00ba 16B0     		add	sp, sp, #88
 391              	.LCFI9:
 392              		.cfi_remember_state
 393              		.cfi_def_cfa_offset 8
 394              		@ sp needed
 395 00bc 10BD     		pop	{r4, pc}
 396              	.L24:
 397              	.LCFI10:
 398              		.cfi_restore_state
 399              		.loc 1 54 5 is_stmt 1 view .LVU115
 400 00be 134B     		ldr	r3, .L30+40
 401 00c0 9847     		blx	r3
 402              	.LVL17:
 403 00c2 C2E7     		b	.L17
ARM GAS  C:\Users\Korisnik\AppData\Local\Temp\cc7daoaz.s 			page 8


 404              	.L25:
 405              		.loc 1 59 5 view .LVU116
 406 00c4 114B     		ldr	r3, .L30+40
 407 00c6 9847     		blx	r3
 408              	.LVL18:
 409 00c8 C8E7     		b	.L18
 410              	.L26:
 411              		.loc 1 63 5 view .LVU117
 412 00ca 104B     		ldr	r3, .L30+40
 413 00cc 9847     		blx	r3
 414              	.LVL19:
 415 00ce CAE7     		b	.L19
 416              	.L27:
 417              		.loc 1 69 5 view .LVU118
 418 00d0 0E4B     		ldr	r3, .L30+40
 419 00d2 9847     		blx	r3
 420              	.LVL20:
 421 00d4 D0E7     		b	.L20
 422              	.L28:
 423              		.loc 1 80 5 view .LVU119
 424 00d6 0D4B     		ldr	r3, .L30+40
 425 00d8 9847     		blx	r3
 426              	.LVL21:
 427 00da DCE7     		b	.L21
 428              	.L29:
 429              		.loc 1 91 5 view .LVU120
 430 00dc 0B4B     		ldr	r3, .L30+40
 431 00de 9847     		blx	r3
 432              	.LVL22:
 433 00e0 E8E7     		b	.L22
 434              	.L31:
 435 00e2 00BF     		.align	2
 436              	.L30:
 437 00e4 00000000 		.word	memset
 438 00e8 00000000 		.word	.LANCHOR0
 439 00ec 002C0140 		.word	1073818624
 440 00f0 00000000 		.word	HAL_TIM_Base_Init
 441 00f4 00000000 		.word	HAL_TIM_ConfigClockSource
 442 00f8 00000000 		.word	HAL_TIM_PWM_Init
 443 00fc 00000000 		.word	HAL_TIMEx_MasterConfigSynchronization
 444 0100 00000000 		.word	HAL_TIM_PWM_ConfigChannel
 445 0104 00000000 		.word	HAL_TIMEx_ConfigBreakDeadTime
 446 0108 00000000 		.word	HAL_TIM_MspPostInit
 447 010c 00000000 		.word	Error_Handler
 448              		.cfi_endproc
 449              	.LFE65:
 451              		.section	.text.HAL_TIM_Base_MspDeInit,"ax",%progbits
 452              		.align	1
 453              		.global	HAL_TIM_Base_MspDeInit
 454              		.syntax unified
 455              		.thumb
 456              		.thumb_func
 457              		.fpu softvfp
 459              	HAL_TIM_Base_MspDeInit:
 460              	.LVL23:
 461              	.LFB68:
 462              		.loc 1 146 1 view -0
ARM GAS  C:\Users\Korisnik\AppData\Local\Temp\cc7daoaz.s 			page 9


 463              		.cfi_startproc
 464              		@ args = 0, pretend = 0, frame = 0
 465              		@ frame_needed = 0, uses_anonymous_args = 0
 466              		.loc 1 146 1 is_stmt 0 view .LVU122
 467 0000 08B5     		push	{r3, lr}
 468              	.LCFI11:
 469              		.cfi_def_cfa_offset 8
 470              		.cfi_offset 3, -8
 471              		.cfi_offset 14, -4
 472              		.loc 1 148 3 is_stmt 1 view .LVU123
 473              		.loc 1 148 20 is_stmt 0 view .LVU124
 474 0002 0268     		ldr	r2, [r0]
 475              		.loc 1 148 5 view .LVU125
 476 0004 064B     		ldr	r3, .L36
 477 0006 9A42     		cmp	r2, r3
 478 0008 00D0     		beq	.L35
 479              	.LVL24:
 480              	.L32:
 481              		.loc 1 162 1 view .LVU126
 482 000a 08BD     		pop	{r3, pc}
 483              	.LVL25:
 484              	.L35:
 485              		.loc 1 154 5 is_stmt 1 view .LVU127
 486 000c 054A     		ldr	r2, .L36+4
 487 000e 9369     		ldr	r3, [r2, #24]
 488 0010 23F40063 		bic	r3, r3, #2048
 489 0014 9361     		str	r3, [r2, #24]
 490              		.loc 1 157 5 view .LVU128
 491 0016 1920     		movs	r0, #25
 492              	.LVL26:
 493              		.loc 1 157 5 is_stmt 0 view .LVU129
 494 0018 034B     		ldr	r3, .L36+8
 495 001a 9847     		blx	r3
 496              	.LVL27:
 497              		.loc 1 162 1 view .LVU130
 498 001c F5E7     		b	.L32
 499              	.L37:
 500 001e 00BF     		.align	2
 501              	.L36:
 502 0020 002C0140 		.word	1073818624
 503 0024 00100240 		.word	1073876992
 504 0028 00000000 		.word	HAL_NVIC_DisableIRQ
 505              		.cfi_endproc
 506              	.LFE68:
 508              		.global	htim1
 509              		.section	.bss.htim1,"aw",%nobits
 510              		.align	2
 511              		.set	.LANCHOR0,. + 0
 514              	htim1:
 515 0000 00000000 		.space	72
 515      00000000 
 515      00000000 
 515      00000000 
 515      00000000 
 516              		.text
 517              	.Letext0:
 518              		.file 2 "../c:\\users\\korisnik\\desktop\\etf\\4. godina\\mips\\gnu mcu\\arm-none-eabi-gcc-10.2.1-
ARM GAS  C:\Users\Korisnik\AppData\Local\Temp\cc7daoaz.s 			page 10


 519              		.file 3 "../c:\\users\\korisnik\\desktop\\etf\\4. godina\\mips\\gnu mcu\\arm-none-eabi-gcc-10.2.1-
 520              		.file 4 "../Drivers/CMSIS/Device/ST/STM32F1xx/Include/stm32f103x6.h"
 521              		.file 5 "../Drivers/STM32F1xx_HAL_Driver/Inc/stm32f1xx_hal_def.h"
 522              		.file 6 "../Drivers/STM32F1xx_HAL_Driver/Inc/stm32f1xx_hal_gpio.h"
 523              		.file 7 "../Drivers/STM32F1xx_HAL_Driver/Inc/stm32f1xx_hal_dma.h"
 524              		.file 8 "../Drivers/STM32F1xx_HAL_Driver/Inc/stm32f1xx_hal_tim.h"
 525              		.file 9 "../Drivers/STM32F1xx_HAL_Driver/Inc/stm32f1xx_hal_cortex.h"
 526              		.file 10 "../Drivers/STM32F1xx_HAL_Driver/Inc/stm32f1xx_hal_tim_ex.h"
 527              		.file 11 "../Core/Inc/main.h"
 528              		.file 12 "../Core/Inc/tim.h"
 529              		.file 13 "../<built-in>"
ARM GAS  C:\Users\Korisnik\AppData\Local\Temp\cc7daoaz.s 			page 11


DEFINED SYMBOLS
                            *ABS*:0000000000000000 tim.c
C:\Users\Korisnik\AppData\Local\Temp\cc7daoaz.s:16     .text.HAL_TIM_Base_MspInit:0000000000000000 $t
C:\Users\Korisnik\AppData\Local\Temp\cc7daoaz.s:24     .text.HAL_TIM_Base_MspInit:0000000000000000 HAL_TIM_Base_MspInit
C:\Users\Korisnik\AppData\Local\Temp\cc7daoaz.s:88     .text.HAL_TIM_Base_MspInit:000000000000003c $d
C:\Users\Korisnik\AppData\Local\Temp\cc7daoaz.s:95     .text.HAL_TIM_MspPostInit:0000000000000000 $t
C:\Users\Korisnik\AppData\Local\Temp\cc7daoaz.s:102    .text.HAL_TIM_MspPostInit:0000000000000000 HAL_TIM_MspPostInit
C:\Users\Korisnik\AppData\Local\Temp\cc7daoaz.s:184    .text.HAL_TIM_MspPostInit:0000000000000048 $d
C:\Users\Korisnik\AppData\Local\Temp\cc7daoaz.s:191    .text.MX_TIM1_Init:0000000000000000 $t
C:\Users\Korisnik\AppData\Local\Temp\cc7daoaz.s:198    .text.MX_TIM1_Init:0000000000000000 MX_TIM1_Init
C:\Users\Korisnik\AppData\Local\Temp\cc7daoaz.s:437    .text.MX_TIM1_Init:00000000000000e4 $d
C:\Users\Korisnik\AppData\Local\Temp\cc7daoaz.s:452    .text.HAL_TIM_Base_MspDeInit:0000000000000000 $t
C:\Users\Korisnik\AppData\Local\Temp\cc7daoaz.s:459    .text.HAL_TIM_Base_MspDeInit:0000000000000000 HAL_TIM_Base_MspDeInit
C:\Users\Korisnik\AppData\Local\Temp\cc7daoaz.s:502    .text.HAL_TIM_Base_MspDeInit:0000000000000020 $d
C:\Users\Korisnik\AppData\Local\Temp\cc7daoaz.s:514    .bss.htim1:0000000000000000 htim1
C:\Users\Korisnik\AppData\Local\Temp\cc7daoaz.s:510    .bss.htim1:0000000000000000 $d

UNDEFINED SYMBOLS
HAL_NVIC_SetPriority
HAL_NVIC_EnableIRQ
HAL_GPIO_Init
memset
HAL_TIM_Base_Init
HAL_TIM_ConfigClockSource
HAL_TIM_PWM_Init
HAL_TIMEx_MasterConfigSynchronization
HAL_TIM_PWM_ConfigChannel
HAL_TIMEx_ConfigBreakDeadTime
Error_Handler
HAL_NVIC_DisableIRQ
