ARM GAS  C:\Users\Korisnik\AppData\Local\Temp\cchcTmsb.s 			page 1


   1              		.cpu cortex-m3
   2              		.eabi_attribute 20, 1
   3              		.eabi_attribute 21, 1
   4              		.eabi_attribute 23, 3
   5              		.eabi_attribute 24, 1
   6              		.eabi_attribute 25, 1
   7              		.eabi_attribute 26, 1
   8              		.eabi_attribute 30, 1
   9              		.eabi_attribute 34, 1
  10              		.eabi_attribute 18, 4
  11              		.file	"driver_keypad.c"
  12              		.text
  13              	.Ltext0:
  14              		.cfi_sections	.debug_frame
  15              		.section	.text.KEY_TimerCallback,"ax",%progbits
  16              		.align	1
  17              		.arch armv7-m
  18              		.syntax unified
  19              		.thumb
  20              		.thumb_func
  21              		.fpu softvfp
  23              	KEY_TimerCallback:
  24              	.LVL0:
  25              	.LFB70:
  26              		.file 1 "../Core/Src/driver_keypad.c"
   1:../Core/Src/driver_keypad.c **** 
  27              		.loc 1 79 1 view -0
  28              		.cfi_startproc
  29              		@ args = 0, pretend = 0, frame = 0
  30              		@ frame_needed = 0, uses_anonymous_args = 0
  31              		.loc 1 80 2 view .LVU1
  32              		.loc 1 80 26 is_stmt 0 view .LVU2
  33 0000 0E4B     		ldr	r3, .L9
  34 0002 1B78     		ldrb	r3, [r3]	@ zero_extendqisi2
  35              		.loc 1 80 4 view .LVU3
  36 0004 CBB9     		cbnz	r3, .L5
  37              	.LBB2:
  38              		.loc 1 82 3 is_stmt 1 view .LVU4
  39              		.loc 1 82 26 is_stmt 0 view .LVU5
  40 0006 0E4B     		ldr	r3, .L9+4
  41 0008 9B68     		ldr	r3, [r3, #8]
  42              	.LVL1:
  43              		.loc 1 83 3 is_stmt 1 view .LVU6
  44              		.loc 1 83 5 is_stmt 0 view .LVU7
  45 000a 13F0700F 		tst	r3, #112
  46 000e 03D1     		bne	.L8
  47              		.loc 1 89 4 is_stmt 1 view .LVU8
  48              		.loc 1 89 25 is_stmt 0 view .LVU9
  49 0010 0A4B     		ldr	r3, .L9
  50              	.LVL2:
  51              		.loc 1 89 25 view .LVU10
  52 0012 0122     		movs	r2, #1
  53 0014 1A70     		strb	r2, [r3]
  54              	.LBE2:
  55              		.loc 1 92 1 view .LVU11
  56 0016 7047     		bx	lr
  57              	.LVL3:
ARM GAS  C:\Users\Korisnik\AppData\Local\Temp\cchcTmsb.s 			page 2


  58              	.L8:
  59              		.loc 1 79 1 view .LVU12
  60 0018 10B5     		push	{r4, lr}
  61              	.LCFI0:
  62              		.cfi_def_cfa_offset 8
  63              		.cfi_offset 4, -8
  64              		.cfi_offset 14, -4
  65 001a 82B0     		sub	sp, sp, #8
  66              	.LCFI1:
  67              		.cfi_def_cfa_offset 16
  68              	.LBB3:
  69              		.loc 1 86 4 is_stmt 1 view .LVU13
  70 001c 094B     		ldr	r3, .L9+8
  71              	.LVL4:
  72              		.loc 1 86 4 is_stmt 0 view .LVU14
  73 001e 1C68     		ldr	r4, [r3]
  74 0020 094B     		ldr	r3, .L9+12
  75 0022 9847     		blx	r3
  76              	.LVL5:
  77              		.loc 1 86 4 view .LVU15
  78 0024 0246     		mov	r2, r0
  79 0026 4FF0FF33 		mov	r3, #-1
  80 002a 0093     		str	r3, [sp]
  81 002c 0023     		movs	r3, #0
  82 002e 0121     		movs	r1, #1
  83 0030 2046     		mov	r0, r4
  84 0032 064C     		ldr	r4, .L9+16
  85 0034 A047     		blx	r4
  86              	.LVL6:
  87              	.LBE3:
  88              		.loc 1 92 1 view .LVU16
  89 0036 02B0     		add	sp, sp, #8
  90              	.LCFI2:
  91              		.cfi_def_cfa_offset 8
  92              		@ sp needed
  93 0038 10BD     		pop	{r4, pc}
  94              	.LVL7:
  95              	.L5:
  96              	.LCFI3:
  97              		.cfi_def_cfa_offset 0
  98              		.cfi_restore 4
  99              		.cfi_restore 14
 100              		.loc 1 92 1 view .LVU17
 101 003a 7047     		bx	lr
 102              	.L10:
 103              		.align	2
 104              	.L9:
 105 003c 00000000 		.word	.LANCHOR0
 106 0040 000C0140 		.word	1073810432
 107 0044 00000000 		.word	.LANCHOR1
 108 0048 00000000 		.word	xTaskGetTickCount
 109 004c 00000000 		.word	xTimerGenericCommand
 110              		.cfi_endproc
 111              	.LFE70:
 113              		.section	.text.KEY_Task,"ax",%progbits
 114              		.align	1
 115              		.syntax unified
ARM GAS  C:\Users\Korisnik\AppData\Local\Temp\cchcTmsb.s 			page 3


 116              		.thumb
 117              		.thumb_func
 118              		.fpu softvfp
 120              	KEY_Task:
 121              	.LFB69:
 122              		.loc 1 35 1 is_stmt 1 view -0
 123              		.cfi_startproc
 124              		@ args = 0, pretend = 0, frame = 0
 125              		@ frame_needed = 0, uses_anonymous_args = 0
 126              	.LVL8:
 127              		.loc 1 35 1 is_stmt 0 view .LVU19
 128 0000 2DE9F043 		push	{r4, r5, r6, r7, r8, r9, lr}
 129              	.LCFI4:
 130              		.cfi_def_cfa_offset 28
 131              		.cfi_offset 4, -28
 132              		.cfi_offset 5, -24
 133              		.cfi_offset 6, -20
 134              		.cfi_offset 7, -16
 135              		.cfi_offset 8, -12
 136              		.cfi_offset 9, -8
 137              		.cfi_offset 14, -4
 138 0004 83B0     		sub	sp, sp, #12
 139              	.LCFI5:
 140              		.cfi_def_cfa_offset 40
 141 0006 5BE0     		b	.L13
 142              	.LVL9:
 143              	.L16:
 144              	.LBB4:
 145              	.LBB5:
 146              	.LBB6:
 147              		.loc 1 68 7 is_stmt 1 view .LVU20
 148              		.loc 1 68 28 is_stmt 0 view .LVU21
 149 0008 4FF00008 		mov	r8, #0
 150 000c 324B     		ldr	r3, .L24
 151 000e 83F80080 		strb	r8, [r3]
 152              		.loc 1 69 7 is_stmt 1 view .LVU22
 153 0012 324B     		ldr	r3, .L24+4
 154 0014 D3F80090 		ldr	r9, [r3]
 155 0018 314B     		ldr	r3, .L24+8
 156 001a 9847     		blx	r3
 157              	.LVL10:
 158 001c 0246     		mov	r2, r0
 159 001e 4FF0FF33 		mov	r3, #-1
 160 0022 0093     		str	r3, [sp]
 161 0024 4346     		mov	r3, r8
 162 0026 0121     		movs	r1, #1
 163 0028 4846     		mov	r0, r9
 164 002a DFF8B880 		ldr	r8, .L24+12
 165 002e C047     		blx	r8
 166              	.LVL11:
 167              	.L15:
 168              		.loc 1 50 42 discriminator 2 view .LVU23
 169              		.loc 1 50 48 is_stmt 0 discriminator 2 view .LVU24
 170 0030 0134     		adds	r4, r4, #1
 171              	.LVL12:
 172              		.loc 1 50 48 discriminator 2 view .LVU25
 173 0032 E4B2     		uxtb	r4, r4
ARM GAS  C:\Users\Korisnik\AppData\Local\Temp\cchcTmsb.s 			page 4


 174              	.LVL13:
 175              	.L14:
 176              		.loc 1 50 30 is_stmt 1 discriminator 1 view .LVU26
 177              		.loc 1 50 5 is_stmt 0 discriminator 1 view .LVU27
 178 0034 022C     		cmp	r4, #2
 179 0036 2CD8     		bhi	.L22
 180              		.loc 1 52 6 is_stmt 1 view .LVU28
 181              		.loc 1 52 24 is_stmt 0 view .LVU29
 182 0038 0123     		movs	r3, #1
 183 003a A340     		lsls	r3, r3, r4
 184              		.loc 1 52 9 view .LVU30
 185 003c 3342     		tst	r3, r6
 186 003e F7D0     		beq	.L15
 187              		.loc 1 54 7 is_stmt 1 view .LVU31
 188              		.loc 1 54 32 is_stmt 0 view .LVU32
 189 0040 294A     		ldr	r2, .L24+16
 190 0042 1178     		ldrb	r1, [r2]	@ zero_extendqisi2
 191 0044 4B1C     		adds	r3, r1, #1
 192 0046 DBB2     		uxtb	r3, r3
 193 0048 1370     		strb	r3, [r2]
 194              		.loc 1 54 50 view .LVU33
 195 004a 07EB4700 		add	r0, r7, r7, lsl #1
 196 004e 274A     		ldr	r2, .L24+20
 197 0050 0244     		add	r2, r2, r0
 198 0052 105D     		ldrb	r0, [r2, r4]	@ zero_extendqisi2
 199              		.loc 1 54 36 view .LVU34
 200 0054 264A     		ldr	r2, .L24+24
 201 0056 5054     		strb	r0, [r2, r1]
 202              		.loc 1 55 7 is_stmt 1 view .LVU35
 203              		.loc 1 55 23 is_stmt 0 view .LVU36
 204 0058 264A     		ldr	r2, .L24+28
 205 005a 0121     		movs	r1, #1
 206 005c 1170     		strb	r1, [r2]
 207              		.loc 1 57 7 is_stmt 1 view .LVU37
 208              		.loc 1 57 10 is_stmt 0 view .LVU38
 209 005e 022B     		cmp	r3, #2
 210 0060 D2D1     		bne	.L16
 211              		.loc 1 57 44 discriminator 1 view .LVU39
 212 0062 234B     		ldr	r3, .L24+24
 213 0064 1B78     		ldrb	r3, [r3]	@ zero_extendqisi2
 214              		.loc 1 57 26 discriminator 1 view .LVU40
 215 0066 3F2B     		cmp	r3, #63
 216 0068 CED0     		beq	.L16
 217              		.loc 1 58 27 view .LVU41
 218 006a 214A     		ldr	r2, .L24+24
 219 006c 5278     		ldrb	r2, [r2, #1]	@ zero_extendqisi2
 220              		.loc 1 58 9 view .LVU42
 221 006e 3F2A     		cmp	r2, #63
 222 0070 CAD0     		beq	.L16
 223              		.loc 1 61 8 is_stmt 1 view .LVU43
 224              		.loc 1 61 44 is_stmt 0 view .LVU44
 225 0072 303B     		subs	r3, r3, #48
 226              		.loc 1 61 51 view .LVU45
 227 0074 03EB8303 		add	r3, r3, r3, lsl #2
 228              		.loc 1 62 32 view .LVU46
 229 0078 303A     		subs	r2, r2, #48
 230              		.loc 1 62 10 view .LVU47
ARM GAS  C:\Users\Korisnik\AppData\Local\Temp\cchcTmsb.s 			page 5


 231 007a 02EB4303 		add	r3, r2, r3, lsl #1
 232              		.loc 1 61 22 view .LVU48
 233 007e 1E4A     		ldr	r2, .L24+32
 234 0080 1360     		str	r3, [r2]
 235              		.loc 1 63 8 is_stmt 1 view .LVU49
 236              		.loc 1 64 8 view .LVU50
 237              		.loc 1 64 18 is_stmt 0 view .LVU51
 238 0082 194B     		ldr	r3, .L24+16
 239 0084 0022     		movs	r2, #0
 240 0086 1A70     		strb	r2, [r3]
 241              		.loc 1 65 8 is_stmt 1 view .LVU52
 242              		.loc 1 65 27 is_stmt 0 view .LVU53
 243 0088 194B     		ldr	r3, .L24+24
 244 008a 3F22     		movs	r2, #63
 245 008c 1A70     		strb	r2, [r3]
 246              		.loc 1 66 8 is_stmt 1 view .LVU54
 247              		.loc 1 66 27 is_stmt 0 view .LVU55
 248 008e 5A70     		strb	r2, [r3, #1]
 249 0090 BAE7     		b	.L16
 250              	.L22:
 251              		.loc 1 66 27 view .LVU56
 252              	.LBE6:
 253              	.LBE5:
 254              		.loc 1 42 35 is_stmt 1 discriminator 2 view .LVU57
 255              		.loc 1 42 38 is_stmt 0 discriminator 2 view .LVU58
 256 0092 0135     		adds	r5, r5, #1
 257              	.LVL14:
 258              		.loc 1 42 38 discriminator 2 view .LVU59
 259 0094 EDB2     		uxtb	r5, r5
 260              	.LVL15:
 261              	.L12:
 262              		.loc 1 42 26 is_stmt 1 discriminator 1 view .LVU60
 263              		.loc 1 42 4 is_stmt 0 discriminator 1 view .LVU61
 264 0096 032D     		cmp	r5, #3
 265 0098 0DD8     		bhi	.L23
 266              	.LBB8:
 267              		.loc 1 44 5 is_stmt 1 view .LVU62
 268              		.loc 1 44 14 is_stmt 0 view .LVU63
 269 009a 184A     		ldr	r2, .L24+36
 270 009c D368     		ldr	r3, [r2, #12]
 271              	.LVL16:
 272              		.loc 1 45 5 is_stmt 1 view .LVU64
 273              		.loc 1 45 28 is_stmt 0 view .LVU65
 274 009e 03F47F43 		and	r3, r3, #65280
 275              	.LVL17:
 276              		.loc 1 45 46 view .LVU66
 277 00a2 2F46     		mov	r7, r5
 278 00a4 0121     		movs	r1, #1
 279 00a6 A940     		lsls	r1, r1, r5
 280              		.loc 1 45 38 view .LVU67
 281 00a8 0B43     		orrs	r3, r3, r1
 282              		.loc 1 45 16 view .LVU68
 283 00aa D360     		str	r3, [r2, #12]
 284              		.loc 1 48 5 is_stmt 1 view .LVU69
 285              		.loc 1 48 28 is_stmt 0 view .LVU70
 286 00ac 9668     		ldr	r6, [r2, #8]
 287              		.loc 1 48 14 view .LVU71
ARM GAS  C:\Users\Korisnik\AppData\Local\Temp\cchcTmsb.s 			page 6


 288 00ae C6F30216 		ubfx	r6, r6, #4, #3
 289              	.LVL18:
 290              		.loc 1 50 5 is_stmt 1 view .LVU72
 291              	.LBB7:
 292              		.loc 1 50 10 view .LVU73
 293              		.loc 1 50 18 is_stmt 0 view .LVU74
 294 00b2 0024     		movs	r4, #0
 295              		.loc 1 50 5 view .LVU75
 296 00b4 BEE7     		b	.L14
 297              	.LVL19:
 298              	.L23:
 299              		.loc 1 50 5 view .LVU76
 300              	.LBE7:
 301              	.LBE8:
 302              	.LBE4:
 303              		.loc 1 73 4 is_stmt 1 view .LVU77
 304              		.loc 1 73 15 is_stmt 0 view .LVU78
 305 00b6 114A     		ldr	r2, .L24+36
 306 00b8 D368     		ldr	r3, [r2, #12]
 307 00ba 43F00F03 		orr	r3, r3, #15
 308 00be D360     		str	r3, [r2, #12]
 309              	.LVL20:
 310              	.L13:
 311              		.loc 1 36 2 is_stmt 1 view .LVU79
 312              		.loc 1 38 3 view .LVU80
 313 00c0 4FF0FF31 		mov	r1, #-1
 314 00c4 0120     		movs	r0, #1
 315 00c6 0E4B     		ldr	r3, .L24+40
 316 00c8 9847     		blx	r3
 317              	.LVL21:
 318              		.loc 1 39 3 view .LVU81
 319              		.loc 1 39 7 is_stmt 0 view .LVU82
 320 00ca 034B     		ldr	r3, .L24
 321 00cc 1B78     		ldrb	r3, [r3]	@ zero_extendqisi2
 322              		.loc 1 39 6 view .LVU83
 323 00ce 002B     		cmp	r3, #0
 324 00d0 F6D0     		beq	.L13
 325              	.LBB9:
 326              		.loc 1 42 17 view .LVU84
 327 00d2 0025     		movs	r5, #0
 328 00d4 DFE7     		b	.L12
 329              	.L25:
 330 00d6 00BF     		.align	2
 331              	.L24:
 332 00d8 00000000 		.word	.LANCHOR0
 333 00dc 00000000 		.word	.LANCHOR1
 334 00e0 00000000 		.word	xTaskGetTickCount
 335 00e4 00000000 		.word	xTimerGenericCommand
 336 00e8 00000000 		.word	.LANCHOR2
 337 00ec 00000000 		.word	.LANCHOR3
 338 00f0 00000000 		.word	.LANCHOR4
 339 00f4 00000000 		.word	.LANCHOR5
 340 00f8 00000000 		.word	.LANCHOR6
 341 00fc 000C0140 		.word	1073810432
 342 0100 00000000 		.word	ulTaskNotifyTake
 343              	.LBE9:
 344              		.cfi_endproc
ARM GAS  C:\Users\Korisnik\AppData\Local\Temp\cchcTmsb.s 			page 7


 345              	.LFE69:
 347              		.section	.text.HAL_GPIO_EXTI_Callback,"ax",%progbits
 348              		.align	1
 349              		.global	HAL_GPIO_EXTI_Callback
 350              		.syntax unified
 351              		.thumb
 352              		.thumb_func
 353              		.fpu softvfp
 355              	HAL_GPIO_EXTI_Callback:
 356              	.LVL22:
 357              	.LFB71:
 358              		.loc 1 95 1 is_stmt 1 view -0
 359              		.cfi_startproc
 360              		@ args = 0, pretend = 0, frame = 8
 361              		@ frame_needed = 0, uses_anonymous_args = 0
 362              		.loc 1 96 2 view .LVU86
 363              		.loc 1 96 5 is_stmt 0 view .LVU87
 364 0000 8028     		cmp	r0, #128
 365 0002 00D0     		beq	.L33
 366 0004 7047     		bx	lr
 367              	.L33:
 368              		.loc 1 95 1 view .LVU88
 369 0006 00B5     		push	{lr}
 370              	.LCFI6:
 371              		.cfi_def_cfa_offset 4
 372              		.cfi_offset 14, -4
 373 0008 83B0     		sub	sp, sp, #12
 374              	.LCFI7:
 375              		.cfi_def_cfa_offset 16
 376              	.LBB10:
 377              		.loc 1 98 3 is_stmt 1 view .LVU89
 378              		.loc 1 98 14 is_stmt 0 view .LVU90
 379 000a 0023     		movs	r3, #0
 380 000c 0193     		str	r3, [sp, #4]
 381              		.loc 1 99 3 is_stmt 1 view .LVU91
 382 000e 01A9     		add	r1, sp, #4
 383 0010 094B     		ldr	r3, .L34
 384 0012 1868     		ldr	r0, [r3]
 385              	.LVL23:
 386              		.loc 1 99 3 is_stmt 0 view .LVU92
 387 0014 094B     		ldr	r3, .L34+4
 388 0016 9847     		blx	r3
 389              	.LVL24:
 390              		.loc 1 100 3 is_stmt 1 view .LVU93
 391 0018 019B     		ldr	r3, [sp, #4]
 392 001a 4BB1     		cbz	r3, .L26
 393              		.loc 1 100 3 discriminator 1 view .LVU94
 394 001c 4FF0E023 		mov	r3, #-536813568
 395 0020 4FF08052 		mov	r2, #268435456
 396 0024 C3F8042D 		str	r2, [r3, #3332]
 397              		.loc 1 100 3 discriminator 1 view .LVU95
 398              		.syntax unified
 399              	@ 100 "Core/Src/driver_keypad.c" 1
 400 0028 BFF34F8F 		dsb
 401              	@ 0 "" 2
 402              		.loc 1 100 3 discriminator 1 view .LVU96
 403              	@ 100 "Core/Src/driver_keypad.c" 1
ARM GAS  C:\Users\Korisnik\AppData\Local\Temp\cchcTmsb.s 			page 8


 404 002c BFF36F8F 		isb
 405              	@ 0 "" 2
 406              		.loc 1 100 28 discriminator 1 view .LVU97
 407              		.thumb
 408              		.syntax unified
 409              	.L26:
 410              	.LBE10:
 411              		.loc 1 102 1 is_stmt 0 view .LVU98
 412 0030 03B0     		add	sp, sp, #12
 413              	.LCFI8:
 414              		.cfi_def_cfa_offset 4
 415              		@ sp needed
 416 0032 5DF804FB 		ldr	pc, [sp], #4
 417              	.L35:
 418 0036 00BF     		.align	2
 419              	.L34:
 420 0038 00000000 		.word	.LANCHOR7
 421 003c 00000000 		.word	vTaskNotifyGiveFromISR
 422              		.cfi_endproc
 423              	.LFE71:
 425              		.section	.rodata.KEY_Init.str1.4,"aMS",%progbits,1
 426              		.align	2
 427              	.LC0:
 428 0000 4B45595F 		.ascii	"KEY_Task\000"
 428      5461736B 
 428      00
 429 0009 000000   		.align	2
 430              	.LC1:
 431 000c 43726561 		.ascii	"Create Fail\000"
 431      74652046 
 431      61696C00 
 432              		.align	2
 433              	.LC2:
 434 0018 4B45595F 		.ascii	"KEY_Timer\000"
 434      54696D65 
 434      7200
 435              		.section	.text.KEY_Init,"ax",%progbits
 436              		.align	1
 437              		.global	KEY_Init
 438              		.syntax unified
 439              		.thumb
 440              		.thumb_func
 441              		.fpu softvfp
 443              	KEY_Init:
 444              	.LFB72:
 445              		.loc 1 105 1 is_stmt 1 view -0
 446              		.cfi_startproc
 447              		@ args = 0, pretend = 0, frame = 0
 448              		@ frame_needed = 0, uses_anonymous_args = 0
 449 0000 10B5     		push	{r4, lr}
 450              	.LCFI9:
 451              		.cfi_def_cfa_offset 8
 452              		.cfi_offset 4, -8
 453              		.cfi_offset 14, -4
 454 0002 82B0     		sub	sp, sp, #8
 455              	.LCFI10:
 456              		.cfi_def_cfa_offset 16
ARM GAS  C:\Users\Korisnik\AppData\Local\Temp\cchcTmsb.s 			page 9


 457              		.loc 1 106 2 view .LVU100
 458              		.loc 1 106 13 is_stmt 0 view .LVU101
 459 0004 164B     		ldr	r3, .L40
 460 0006 0F22     		movs	r2, #15
 461 0008 DA60     		str	r2, [r3, #12]
 462              		.loc 1 107 2 is_stmt 1 view .LVU102
 463              		.loc 1 107 22 is_stmt 0 view .LVU103
 464 000a 164B     		ldr	r3, .L40+4
 465 000c 0193     		str	r3, [sp, #4]
 466 000e 0623     		movs	r3, #6
 467 0010 0093     		str	r3, [sp]
 468 0012 0023     		movs	r3, #0
 469 0014 4FF48072 		mov	r2, #256
 470 0018 1349     		ldr	r1, .L40+8
 471 001a 1448     		ldr	r0, .L40+12
 472 001c 144C     		ldr	r4, .L40+16
 473 001e A047     		blx	r4
 474              	.LVL25:
 475              		.loc 1 109 2 is_stmt 1 view .LVU104
 476              		.loc 1 109 5 is_stmt 0 view .LVU105
 477 0020 0128     		cmp	r0, #1
 478 0022 17D1     		bne	.L39
 479              	.LVL26:
 480              	.L37:
 481              		.loc 1 113 2 is_stmt 1 view .LVU106
 482              		.loc 1 113 20 is_stmt 0 view .LVU107
 483 0024 134B     		ldr	r3, .L40+20
 484 0026 0093     		str	r3, [sp]
 485 0028 0023     		movs	r3, #0
 486 002a 1A46     		mov	r2, r3
 487 002c 0A21     		movs	r1, #10
 488 002e 1248     		ldr	r0, .L40+24
 489 0030 124C     		ldr	r4, .L40+28
 490 0032 A047     		blx	r4
 491              	.LVL27:
 492 0034 0446     		mov	r4, r0
 493              		.loc 1 113 18 view .LVU108
 494 0036 124B     		ldr	r3, .L40+32
 495 0038 1860     		str	r0, [r3]
 496              		.loc 1 114 2 is_stmt 1 view .LVU109
 497 003a 124B     		ldr	r3, .L40+36
 498 003c 9847     		blx	r3
 499              	.LVL28:
 500 003e 0246     		mov	r2, r0
 501 0040 4FF0FF33 		mov	r3, #-1
 502 0044 0093     		str	r3, [sp]
 503 0046 0023     		movs	r3, #0
 504 0048 0121     		movs	r1, #1
 505 004a 2046     		mov	r0, r4
 506 004c 0E4C     		ldr	r4, .L40+40
 507 004e A047     		blx	r4
 508              	.LVL29:
 509              		.loc 1 115 1 is_stmt 0 view .LVU110
 510 0050 02B0     		add	sp, sp, #8
 511              	.LCFI11:
 512              		.cfi_remember_state
 513              		.cfi_def_cfa_offset 8
ARM GAS  C:\Users\Korisnik\AppData\Local\Temp\cchcTmsb.s 			page 10


 514              		@ sp needed
 515 0052 10BD     		pop	{r4, pc}
 516              	.LVL30:
 517              	.L39:
 518              	.LCFI12:
 519              		.cfi_restore_state
 520              		.loc 1 111 3 is_stmt 1 view .LVU111
 521 0054 0D49     		ldr	r1, .L40+44
 522 0056 1020     		movs	r0, #16
 523              	.LVL31:
 524              		.loc 1 111 3 is_stmt 0 view .LVU112
 525 0058 0D4B     		ldr	r3, .L40+48
 526 005a 9847     		blx	r3
 527              	.LVL32:
 528 005c E2E7     		b	.L37
 529              	.L41:
 530 005e 00BF     		.align	2
 531              	.L40:
 532 0060 000C0140 		.word	1073810432
 533 0064 00000000 		.word	.LANCHOR7
 534 0068 00000000 		.word	.LC0
 535 006c 00000000 		.word	KEY_Task
 536 0070 00000000 		.word	xTaskCreate
 537 0074 00000000 		.word	KEY_TimerCallback
 538 0078 18000000 		.word	.LC2
 539 007c 00000000 		.word	xTimerCreate
 540 0080 00000000 		.word	.LANCHOR1
 541 0084 00000000 		.word	xTaskGetTickCount
 542 0088 00000000 		.word	xTimerGenericCommand
 543 008c 0C000000 		.word	.LC1
 544 0090 00000000 		.word	LCD_DisplayStringAtAddress
 545              		.cfi_endproc
 546              	.LFE72:
 548              		.global	tempIndex
 549              		.global	keyValueChanged
 550              		.global	tempThreshold
 551              		.global	tempInputBuffer
 552              		.section	.bss.KEY_TaskHandle,"aw",%nobits
 553              		.align	2
 554              		.set	.LANCHOR7,. + 0
 557              	KEY_TaskHandle:
 558 0000 00000000 		.space	4
 559              		.section	.bss.KEY_TimerHandle,"aw",%nobits
 560              		.align	2
 561              		.set	.LANCHOR1,. + 0
 564              	KEY_TimerHandle:
 565 0000 00000000 		.space	4
 566              		.section	.bss.keyValueChanged,"aw",%nobits
 567              		.set	.LANCHOR5,. + 0
 570              	keyValueChanged:
 571 0000 00       		.space	1
 572              		.section	.bss.tempIndex,"aw",%nobits
 573              		.set	.LANCHOR2,. + 0
 576              	tempIndex:
 577 0000 00       		.space	1
 578              		.section	.data.KEY_PreviousReleased,"aw"
 579              		.set	.LANCHOR0,. + 0
ARM GAS  C:\Users\Korisnik\AppData\Local\Temp\cchcTmsb.s 			page 11


 582              	KEY_PreviousReleased:
 583 0000 01       		.byte	1
 584              		.section	.data.tempInputBuffer,"aw"
 585              		.align	2
 586              		.set	.LANCHOR4,. + 0
 589              	tempInputBuffer:
 590 0000 3F3F00   		.ascii	"??\000"
 591              		.section	.data.tempThreshold,"aw"
 592              		.align	2
 593              		.set	.LANCHOR6,. + 0
 596              	tempThreshold:
 597 0000 1E000000 		.word	30
 598              		.section	.rodata.KEY_Map,"a"
 599              		.align	2
 600              		.set	.LANCHOR3,. + 0
 603              	KEY_Map:
 604 0000 313233   		.ascii	"123"
 605 0003 343536   		.ascii	"456"
 606 0006 373839   		.ascii	"789"
 607 0009 2A3023   		.ascii	"*0#"
 608              		.text
 609              	.Letext0:
 610              		.file 2 "../c:\\users\\korisnik\\desktop\\etf\\4. godina\\mips\\gnu mcu\\arm-none-eabi-gcc-10.2.1-
 611              		.file 3 "../c:\\users\\korisnik\\desktop\\etf\\4. godina\\mips\\gnu mcu\\arm-none-eabi-gcc-10.2.1-
 612              		.file 4 "../Middlewares/Third_Party/FreeRTOS/Source/portable/GCC/ARM_CM3/portmacro.h"
 613              		.file 5 "../Core/Inc/driver_keypad.h"
 614              		.file 6 "../Drivers/CMSIS/Device/ST/STM32F1xx/Include/stm32f103x6.h"
 615              		.file 7 "../Middlewares/Third_Party/FreeRTOS/Source/include/task.h"
 616              		.file 8 "../Middlewares/Third_Party/FreeRTOS/Source/include/timers.h"
 617              		.file 9 "../Core/Inc/driver_lcd.h"
ARM GAS  C:\Users\Korisnik\AppData\Local\Temp\cchcTmsb.s 			page 12


DEFINED SYMBOLS
                            *ABS*:0000000000000000 driver_keypad.c
C:\Users\Korisnik\AppData\Local\Temp\cchcTmsb.s:16     .text.KEY_TimerCallback:0000000000000000 $t
C:\Users\Korisnik\AppData\Local\Temp\cchcTmsb.s:23     .text.KEY_TimerCallback:0000000000000000 KEY_TimerCallback
C:\Users\Korisnik\AppData\Local\Temp\cchcTmsb.s:105    .text.KEY_TimerCallback:000000000000003c $d
C:\Users\Korisnik\AppData\Local\Temp\cchcTmsb.s:114    .text.KEY_Task:0000000000000000 $t
C:\Users\Korisnik\AppData\Local\Temp\cchcTmsb.s:120    .text.KEY_Task:0000000000000000 KEY_Task
C:\Users\Korisnik\AppData\Local\Temp\cchcTmsb.s:332    .text.KEY_Task:00000000000000d8 $d
C:\Users\Korisnik\AppData\Local\Temp\cchcTmsb.s:348    .text.HAL_GPIO_EXTI_Callback:0000000000000000 $t
C:\Users\Korisnik\AppData\Local\Temp\cchcTmsb.s:355    .text.HAL_GPIO_EXTI_Callback:0000000000000000 HAL_GPIO_EXTI_Callback
C:\Users\Korisnik\AppData\Local\Temp\cchcTmsb.s:420    .text.HAL_GPIO_EXTI_Callback:0000000000000038 $d
C:\Users\Korisnik\AppData\Local\Temp\cchcTmsb.s:426    .rodata.KEY_Init.str1.4:0000000000000000 $d
C:\Users\Korisnik\AppData\Local\Temp\cchcTmsb.s:436    .text.KEY_Init:0000000000000000 $t
C:\Users\Korisnik\AppData\Local\Temp\cchcTmsb.s:443    .text.KEY_Init:0000000000000000 KEY_Init
C:\Users\Korisnik\AppData\Local\Temp\cchcTmsb.s:532    .text.KEY_Init:0000000000000060 $d
C:\Users\Korisnik\AppData\Local\Temp\cchcTmsb.s:576    .bss.tempIndex:0000000000000000 tempIndex
C:\Users\Korisnik\AppData\Local\Temp\cchcTmsb.s:570    .bss.keyValueChanged:0000000000000000 keyValueChanged
C:\Users\Korisnik\AppData\Local\Temp\cchcTmsb.s:596    .data.tempThreshold:0000000000000000 tempThreshold
C:\Users\Korisnik\AppData\Local\Temp\cchcTmsb.s:589    .data.tempInputBuffer:0000000000000000 tempInputBuffer
C:\Users\Korisnik\AppData\Local\Temp\cchcTmsb.s:553    .bss.KEY_TaskHandle:0000000000000000 $d
C:\Users\Korisnik\AppData\Local\Temp\cchcTmsb.s:557    .bss.KEY_TaskHandle:0000000000000000 KEY_TaskHandle
C:\Users\Korisnik\AppData\Local\Temp\cchcTmsb.s:560    .bss.KEY_TimerHandle:0000000000000000 $d
C:\Users\Korisnik\AppData\Local\Temp\cchcTmsb.s:564    .bss.KEY_TimerHandle:0000000000000000 KEY_TimerHandle
C:\Users\Korisnik\AppData\Local\Temp\cchcTmsb.s:571    .bss.keyValueChanged:0000000000000000 $d
C:\Users\Korisnik\AppData\Local\Temp\cchcTmsb.s:577    .bss.tempIndex:0000000000000000 $d
C:\Users\Korisnik\AppData\Local\Temp\cchcTmsb.s:582    .data.KEY_PreviousReleased:0000000000000000 KEY_PreviousReleased
C:\Users\Korisnik\AppData\Local\Temp\cchcTmsb.s:585    .data.tempInputBuffer:0000000000000000 $d
C:\Users\Korisnik\AppData\Local\Temp\cchcTmsb.s:592    .data.tempThreshold:0000000000000000 $d
C:\Users\Korisnik\AppData\Local\Temp\cchcTmsb.s:599    .rodata.KEY_Map:0000000000000000 $d
C:\Users\Korisnik\AppData\Local\Temp\cchcTmsb.s:603    .rodata.KEY_Map:0000000000000000 KEY_Map

UNDEFINED SYMBOLS
xTaskGetTickCount
xTimerGenericCommand
ulTaskNotifyTake
vTaskNotifyGiveFromISR
xTaskCreate
xTimerCreate
LCD_DisplayStringAtAddress
