ARM GAS  C:\Users\Korisnik\AppData\Local\Temp\ccqGr5lt.s 			page 1


   1              		.cpu cortex-m3
   2              		.eabi_attribute 20, 1
   3              		.eabi_attribute 21, 1
   4              		.eabi_attribute 23, 3
   5              		.eabi_attribute 24, 1
   6              		.eabi_attribute 25, 1
   7              		.eabi_attribute 26, 1
   8              		.eabi_attribute 30, 1
   9              		.eabi_attribute 34, 1
  10              		.eabi_attribute 18, 4
  11              		.file	"stm32f1xx_it.c"
  12              		.text
  13              	.Ltext0:
  14              		.cfi_sections	.debug_frame
  15              		.section	.text.NMI_Handler,"ax",%progbits
  16              		.align	1
  17              		.global	NMI_Handler
  18              		.arch armv7-m
  19              		.syntax unified
  20              		.thumb
  21              		.thumb_func
  22              		.fpu softvfp
  24              	NMI_Handler:
  25              	.LFB65:
  26              		.file 1 "../Core/Src/stm32f1xx_it.c"
   1:../Core/Src/stm32f1xx_it.c **** 
  27              		.loc 1 76 1 view -0
  28              		.cfi_startproc
  29              		@ Volatile: function does not return.
  30              		@ args = 0, pretend = 0, frame = 0
  31              		@ frame_needed = 0, uses_anonymous_args = 0
  32              		@ link register save eliminated.
  33              	.L2:
  34              		.loc 1 81 3 discriminator 1 view .LVU1
  35              		.loc 1 83 3 discriminator 1 view .LVU2
  36              		.loc 1 81 9 discriminator 1 view .LVU3
  37 0000 FEE7     		b	.L2
  38              		.cfi_endproc
  39              	.LFE65:
  41              		.section	.text.HardFault_Handler,"ax",%progbits
  42              		.align	1
  43              		.global	HardFault_Handler
  44              		.syntax unified
  45              		.thumb
  46              		.thumb_func
  47              		.fpu softvfp
  49              	HardFault_Handler:
  50              	.LFB66:
  51              		.loc 1 91 1 view -0
  52              		.cfi_startproc
  53              		@ Volatile: function does not return.
  54              		@ args = 0, pretend = 0, frame = 0
  55              		@ frame_needed = 0, uses_anonymous_args = 0
  56              		@ link register save eliminated.
  57              	.L4:
  58              		.loc 1 95 3 discriminator 1 view .LVU5
  59              		.loc 1 99 3 discriminator 1 view .LVU6
ARM GAS  C:\Users\Korisnik\AppData\Local\Temp\ccqGr5lt.s 			page 2


  60              		.loc 1 95 9 discriminator 1 view .LVU7
  61 0000 FEE7     		b	.L4
  62              		.cfi_endproc
  63              	.LFE66:
  65              		.section	.text.MemManage_Handler,"ax",%progbits
  66              		.align	1
  67              		.global	MemManage_Handler
  68              		.syntax unified
  69              		.thumb
  70              		.thumb_func
  71              		.fpu softvfp
  73              	MemManage_Handler:
  74              	.LFB67:
  75              		.loc 1 106 1 view -0
  76              		.cfi_startproc
  77              		@ Volatile: function does not return.
  78              		@ args = 0, pretend = 0, frame = 0
  79              		@ frame_needed = 0, uses_anonymous_args = 0
  80              		@ link register save eliminated.
  81              	.L6:
  82              		.loc 1 110 3 discriminator 1 view .LVU9
  83              		.loc 1 114 3 discriminator 1 view .LVU10
  84              		.loc 1 110 9 discriminator 1 view .LVU11
  85 0000 FEE7     		b	.L6
  86              		.cfi_endproc
  87              	.LFE67:
  89              		.section	.text.BusFault_Handler,"ax",%progbits
  90              		.align	1
  91              		.global	BusFault_Handler
  92              		.syntax unified
  93              		.thumb
  94              		.thumb_func
  95              		.fpu softvfp
  97              	BusFault_Handler:
  98              	.LFB68:
  99              		.loc 1 121 1 view -0
 100              		.cfi_startproc
 101              		@ Volatile: function does not return.
 102              		@ args = 0, pretend = 0, frame = 0
 103              		@ frame_needed = 0, uses_anonymous_args = 0
 104              		@ link register save eliminated.
 105              	.L8:
 106              		.loc 1 125 3 discriminator 1 view .LVU13
 107              		.loc 1 129 3 discriminator 1 view .LVU14
 108              		.loc 1 125 9 discriminator 1 view .LVU15
 109 0000 FEE7     		b	.L8
 110              		.cfi_endproc
 111              	.LFE68:
 113              		.section	.text.UsageFault_Handler,"ax",%progbits
 114              		.align	1
 115              		.global	UsageFault_Handler
 116              		.syntax unified
 117              		.thumb
 118              		.thumb_func
 119              		.fpu softvfp
 121              	UsageFault_Handler:
 122              	.LFB69:
ARM GAS  C:\Users\Korisnik\AppData\Local\Temp\ccqGr5lt.s 			page 3


 123              		.loc 1 136 1 view -0
 124              		.cfi_startproc
 125              		@ Volatile: function does not return.
 126              		@ args = 0, pretend = 0, frame = 0
 127              		@ frame_needed = 0, uses_anonymous_args = 0
 128              		@ link register save eliminated.
 129              	.L10:
 130              		.loc 1 140 3 discriminator 1 view .LVU17
 131              		.loc 1 144 3 discriminator 1 view .LVU18
 132              		.loc 1 140 9 discriminator 1 view .LVU19
 133 0000 FEE7     		b	.L10
 134              		.cfi_endproc
 135              	.LFE69:
 137              		.section	.text.DebugMon_Handler,"ax",%progbits
 138              		.align	1
 139              		.global	DebugMon_Handler
 140              		.syntax unified
 141              		.thumb
 142              		.thumb_func
 143              		.fpu softvfp
 145              	DebugMon_Handler:
 146              	.LFB70:
 147              		.loc 1 151 1 view -0
 148              		.cfi_startproc
 149              		@ args = 0, pretend = 0, frame = 0
 150              		@ frame_needed = 0, uses_anonymous_args = 0
 151              		@ link register save eliminated.
 152              		.loc 1 158 1 view .LVU21
 153 0000 7047     		bx	lr
 154              		.cfi_endproc
 155              	.LFE70:
 157              		.section	.text.ADC1_2_IRQHandler,"ax",%progbits
 158              		.align	1
 159              		.global	ADC1_2_IRQHandler
 160              		.syntax unified
 161              		.thumb
 162              		.thumb_func
 163              		.fpu softvfp
 165              	ADC1_2_IRQHandler:
 166              	.LFB71:
 167              		.loc 1 171 1 view -0
 168              		.cfi_startproc
 169              		@ args = 0, pretend = 0, frame = 0
 170              		@ frame_needed = 0, uses_anonymous_args = 0
 171 0000 08B5     		push	{r3, lr}
 172              	.LCFI0:
 173              		.cfi_def_cfa_offset 8
 174              		.cfi_offset 3, -8
 175              		.cfi_offset 14, -4
 176              		.loc 1 175 3 view .LVU23
 177 0002 0248     		ldr	r0, .L14
 178 0004 024B     		ldr	r3, .L14+4
 179 0006 9847     		blx	r3
 180              	.LVL0:
 181              		.loc 1 179 1 is_stmt 0 view .LVU24
 182 0008 08BD     		pop	{r3, pc}
 183              	.L15:
ARM GAS  C:\Users\Korisnik\AppData\Local\Temp\ccqGr5lt.s 			page 4


 184 000a 00BF     		.align	2
 185              	.L14:
 186 000c 00000000 		.word	hadc1
 187 0010 00000000 		.word	HAL_ADC_IRQHandler
 188              		.cfi_endproc
 189              	.LFE71:
 191              		.section	.text.EXTI9_5_IRQHandler,"ax",%progbits
 192              		.align	1
 193              		.global	EXTI9_5_IRQHandler
 194              		.syntax unified
 195              		.thumb
 196              		.thumb_func
 197              		.fpu softvfp
 199              	EXTI9_5_IRQHandler:
 200              	.LFB72:
 201              		.loc 1 185 1 is_stmt 1 view -0
 202              		.cfi_startproc
 203              		@ args = 0, pretend = 0, frame = 0
 204              		@ frame_needed = 0, uses_anonymous_args = 0
 205 0000 08B5     		push	{r3, lr}
 206              	.LCFI1:
 207              		.cfi_def_cfa_offset 8
 208              		.cfi_offset 3, -8
 209              		.cfi_offset 14, -4
 210              		.loc 1 189 3 view .LVU26
 211 0002 8020     		movs	r0, #128
 212 0004 014B     		ldr	r3, .L18
 213 0006 9847     		blx	r3
 214              	.LVL1:
 215              		.loc 1 193 1 is_stmt 0 view .LVU27
 216 0008 08BD     		pop	{r3, pc}
 217              	.L19:
 218 000a 00BF     		.align	2
 219              	.L18:
 220 000c 00000000 		.word	HAL_GPIO_EXTI_IRQHandler
 221              		.cfi_endproc
 222              	.LFE72:
 224              		.section	.text.TIM1_UP_IRQHandler,"ax",%progbits
 225              		.align	1
 226              		.global	TIM1_UP_IRQHandler
 227              		.syntax unified
 228              		.thumb
 229              		.thumb_func
 230              		.fpu softvfp
 232              	TIM1_UP_IRQHandler:
 233              	.LFB73:
 234              		.loc 1 199 1 is_stmt 1 view -0
 235              		.cfi_startproc
 236              		@ args = 0, pretend = 0, frame = 0
 237              		@ frame_needed = 0, uses_anonymous_args = 0
 238 0000 08B5     		push	{r3, lr}
 239              	.LCFI2:
 240              		.cfi_def_cfa_offset 8
 241              		.cfi_offset 3, -8
 242              		.cfi_offset 14, -4
 243              		.loc 1 203 3 view .LVU29
 244 0002 0248     		ldr	r0, .L22
ARM GAS  C:\Users\Korisnik\AppData\Local\Temp\ccqGr5lt.s 			page 5


 245 0004 024B     		ldr	r3, .L22+4
 246 0006 9847     		blx	r3
 247              	.LVL2:
 248              		.loc 1 207 1 is_stmt 0 view .LVU30
 249 0008 08BD     		pop	{r3, pc}
 250              	.L23:
 251 000a 00BF     		.align	2
 252              	.L22:
 253 000c 00000000 		.word	htim1
 254 0010 00000000 		.word	HAL_TIM_IRQHandler
 255              		.cfi_endproc
 256              	.LFE73:
 258              		.section	.text.TIM2_IRQHandler,"ax",%progbits
 259              		.align	1
 260              		.global	TIM2_IRQHandler
 261              		.syntax unified
 262              		.thumb
 263              		.thumb_func
 264              		.fpu softvfp
 266              	TIM2_IRQHandler:
 267              	.LFB74:
 268              		.loc 1 213 1 is_stmt 1 view -0
 269              		.cfi_startproc
 270              		@ args = 0, pretend = 0, frame = 0
 271              		@ frame_needed = 0, uses_anonymous_args = 0
 272 0000 08B5     		push	{r3, lr}
 273              	.LCFI3:
 274              		.cfi_def_cfa_offset 8
 275              		.cfi_offset 3, -8
 276              		.cfi_offset 14, -4
 277              		.loc 1 217 3 view .LVU32
 278 0002 0248     		ldr	r0, .L26
 279 0004 024B     		ldr	r3, .L26+4
 280 0006 9847     		blx	r3
 281              	.LVL3:
 282              		.loc 1 221 1 is_stmt 0 view .LVU33
 283 0008 08BD     		pop	{r3, pc}
 284              	.L27:
 285 000a 00BF     		.align	2
 286              	.L26:
 287 000c 00000000 		.word	htim2
 288 0010 00000000 		.word	HAL_TIM_IRQHandler
 289              		.cfi_endproc
 290              	.LFE74:
 292              		.section	.text.TIM3_IRQHandler,"ax",%progbits
 293              		.align	1
 294              		.global	TIM3_IRQHandler
 295              		.syntax unified
 296              		.thumb
 297              		.thumb_func
 298              		.fpu softvfp
 300              	TIM3_IRQHandler:
 301              	.LFB75:
 302              		.loc 1 227 1 is_stmt 1 view -0
 303              		.cfi_startproc
 304              		@ args = 0, pretend = 0, frame = 0
 305              		@ frame_needed = 0, uses_anonymous_args = 0
ARM GAS  C:\Users\Korisnik\AppData\Local\Temp\ccqGr5lt.s 			page 6


 306 0000 08B5     		push	{r3, lr}
 307              	.LCFI4:
 308              		.cfi_def_cfa_offset 8
 309              		.cfi_offset 3, -8
 310              		.cfi_offset 14, -4
 311              		.loc 1 231 3 view .LVU35
 312 0002 0248     		ldr	r0, .L30
 313 0004 024B     		ldr	r3, .L30+4
 314 0006 9847     		blx	r3
 315              	.LVL4:
 316              		.loc 1 235 1 is_stmt 0 view .LVU36
 317 0008 08BD     		pop	{r3, pc}
 318              	.L31:
 319 000a 00BF     		.align	2
 320              	.L30:
 321 000c 00000000 		.word	htim3
 322 0010 00000000 		.word	HAL_TIM_IRQHandler
 323              		.cfi_endproc
 324              	.LFE75:
 326              		.section	.text.USART1_IRQHandler,"ax",%progbits
 327              		.align	1
 328              		.global	USART1_IRQHandler
 329              		.syntax unified
 330              		.thumb
 331              		.thumb_func
 332              		.fpu softvfp
 334              	USART1_IRQHandler:
 335              	.LFB76:
 336              		.loc 1 241 1 is_stmt 1 view -0
 337              		.cfi_startproc
 338              		@ args = 0, pretend = 0, frame = 0
 339              		@ frame_needed = 0, uses_anonymous_args = 0
 340 0000 08B5     		push	{r3, lr}
 341              	.LCFI5:
 342              		.cfi_def_cfa_offset 8
 343              		.cfi_offset 3, -8
 344              		.cfi_offset 14, -4
 345              		.loc 1 245 3 view .LVU38
 346 0002 0248     		ldr	r0, .L34
 347 0004 024B     		ldr	r3, .L34+4
 348 0006 9847     		blx	r3
 349              	.LVL5:
 350              		.loc 1 249 1 is_stmt 0 view .LVU39
 351 0008 08BD     		pop	{r3, pc}
 352              	.L35:
 353 000a 00BF     		.align	2
 354              	.L34:
 355 000c 00000000 		.word	huart1
 356 0010 00000000 		.word	HAL_UART_IRQHandler
 357              		.cfi_endproc
 358              	.LFE76:
 360              		.text
 361              	.Letext0:
 362              		.file 2 "../c:\\users\\korisnik\\desktop\\etf\\4. godina\\mips\\gnu mcu\\arm-none-eabi-gcc-10.2.1-
 363              		.file 3 "../c:\\users\\korisnik\\desktop\\etf\\4. godina\\mips\\gnu mcu\\arm-none-eabi-gcc-10.2.1-
 364              		.file 4 "../Drivers/CMSIS/Device/ST/STM32F1xx/Include/stm32f103x6.h"
 365              		.file 5 "../Drivers/CMSIS/Device/ST/STM32F1xx/Include/stm32f1xx.h"
ARM GAS  C:\Users\Korisnik\AppData\Local\Temp\ccqGr5lt.s 			page 7


 366              		.file 6 "../Drivers/STM32F1xx_HAL_Driver/Inc/stm32f1xx_hal_def.h"
 367              		.file 7 "../Drivers/STM32F1xx_HAL_Driver/Inc/stm32f1xx_hal_dma.h"
 368              		.file 8 "../Drivers/STM32F1xx_HAL_Driver/Inc/stm32f1xx_hal_adc.h"
 369              		.file 9 "../Drivers/STM32F1xx_HAL_Driver/Inc/stm32f1xx_hal_tim.h"
 370              		.file 10 "../Drivers/STM32F1xx_HAL_Driver/Inc/stm32f1xx_hal_uart.h"
 371              		.file 11 "../Drivers/STM32F1xx_HAL_Driver/Inc/stm32f1xx_hal_gpio.h"
ARM GAS  C:\Users\Korisnik\AppData\Local\Temp\ccqGr5lt.s 			page 8


DEFINED SYMBOLS
                            *ABS*:0000000000000000 stm32f1xx_it.c
C:\Users\Korisnik\AppData\Local\Temp\ccqGr5lt.s:16     .text.NMI_Handler:0000000000000000 $t
C:\Users\Korisnik\AppData\Local\Temp\ccqGr5lt.s:24     .text.NMI_Handler:0000000000000000 NMI_Handler
C:\Users\Korisnik\AppData\Local\Temp\ccqGr5lt.s:42     .text.HardFault_Handler:0000000000000000 $t
C:\Users\Korisnik\AppData\Local\Temp\ccqGr5lt.s:49     .text.HardFault_Handler:0000000000000000 HardFault_Handler
C:\Users\Korisnik\AppData\Local\Temp\ccqGr5lt.s:66     .text.MemManage_Handler:0000000000000000 $t
C:\Users\Korisnik\AppData\Local\Temp\ccqGr5lt.s:73     .text.MemManage_Handler:0000000000000000 MemManage_Handler
C:\Users\Korisnik\AppData\Local\Temp\ccqGr5lt.s:90     .text.BusFault_Handler:0000000000000000 $t
C:\Users\Korisnik\AppData\Local\Temp\ccqGr5lt.s:97     .text.BusFault_Handler:0000000000000000 BusFault_Handler
C:\Users\Korisnik\AppData\Local\Temp\ccqGr5lt.s:114    .text.UsageFault_Handler:0000000000000000 $t
C:\Users\Korisnik\AppData\Local\Temp\ccqGr5lt.s:121    .text.UsageFault_Handler:0000000000000000 UsageFault_Handler
C:\Users\Korisnik\AppData\Local\Temp\ccqGr5lt.s:138    .text.DebugMon_Handler:0000000000000000 $t
C:\Users\Korisnik\AppData\Local\Temp\ccqGr5lt.s:145    .text.DebugMon_Handler:0000000000000000 DebugMon_Handler
C:\Users\Korisnik\AppData\Local\Temp\ccqGr5lt.s:158    .text.ADC1_2_IRQHandler:0000000000000000 $t
C:\Users\Korisnik\AppData\Local\Temp\ccqGr5lt.s:165    .text.ADC1_2_IRQHandler:0000000000000000 ADC1_2_IRQHandler
C:\Users\Korisnik\AppData\Local\Temp\ccqGr5lt.s:186    .text.ADC1_2_IRQHandler:000000000000000c $d
C:\Users\Korisnik\AppData\Local\Temp\ccqGr5lt.s:192    .text.EXTI9_5_IRQHandler:0000000000000000 $t
C:\Users\Korisnik\AppData\Local\Temp\ccqGr5lt.s:199    .text.EXTI9_5_IRQHandler:0000000000000000 EXTI9_5_IRQHandler
C:\Users\Korisnik\AppData\Local\Temp\ccqGr5lt.s:220    .text.EXTI9_5_IRQHandler:000000000000000c $d
C:\Users\Korisnik\AppData\Local\Temp\ccqGr5lt.s:225    .text.TIM1_UP_IRQHandler:0000000000000000 $t
C:\Users\Korisnik\AppData\Local\Temp\ccqGr5lt.s:232    .text.TIM1_UP_IRQHandler:0000000000000000 TIM1_UP_IRQHandler
C:\Users\Korisnik\AppData\Local\Temp\ccqGr5lt.s:253    .text.TIM1_UP_IRQHandler:000000000000000c $d
C:\Users\Korisnik\AppData\Local\Temp\ccqGr5lt.s:259    .text.TIM2_IRQHandler:0000000000000000 $t
C:\Users\Korisnik\AppData\Local\Temp\ccqGr5lt.s:266    .text.TIM2_IRQHandler:0000000000000000 TIM2_IRQHandler
C:\Users\Korisnik\AppData\Local\Temp\ccqGr5lt.s:287    .text.TIM2_IRQHandler:000000000000000c $d
C:\Users\Korisnik\AppData\Local\Temp\ccqGr5lt.s:293    .text.TIM3_IRQHandler:0000000000000000 $t
C:\Users\Korisnik\AppData\Local\Temp\ccqGr5lt.s:300    .text.TIM3_IRQHandler:0000000000000000 TIM3_IRQHandler
C:\Users\Korisnik\AppData\Local\Temp\ccqGr5lt.s:321    .text.TIM3_IRQHandler:000000000000000c $d
C:\Users\Korisnik\AppData\Local\Temp\ccqGr5lt.s:327    .text.USART1_IRQHandler:0000000000000000 $t
C:\Users\Korisnik\AppData\Local\Temp\ccqGr5lt.s:334    .text.USART1_IRQHandler:0000000000000000 USART1_IRQHandler
C:\Users\Korisnik\AppData\Local\Temp\ccqGr5lt.s:355    .text.USART1_IRQHandler:000000000000000c $d

UNDEFINED SYMBOLS
hadc1
HAL_ADC_IRQHandler
HAL_GPIO_EXTI_IRQHandler
htim1
HAL_TIM_IRQHandler
htim2
htim3
huart1
HAL_UART_IRQHandler
