ARM GAS  C:\Users\Korisnik\AppData\Local\Temp\cc9adJMl.s 			page 1


   1              		.cpu cortex-m3
   2              		.eabi_attribute 20, 1
   3              		.eabi_attribute 21, 1
   4              		.eabi_attribute 23, 3
   5              		.eabi_attribute 24, 1
   6              		.eabi_attribute 25, 1
   7              		.eabi_attribute 26, 1
   8              		.eabi_attribute 30, 1
   9              		.eabi_attribute 34, 1
  10              		.eabi_attribute 18, 4
  11              		.file	"work.c"
  12              		.text
  13              	.Ltext0:
  14              		.cfi_sections	.debug_frame
  15              		.global	__aeabi_ui2f
  16              		.global	__aeabi_fcmpgt
  17              		.section	.text.LED_Callback,"ax",%progbits
  18              		.align	1
  19              		.global	LED_Callback
  20              		.arch armv7-m
  21              		.syntax unified
  22              		.thumb
  23              		.thumb_func
  24              		.fpu softvfp
  26              	LED_Callback:
  27              	.LVL0:
  28              	.LFB76:
  29              		.file 1 "../Core/Src/work.c"
   1:../Core/Src/work.c **** 
  30              		.loc 1 290 1 view -0
  31              		.cfi_startproc
  32              		@ args = 0, pretend = 0, frame = 0
  33              		@ frame_needed = 0, uses_anonymous_args = 0
  34              		.loc 1 290 1 is_stmt 0 view .LVU1
  35 0000 38B5     		push	{r3, r4, r5, lr}
  36              	.LCFI0:
  37              		.cfi_def_cfa_offset 16
  38              		.cfi_offset 3, -16
  39              		.cfi_offset 4, -12
  40              		.cfi_offset 5, -8
  41              		.cfi_offset 14, -4
  42              		.loc 1 291 2 is_stmt 1 view .LVU2
  43              		.loc 1 291 19 is_stmt 0 view .LVU3
  44 0002 124B     		ldr	r3, .L8
  45 0004 9847     		blx	r3
  46              	.LVL1:
  47              		.loc 1 291 19 view .LVU4
  48 0006 0446     		mov	r4, r0
  49              	.LVL2:
  50              		.loc 1 292 2 is_stmt 1 view .LVU5
  51              		.loc 1 292 15 is_stmt 0 view .LVU6
  52 0008 114B     		ldr	r3, .L8+4
  53 000a 1868     		ldr	r0, [r3]
  54              	.LVL3:
  55              		.loc 1 292 15 view .LVU7
  56 000c 114B     		ldr	r3, .L8+8
  57 000e 9847     		blx	r3
ARM GAS  C:\Users\Korisnik\AppData\Local\Temp\cc9adJMl.s 			page 2


  58              	.LVL4:
  59              		.loc 1 292 5 view .LVU8
  60 0010 2146     		mov	r1, r4
  61 0012 114B     		ldr	r3, .L8+12
  62 0014 9847     		blx	r3
  63              	.LVL5:
  64 0016 60B1     		cbz	r0, .L6
  65              		.loc 1 294 3 is_stmt 1 view .LVU9
  66 0018 104D     		ldr	r5, .L8+16
  67 001a 0122     		movs	r2, #1
  68 001c 4FF48071 		mov	r1, #256
  69 0020 2846     		mov	r0, r5
  70 0022 0F4C     		ldr	r4, .L8+20
  71              	.LVL6:
  72              		.loc 1 294 3 is_stmt 0 view .LVU10
  73 0024 A047     		blx	r4
  74              	.LVL7:
  75              		.loc 1 295 3 is_stmt 1 view .LVU11
  76 0026 0022     		movs	r2, #0
  77 0028 4FF40071 		mov	r1, #512
  78 002c 2846     		mov	r0, r5
  79 002e A047     		blx	r4
  80              	.LVL8:
  81              	.L1:
  82              		.loc 1 302 1 is_stmt 0 view .LVU12
  83 0030 38BD     		pop	{r3, r4, r5, pc}
  84              	.LVL9:
  85              	.L6:
  86              		.loc 1 299 3 is_stmt 1 view .LVU13
  87 0032 0A4C     		ldr	r4, .L8+16
  88              	.LVL10:
  89              		.loc 1 299 3 is_stmt 0 view .LVU14
  90 0034 0022     		movs	r2, #0
  91 0036 4FF48071 		mov	r1, #256
  92 003a 2046     		mov	r0, r4
  93 003c 084B     		ldr	r3, .L8+20
  94 003e 9847     		blx	r3
  95              	.LVL11:
  96              		.loc 1 300 3 is_stmt 1 view .LVU15
  97 0040 4FF40071 		mov	r1, #512
  98 0044 2046     		mov	r0, r4
  99 0046 074B     		ldr	r3, .L8+24
 100 0048 9847     		blx	r3
 101              	.LVL12:
 102              		.loc 1 302 1 is_stmt 0 view .LVU16
 103 004a F1E7     		b	.L1
 104              	.L9:
 105              		.align	2
 106              	.L8:
 107 004c 00000000 		.word	TEMP_GetTemperValue
 108 0050 00000000 		.word	tempThreshold
 109 0054 00000000 		.word	__aeabi_ui2f
 110 0058 00000000 		.word	__aeabi_fcmpgt
 111 005c 000C0140 		.word	1073810432
 112 0060 00000000 		.word	HAL_GPIO_WritePin
 113 0064 00000000 		.word	HAL_GPIO_TogglePin
 114              		.cfi_endproc
ARM GAS  C:\Users\Korisnik\AppData\Local\Temp\cc9adJMl.s 			page 3


 115              	.LFE76:
 117              		.section	.text.intToString,"ax",%progbits
 118              		.align	1
 119              		.global	intToString
 120              		.syntax unified
 121              		.thumb
 122              		.thumb_func
 123              		.fpu softvfp
 125              	intToString:
 126              	.LVL13:
 127              	.LFB72:
 128              		.loc 1 69 1 is_stmt 1 view -0
 129              		.cfi_startproc
 130              		@ args = 0, pretend = 0, frame = 32
 131              		@ frame_needed = 0, uses_anonymous_args = 0
 132              		.loc 1 69 1 is_stmt 0 view .LVU18
 133 0000 10B5     		push	{r4, lr}
 134              	.LCFI1:
 135              		.cfi_def_cfa_offset 8
 136              		.cfi_offset 4, -8
 137              		.cfi_offset 14, -4
 138 0002 88B0     		sub	sp, sp, #32
 139              	.LCFI2:
 140              		.cfi_def_cfa_offset 40
 141 0004 0446     		mov	r4, r0
 142              		.loc 1 71 2 is_stmt 1 view .LVU19
 143              		.loc 1 72 2 view .LVU20
 144              	.LVL14:
 145              		.loc 1 73 2 view .LVU21
 146              		.loc 1 73 17 is_stmt 0 view .LVU22
 147 0006 2120     		movs	r0, #33
 148              	.LVL15:
 149              		.loc 1 73 17 view .LVU23
 150 0008 1C4B     		ldr	r3, .L19
 151 000a 9847     		blx	r3
 152              	.LVL16:
 153              		.loc 1 74 2 is_stmt 1 view .LVU24
 154              		.loc 1 74 5 is_stmt 0 view .LVU25
 155 000c 0146     		mov	r1, r0
 156 000e 28B1     		cbz	r0, .L10
 157              		.loc 1 77 2 is_stmt 1 view .LVU26
 158              		.loc 1 77 5 is_stmt 0 view .LVU27
 159 0010 3CB9     		cbnz	r4, .L12
 160              		.loc 1 79 3 is_stmt 1 view .LVU28
 161              		.loc 1 79 13 is_stmt 0 view .LVU29
 162 0012 3023     		movs	r3, #48
 163 0014 0370     		strb	r3, [r0]
 164              		.loc 1 80 3 is_stmt 1 view .LVU30
 165              		.loc 1 80 13 is_stmt 0 view .LVU31
 166 0016 4370     		strb	r3, [r0, #1]
 167              		.loc 1 81 3 is_stmt 1 view .LVU32
 168              		.loc 1 81 13 is_stmt 0 view .LVU33
 169 0018 0023     		movs	r3, #0
 170 001a 8370     		strb	r3, [r0, #2]
 171              	.LVL17:
 172              	.L10:
 173              		.loc 1 106 1 view .LVU34
ARM GAS  C:\Users\Korisnik\AppData\Local\Temp\cc9adJMl.s 			page 4


 174 001c 0846     		mov	r0, r1
 175 001e 08B0     		add	sp, sp, #32
 176              	.LCFI3:
 177              		.cfi_remember_state
 178              		.cfi_def_cfa_offset 8
 179              		@ sp needed
 180 0020 10BD     		pop	{r4, pc}
 181              	.LVL18:
 182              	.L12:
 183              	.LCFI4:
 184              		.cfi_restore_state
 185              		.loc 1 83 7 is_stmt 1 view .LVU35
 186              		.loc 1 83 10 is_stmt 0 view .LVU36
 187 0022 092C     		cmp	r4, #9
 188 0024 1AD8     		bhi	.L17
 189              		.loc 1 85 3 is_stmt 1 view .LVU37
 190              		.loc 1 85 13 is_stmt 0 view .LVU38
 191 0026 3023     		movs	r3, #48
 192 0028 0370     		strb	r3, [r0]
 193              		.loc 1 86 3 is_stmt 1 view .LVU39
 194              		.loc 1 86 19 is_stmt 0 view .LVU40
 195 002a 1C44     		add	r4, r4, r3
 196              	.LVL19:
 197              		.loc 1 86 13 view .LVU41
 198 002c 4470     		strb	r4, [r0, #1]
 199              		.loc 1 87 3 is_stmt 1 view .LVU42
 200              		.loc 1 87 13 is_stmt 0 view .LVU43
 201 002e 0023     		movs	r3, #0
 202 0030 8370     		strb	r3, [r0, #2]
 203 0032 F3E7     		b	.L10
 204              	.LVL20:
 205              	.L14:
 206              	.LBB2:
 207              		.loc 1 93 4 is_stmt 1 view .LVU44
 208              		.loc 1 93 35 is_stmt 0 view .LVU45
 209 0034 124B     		ldr	r3, .L19+4
 210 0036 A3FB0403 		umull	r0, r3, r3, r4
 211 003a DB08     		lsrs	r3, r3, #3
 212 003c 1846     		mov	r0, r3
 213 003e 03EB8303 		add	r3, r3, r3, lsl #2
 214 0042 A4EB4303 		sub	r3, r4, r3, lsl #1
 215              		.loc 1 93 20 view .LVU46
 216 0046 013A     		subs	r2, r2, #1
 217              	.LVL21:
 218              		.loc 1 93 26 view .LVU47
 219 0048 3033     		adds	r3, r3, #48
 220              		.loc 1 93 20 view .LVU48
 221 004a 08AC     		add	r4, sp, #32
 222              	.LVL22:
 223              		.loc 1 93 20 view .LVU49
 224 004c 1444     		add	r4, r4, r2
 225 004e 04F8203C 		strb	r3, [r4, #-32]
 226              		.loc 1 94 4 is_stmt 1 view .LVU50
 227              		.loc 1 94 11 is_stmt 0 view .LVU51
 228 0052 0446     		mov	r4, r0
 229              	.LVL23:
 230              	.L13:
ARM GAS  C:\Users\Korisnik\AppData\Local\Temp\cc9adJMl.s 			page 5


 231              		.loc 1 91 9 is_stmt 1 view .LVU52
 232 0054 002C     		cmp	r4, #0
 233 0056 EDD1     		bne	.L14
 234              	.LBB3:
 235              		.loc 1 97 17 is_stmt 0 view .LVU53
 236 0058 1346     		mov	r3, r2
 237 005a 08E0     		b	.L15
 238              	.LVL24:
 239              	.L17:
 240              		.loc 1 97 17 view .LVU54
 241              	.LBE3:
 242              	.LBE2:
 243              		.loc 1 72 11 view .LVU55
 244 005c 2022     		movs	r2, #32
 245 005e F9E7     		b	.L13
 246              	.LVL25:
 247              	.L16:
 248              	.LBB5:
 249              	.LBB4:
 250              		.loc 1 99 4 is_stmt 1 discriminator 3 view .LVU56
 251              		.loc 1 99 22 is_stmt 0 discriminator 3 view .LVU57
 252 0060 08A8     		add	r0, sp, #32
 253 0062 1844     		add	r0, r0, r3
 254 0064 10F8200C 		ldrb	r0, [r0, #-32]	@ zero_extendqisi2
 255              		.loc 1 99 14 discriminator 3 view .LVU58
 256 0068 0855     		strb	r0, [r1, r4]
 257              		.loc 1 97 43 is_stmt 1 discriminator 3 view .LVU59
 258              		.loc 1 97 44 is_stmt 0 discriminator 3 view .LVU60
 259 006a 0133     		adds	r3, r3, #1
 260              	.LVL26:
 261              		.loc 1 97 49 discriminator 3 view .LVU61
 262 006c 0134     		adds	r4, r4, #1
 263              	.LVL27:
 264              	.L15:
 265              		.loc 1 97 35 is_stmt 1 discriminator 1 view .LVU62
 266              		.loc 1 97 3 is_stmt 0 discriminator 1 view .LVU63
 267 006e 1F2B     		cmp	r3, #31
 268 0070 F6D9     		bls	.L16
 269              	.LBE4:
 270              		.loc 1 101 3 is_stmt 1 view .LVU64
 271              		.loc 1 101 12 is_stmt 0 view .LVU65
 272 0072 C2F12002 		rsb	r2, r2, #32
 273              	.LVL28:
 274              		.loc 1 102 3 is_stmt 1 view .LVU66
 275              		.loc 1 102 15 is_stmt 0 view .LVU67
 276 0076 0023     		movs	r3, #0
 277              	.LVL29:
 278              		.loc 1 102 15 view .LVU68
 279 0078 8B54     		strb	r3, [r1, r2]
 280 007a CFE7     		b	.L10
 281              	.L20:
 282              		.align	2
 283              	.L19:
 284 007c 00000000 		.word	pvPortMalloc
 285 0080 CDCCCCCC 		.word	-858993459
 286              	.LBE5:
 287              		.cfi_endproc
ARM GAS  C:\Users\Korisnik\AppData\Local\Temp\cc9adJMl.s 			page 6


 288              	.LFE72:
 290              		.section	.text.removeLeadingZeros,"ax",%progbits
 291              		.align	1
 292              		.global	removeLeadingZeros
 293              		.syntax unified
 294              		.thumb
 295              		.thumb_func
 296              		.fpu softvfp
 298              	removeLeadingZeros:
 299              	.LVL30:
 300              	.LFB73:
 301              		.loc 1 109 1 is_stmt 1 view -0
 302              		.cfi_startproc
 303              		@ args = 0, pretend = 0, frame = 0
 304              		@ frame_needed = 0, uses_anonymous_args = 0
 305              		.loc 1 109 1 is_stmt 0 view .LVU70
 306 0000 38B5     		push	{r3, r4, r5, lr}
 307              	.LCFI5:
 308              		.cfi_def_cfa_offset 16
 309              		.cfi_offset 3, -16
 310              		.cfi_offset 4, -12
 311              		.cfi_offset 5, -8
 312              		.cfi_offset 14, -4
 313 0002 0446     		mov	r4, r0
 314              		.loc 1 110 2 is_stmt 1 view .LVU71
 315              	.LVL31:
 316              		.loc 1 111 2 view .LVU72
 317              		.loc 1 110 11 is_stmt 0 view .LVU73
 318 0004 0023     		movs	r3, #0
 319              		.loc 1 111 7 view .LVU74
 320 0006 00E0     		b	.L22
 321              	.LVL32:
 322              	.L23:
 323              		.loc 1 113 3 is_stmt 1 view .LVU75
 324              		.loc 1 113 4 is_stmt 0 view .LVU76
 325 0008 0133     		adds	r3, r3, #1
 326              	.LVL33:
 327              	.L22:
 328              		.loc 1 111 7 is_stmt 1 view .LVU77
 329              		.loc 1 111 14 is_stmt 0 view .LVU78
 330 000a E518     		adds	r5, r4, r3
 331 000c E25C     		ldrb	r2, [r4, r3]	@ zero_extendqisi2
 332              		.loc 1 111 7 view .LVU79
 333 000e 302A     		cmp	r2, #48
 334 0010 FAD0     		beq	.L23
 335              		.loc 1 117 2 is_stmt 1 view .LVU80
 336              		.loc 1 117 4 is_stmt 0 view .LVU81
 337 0012 22B9     		cbnz	r2, .L24
 338              		.loc 1 119 3 is_stmt 1 view .LVU82
 339              		.loc 1 119 13 is_stmt 0 view .LVU83
 340 0014 3023     		movs	r3, #48
 341              	.LVL34:
 342              		.loc 1 119 13 view .LVU84
 343 0016 2370     		strb	r3, [r4]
 344              		.loc 1 120 3 is_stmt 1 view .LVU85
 345              		.loc 1 120 13 is_stmt 0 view .LVU86
 346 0018 0023     		movs	r3, #0
ARM GAS  C:\Users\Korisnik\AppData\Local\Temp\cc9adJMl.s 			page 7


 347 001a 6370     		strb	r3, [r4, #1]
 348              	.LVL35:
 349              	.L21:
 350              		.loc 1 125 1 view .LVU87
 351 001c 38BD     		pop	{r3, r4, r5, pc}
 352              	.LVL36:
 353              	.L24:
 354              		.loc 1 123 3 is_stmt 1 view .LVU88
 355              		.loc 1 123 31 is_stmt 0 view .LVU89
 356 001e 2846     		mov	r0, r5
 357              	.LVL37:
 358              		.loc 1 123 31 view .LVU90
 359 0020 034B     		ldr	r3, .L27
 360              	.LVL38:
 361              		.loc 1 123 31 view .LVU91
 362 0022 9847     		blx	r3
 363              	.LVL39:
 364              		.loc 1 123 3 view .LVU92
 365 0024 421C     		adds	r2, r0, #1
 366 0026 2946     		mov	r1, r5
 367 0028 2046     		mov	r0, r4
 368 002a 024B     		ldr	r3, .L27+4
 369 002c 9847     		blx	r3
 370              	.LVL40:
 371              		.loc 1 125 1 view .LVU93
 372 002e F5E7     		b	.L21
 373              	.L28:
 374              		.align	2
 375              	.L27:
 376 0030 00000000 		.word	strlen
 377 0034 00000000 		.word	memmove
 378              		.cfi_endproc
 379              	.LFE73:
 381              		.section	.rodata.Work_Task.str1.4,"aMS",%progbits,1
 382              		.align	2
 383              	.LC0:
 384 0000 5261696E 		.ascii	"Rain: \000"
 384      3A2000
 385 0007 00       		.align	2
 386              	.LC1:
 387 0008 54686C64 		.ascii	"Thld:(\000"
 387      3A2800
 388 000f 00       		.align	2
 389              	.LC2:
 390 0010 293D3E00 		.ascii	")=>\000"
 391              		.global	__aeabi_f2iz
 392              		.global	__aeabi_fcmplt
 393              		.global	__aeabi_f2uiz
 394              		.align	2
 395              	.LC3:
 396 0014 54656D70 		.ascii	"Temp: \000"
 396      3A2000
 397              		.section	.text.Work_Task,"ax",%progbits
 398              		.align	1
 399              		.syntax unified
 400              		.thumb
 401              		.thumb_func
ARM GAS  C:\Users\Korisnik\AppData\Local\Temp\cc9adJMl.s 			page 8


 402              		.fpu softvfp
 404              	Work_Task:
 405              	.LVL41:
 406              	.LFB74:
 407              		.loc 1 128 1 is_stmt 1 view -0
 408              		.cfi_startproc
 409              		@ args = 0, pretend = 0, frame = 8
 410              		@ frame_needed = 0, uses_anonymous_args = 0
 411              		.loc 1 128 1 is_stmt 0 view .LVU95
 412 0000 F0B5     		push	{r4, r5, r6, r7, lr}
 413              	.LCFI6:
 414              		.cfi_def_cfa_offset 20
 415              		.cfi_offset 4, -20
 416              		.cfi_offset 5, -16
 417              		.cfi_offset 6, -12
 418              		.cfi_offset 7, -8
 419              		.cfi_offset 14, -4
 420 0002 83B0     		sub	sp, sp, #12
 421              	.LCFI7:
 422              		.cfi_def_cfa_offset 32
 423              		.loc 1 130 2 is_stmt 1 view .LVU96
 424              		.loc 1 130 32 is_stmt 0 view .LVU97
 425 0004 714B     		ldr	r3, .L58
 426 0006 1A78     		ldrb	r2, [r3]	@ zero_extendqisi2
 427              		.loc 1 130 15 view .LVU98
 428 0008 714F     		ldr	r7, .L58+4
 429 000a 3A70     		strb	r2, [r7]
 430              		.loc 1 131 2 is_stmt 1 view .LVU99
 431              		.loc 1 131 15 is_stmt 0 view .LVU100
 432 000c 0024     		movs	r4, #0
 433 000e 7C70     		strb	r4, [r7, #1]
 434              		.loc 1 133 2 is_stmt 1 view .LVU101
 435              		.loc 1 133 32 is_stmt 0 view .LVU102
 436 0010 5B78     		ldrb	r3, [r3, #1]	@ zero_extendqisi2
 437              		.loc 1 133 15 view .LVU103
 438 0012 704E     		ldr	r6, .L58+8
 439 0014 3370     		strb	r3, [r6]
 440              		.loc 1 134 2 is_stmt 1 view .LVU104
 441              		.loc 1 134 15 is_stmt 0 view .LVU105
 442 0016 7470     		strb	r4, [r6, #1]
 443              		.loc 1 136 2 is_stmt 1 view .LVU106
 444              		.loc 1 136 33 is_stmt 0 view .LVU107
 445 0018 6F4B     		ldr	r3, .L58+12
 446 001a 1868     		ldr	r0, [r3]
 447              	.LVL42:
 448              		.loc 1 136 33 view .LVU108
 449 001c 6F4B     		ldr	r3, .L58+16
 450 001e 9847     		blx	r3
 451              	.LVL43:
 452 0020 0546     		mov	r5, r0
 453              	.LVL44:
 454              		.loc 1 138 2 is_stmt 1 view .LVU109
 455 0022 6F49     		ldr	r1, .L58+20
 456 0024 2046     		mov	r0, r4
 457              	.LVL45:
 458              		.loc 1 138 2 is_stmt 0 view .LVU110
 459 0026 6F4C     		ldr	r4, .L58+24
ARM GAS  C:\Users\Korisnik\AppData\Local\Temp\cc9adJMl.s 			page 9


 460 0028 A047     		blx	r4
 461              	.LVL46:
 462              		.loc 1 139 2 is_stmt 1 view .LVU111
 463 002a 6F49     		ldr	r1, .L58+28
 464 002c 5020     		movs	r0, #80
 465 002e A047     		blx	r4
 466              	.LVL47:
 467              		.loc 1 140 2 view .LVU112
 468              		.loc 1 141 2 view .LVU113
 469 0030 3946     		mov	r1, r7
 470 0032 5620     		movs	r0, #86
 471 0034 A047     		blx	r4
 472              	.LVL48:
 473              		.loc 1 142 2 view .LVU114
 474 0036 3146     		mov	r1, r6
 475 0038 5720     		movs	r0, #87
 476 003a A047     		blx	r4
 477              	.LVL49:
 478              		.loc 1 143 2 view .LVU115
 479 003c 6B49     		ldr	r1, .L58+32
 480 003e 5820     		movs	r0, #88
 481 0040 A047     		blx	r4
 482              	.LVL50:
 483              		.loc 1 144 2 view .LVU116
 484 0042 2946     		mov	r1, r5
 485 0044 5B20     		movs	r0, #91
 486 0046 A047     		blx	r4
 487              	.LVL51:
 488              		.loc 1 146 2 view .LVU117
 489 0048 2846     		mov	r0, r5
 490 004a 694B     		ldr	r3, .L58+36
 491 004c 9847     		blx	r3
 492              	.LVL52:
 493 004e 85E0     		b	.L45
 494              	.LVL53:
 495              	.L57:
 496              	.LBB6:
 497              		.loc 1 158 5 view .LVU118
 498              		.loc 1 158 26 is_stmt 0 view .LVU119
 499 0050 684B     		ldr	r3, .L58+40
 500 0052 0022     		movs	r2, #0
 501 0054 1A60     		str	r2, [r3]
 502              	.L30:
 503              		.loc 1 172 3 is_stmt 1 view .LVU120
 504              		.loc 1 172 7 is_stmt 0 view .LVU121
 505 0056 684B     		ldr	r3, .L58+44
 506 0058 1B78     		ldrb	r3, [r3]	@ zero_extendqisi2
 507              		.loc 1 172 6 view .LVU122
 508 005a 9BB9     		cbnz	r3, .L54
 509              	.L35:
 510              		.loc 1 196 3 is_stmt 1 view .LVU123
 511              	.LVL54:
 512              		.loc 1 197 3 view .LVU124
 513              		.loc 1 197 32 is_stmt 0 view .LVU125
 514 005c 654B     		ldr	r3, .L58+40
 515 005e 1B68     		ldr	r3, [r3]
 516 0060 5D4A     		ldr	r2, .L58+12
ARM GAS  C:\Users\Korisnik\AppData\Local\Temp\cc9adJMl.s 			page 10


 517 0062 1268     		ldr	r2, [r2]
 518              		.loc 1 197 5 view .LVU126
 519 0064 9342     		cmp	r3, r2
 520 0066 2FD3     		bcc	.L46
 521              		.loc 1 200 10 is_stmt 1 view .LVU127
 522              		.loc 1 200 35 is_stmt 0 view .LVU128
 523 0068 5B4A     		ldr	r2, .L58+12
 524 006a 1268     		ldr	r2, [r2]
 525              		.loc 1 200 13 view .LVU129
 526 006c 9342     		cmp	r3, r2
 527 006e 35D3     		bcc	.L47
 528              		.loc 1 200 52 discriminator 1 view .LVU130
 529 0070 3C2B     		cmp	r3, #60
 530 0072 35D9     		bls	.L48
 531              		.loc 1 196 12 view .LVU131
 532 0074 0026     		movs	r6, #0
 533 0076 28E0     		b	.L38
 534              	.LVL55:
 535              	.L52:
 536              		.loc 1 166 5 is_stmt 1 view .LVU132
 537              		.loc 1 166 28 is_stmt 0 view .LVU133
 538 0078 2046     		mov	r0, r4
 539 007a 604B     		ldr	r3, .L58+48
 540 007c 9847     		blx	r3
 541              	.LVL56:
 542              		.loc 1 166 26 view .LVU134
 543 007e 5D4B     		ldr	r3, .L58+40
 544 0080 1860     		str	r0, [r3]
 545 0082 E8E7     		b	.L30
 546              	.L54:
 547              	.LBB7:
 548              		.loc 1 174 4 is_stmt 1 view .LVU135
 549              		.loc 1 174 23 is_stmt 0 view .LVU136
 550 0084 0024     		movs	r4, #0
 551 0086 5C4B     		ldr	r3, .L58+44
 552 0088 1C70     		strb	r4, [r3]
 553              		.loc 1 175 4 is_stmt 1 view .LVU137
 554              		.loc 1 175 39 is_stmt 0 view .LVU138
 555 008a 5A4B     		ldr	r3, .L58+40
 556 008c 1868     		ldr	r0, [r3]
 557 008e 534B     		ldr	r3, .L58+16
 558 0090 9847     		blx	r3
 559              	.LVL57:
 560 0092 0546     		mov	r5, r0
 561              	.LVL58:
 562              		.loc 1 178 4 is_stmt 1 view .LVU139
 563 0094 5A4B     		ldr	r3, .L58+52
 564 0096 9847     		blx	r3
 565              	.LVL59:
 566              		.loc 1 181 4 view .LVU140
 567              	.LBB8:
 568              		.loc 1 181 9 view .LVU141
 569              		.loc 1 181 4 is_stmt 0 view .LVU142
 570 0098 03E0     		b	.L36
 571              	.LVL60:
 572              	.L37:
 573              		.loc 1 183 5 is_stmt 1 discriminator 3 view .LVU143
ARM GAS  C:\Users\Korisnik\AppData\Local\Temp\cc9adJMl.s 			page 11


 574 009a 0820     		movs	r0, #8
 575 009c 594B     		ldr	r3, .L58+56
 576 009e 9847     		blx	r3
 577              	.LVL61:
 578              		.loc 1 181 55 discriminator 3 view .LVU144
 579              		.loc 1 181 56 is_stmt 0 discriminator 3 view .LVU145
 580 00a0 0134     		adds	r4, r4, #1
 581              	.LVL62:
 582              	.L36:
 583              		.loc 1 181 25 is_stmt 1 discriminator 1 view .LVU146
 584              		.loc 1 181 27 is_stmt 0 discriminator 1 view .LVU147
 585 00a2 594B     		ldr	r3, .L58+60
 586 00a4 1B68     		ldr	r3, [r3]
 587              		.loc 1 181 4 discriminator 1 view .LVU148
 588 00a6 A342     		cmp	r3, r4
 589 00a8 F7D8     		bhi	.L37
 590              	.LBE8:
 591              		.loc 1 185 4 is_stmt 1 view .LVU149
 592 00aa 5848     		ldr	r0, .L58+64
 593 00ac 584C     		ldr	r4, .L58+68
 594              	.LVL63:
 595              		.loc 1 185 4 is_stmt 0 view .LVU150
 596 00ae A047     		blx	r4
 597              	.LVL64:
 598              		.loc 1 186 4 is_stmt 1 view .LVU151
 599 00b0 2846     		mov	r0, r5
 600 00b2 A047     		blx	r4
 601              	.LVL65:
 602              		.loc 1 188 4 view .LVU152
 603              		.loc 1 189 8 is_stmt 0 view .LVU153
 604 00b4 2846     		mov	r0, r5
 605 00b6 574B     		ldr	r3, .L58+72
 606 00b8 9847     		blx	r3
 607              	.LVL66:
 608              		.loc 1 189 6 view .LVU154
 609 00ba 0630     		adds	r0, r0, #6
 610              		.loc 1 188 29 view .LVU155
 611 00bc 524B     		ldr	r3, .L58+60
 612 00be 1860     		str	r0, [r3]
 613              		.loc 1 191 4 is_stmt 1 view .LVU156
 614 00c0 2846     		mov	r0, r5
 615 00c2 4B4B     		ldr	r3, .L58+36
 616 00c4 9847     		blx	r3
 617              	.LVL67:
 618 00c6 C9E7     		b	.L35
 619              	.LVL68:
 620              	.L46:
 621              		.loc 1 191 4 is_stmt 0 view .LVU157
 622              	.LBE7:
 623              		.loc 1 199 19 view .LVU158
 624 00c8 0026     		movs	r6, #0
 625              	.L38:
 626              	.LVL69:
 627              		.loc 1 206 3 is_stmt 1 view .LVU159
 628              		.loc 1 206 39 is_stmt 0 view .LVU160
 629 00ca 534B     		ldr	r3, .L58+76
 630 00cc 1D78     		ldrb	r5, [r3]	@ zero_extendqisi2
ARM GAS  C:\Users\Korisnik\AppData\Local\Temp\cc9adJMl.s 			page 12


 631 00ce AD1B     		subs	r5, r5, r6
 632              		.loc 1 206 26 view .LVU161
 633 00d0 002D     		cmp	r5, #0
 634 00d2 B8BF     		it	lt
 635 00d4 6D42     		rsblt	r5, r5, #0
 636              		.loc 1 206 11 view .LVU162
 637 00d6 EDB2     		uxtb	r5, r5
 638              	.LVL70:
 639              		.loc 1 207 3 is_stmt 1 view .LVU163
 640              	.LBB9:
 641              		.loc 1 207 7 view .LVU164
 642              		.loc 1 207 15 is_stmt 0 view .LVU165
 643 00d8 0024     		movs	r4, #0
 644              		.loc 1 207 3 view .LVU166
 645 00da 07E0     		b	.L39
 646              	.LVL71:
 647              	.L47:
 648              		.loc 1 207 3 view .LVU167
 649              	.LBE9:
 650              		.loc 1 196 12 view .LVU168
 651 00dc 0026     		movs	r6, #0
 652 00de F4E7     		b	.L38
 653              	.L48:
 654              		.loc 1 203 19 view .LVU169
 655 00e0 0126     		movs	r6, #1
 656 00e2 F2E7     		b	.L38
 657              	.LVL72:
 658              	.L40:
 659              	.LBB10:
 660              		.loc 1 214 5 is_stmt 1 view .LVU170
 661 00e4 4D4B     		ldr	r3, .L58+80
 662 00e6 9847     		blx	r3
 663              	.LVL73:
 664              	.L41:
 665              		.loc 1 207 40 discriminator 2 view .LVU171
 666              		.loc 1 207 41 is_stmt 0 discriminator 2 view .LVU172
 667 00e8 0134     		adds	r4, r4, #1
 668              	.LVL74:
 669              		.loc 1 207 41 discriminator 2 view .LVU173
 670 00ea E4B2     		uxtb	r4, r4
 671              	.LVL75:
 672              	.L39:
 673              		.loc 1 207 22 is_stmt 1 discriminator 1 view .LVU174
 674              		.loc 1 207 3 is_stmt 0 discriminator 1 view .LVU175
 675 00ec AC42     		cmp	r4, r5
 676 00ee 06D2     		bcs	.L55
 677              		.loc 1 209 4 is_stmt 1 view .LVU176
 678              		.loc 1 209 22 is_stmt 0 view .LVU177
 679 00f0 494B     		ldr	r3, .L58+76
 680 00f2 1B78     		ldrb	r3, [r3]	@ zero_extendqisi2
 681              		.loc 1 209 6 view .LVU178
 682 00f4 B342     		cmp	r3, r6
 683 00f6 F5D2     		bcs	.L40
 684              		.loc 1 211 5 is_stmt 1 view .LVU179
 685 00f8 494B     		ldr	r3, .L58+84
 686 00fa 9847     		blx	r3
 687              	.LVL76:
ARM GAS  C:\Users\Korisnik\AppData\Local\Temp\cc9adJMl.s 			page 13


 688 00fc F4E7     		b	.L41
 689              	.L55:
 690              	.LBE10:
 691              		.loc 1 217 3 view .LVU180
 692              		.loc 1 217 12 is_stmt 0 view .LVU181
 693 00fe 464B     		ldr	r3, .L58+76
 694 0100 1E70     		strb	r6, [r3]
 695              		.loc 1 221 3 is_stmt 1 view .LVU182
 696              		.loc 1 221 7 is_stmt 0 view .LVU183
 697 0102 484B     		ldr	r3, .L58+88
 698 0104 1B78     		ldrb	r3, [r3]	@ zero_extendqisi2
 699              		.loc 1 221 6 view .LVU184
 700 0106 002B     		cmp	r3, #0
 701 0108 4DD1     		bne	.L56
 702              	.LVL77:
 703              	.L43:
 704              		.loc 1 235 3 is_stmt 1 view .LVU185
 705              		.loc 1 235 7 is_stmt 0 view .LVU186
 706 010a 474B     		ldr	r3, .L58+92
 707 010c 1B78     		ldrb	r3, [r3]	@ zero_extendqisi2
 708              		.loc 1 235 6 view .LVU187
 709 010e 13B3     		cbz	r3, .L44
 710              	.LBB11:
 711              		.loc 1 237 4 is_stmt 1 view .LVU188
 712              		.loc 1 237 20 is_stmt 0 view .LVU189
 713 0110 0023     		movs	r3, #0
 714 0112 454A     		ldr	r2, .L58+92
 715 0114 1370     		strb	r3, [r2]
 716              		.loc 1 238 4 is_stmt 1 view .LVU190
 717              		.loc 1 239 21 is_stmt 0 view .LVU191
 718 0116 2D4A     		ldr	r2, .L58
 719 0118 1178     		ldrb	r1, [r2]	@ zero_extendqisi2
 720              		.loc 1 238 9 view .LVU192
 721 011a 8DF80010 		strb	r1, [sp]
 722 011e 8DF80130 		strb	r3, [sp, #1]
 723              		.loc 1 240 4 is_stmt 1 view .LVU193
 724              		.loc 1 241 21 is_stmt 0 view .LVU194
 725 0122 5278     		ldrb	r2, [r2, #1]	@ zero_extendqisi2
 726              		.loc 1 240 9 view .LVU195
 727 0124 8DF80420 		strb	r2, [sp, #4]
 728 0128 8DF80530 		strb	r3, [sp, #5]
 729              		.loc 1 242 4 is_stmt 1 view .LVU196
 730              		.loc 1 242 35 is_stmt 0 view .LVU197
 731 012c 2A4B     		ldr	r3, .L58+12
 732 012e 1868     		ldr	r0, [r3]
 733 0130 2A4B     		ldr	r3, .L58+16
 734 0132 9847     		blx	r3
 735              	.LVL78:
 736 0134 0446     		mov	r4, r0
 737              	.LVL79:
 738              		.loc 1 244 4 is_stmt 1 view .LVU198
 739 0136 6946     		mov	r1, sp
 740 0138 5620     		movs	r0, #86
 741              	.LVL80:
 742              		.loc 1 244 4 is_stmt 0 view .LVU199
 743 013a 2A4D     		ldr	r5, .L58+24
 744              	.LVL81:
ARM GAS  C:\Users\Korisnik\AppData\Local\Temp\cc9adJMl.s 			page 14


 745              		.loc 1 244 4 view .LVU200
 746 013c A847     		blx	r5
 747              	.LVL82:
 748              		.loc 1 245 4 is_stmt 1 view .LVU201
 749 013e 01A9     		add	r1, sp, #4
 750 0140 5720     		movs	r0, #87
 751 0142 A847     		blx	r5
 752              	.LVL83:
 753              		.loc 1 246 4 view .LVU202
 754 0144 2949     		ldr	r1, .L58+32
 755 0146 5820     		movs	r0, #88
 756 0148 A847     		blx	r5
 757              	.LVL84:
 758              		.loc 1 247 4 view .LVU203
 759 014a 2146     		mov	r1, r4
 760 014c 5B20     		movs	r0, #91
 761 014e A847     		blx	r5
 762              	.LVL85:
 763              		.loc 1 250 4 view .LVU204
 764 0150 2046     		mov	r0, r4
 765 0152 274B     		ldr	r3, .L58+36
 766 0154 9847     		blx	r3
 767              	.LVL86:
 768              	.L44:
 769              		.loc 1 250 4 is_stmt 0 view .LVU205
 770              	.LBE11:
 771              		.loc 1 253 3 is_stmt 1 view .LVU206
 772 0156 C820     		movs	r0, #200
 773 0158 344B     		ldr	r3, .L58+96
 774 015a 9847     		blx	r3
 775              	.LVL87:
 776              	.LBE6:
 777              		.loc 1 148 8 view .LVU207
 778              	.L45:
 779              		.loc 1 148 2 view .LVU208
 780              	.LBB13:
 781              		.loc 1 151 3 view .LVU209
 782              		.loc 1 151 22 is_stmt 0 view .LVU210
 783 015c 344B     		ldr	r3, .L58+100
 784 015e 9847     		blx	r3
 785              	.LVL88:
 786 0160 0446     		mov	r4, r0
 787              		.loc 1 151 20 view .LVU211
 788 0162 344B     		ldr	r3, .L58+104
 789 0164 1860     		str	r0, [r3]	@ float
 790              		.loc 1 152 3 is_stmt 1 view .LVU212
 791              		.loc 1 152 7 is_stmt 0 view .LVU213
 792 0166 344E     		ldr	r6, .L58+108
 793 0168 B047     		blx	r6
 794              	.LVL89:
 795 016a 0546     		mov	r5, r0
 796              		.loc 1 152 33 view .LVU214
 797 016c 334B     		ldr	r3, .L58+112
 798 016e 1868     		ldr	r0, [r3]	@ float
 799 0170 B047     		blx	r6
 800              	.LVL90:
 801              		.loc 1 152 6 view .LVU215
ARM GAS  C:\Users\Korisnik\AppData\Local\Temp\cc9adJMl.s 			page 15


 802 0172 8542     		cmp	r5, r0
 803 0174 3FF46FAF 		beq	.L30
 804              		.loc 1 154 4 is_stmt 1 view .LVU216
 805              		.loc 1 154 23 is_stmt 0 view .LVU217
 806 0178 1F4B     		ldr	r3, .L58+44
 807 017a 0122     		movs	r2, #1
 808 017c 1A70     		strb	r2, [r3]
 809              		.loc 1 155 4 is_stmt 1 view .LVU218
 810              		.loc 1 155 25 is_stmt 0 view .LVU219
 811 017e 2F4B     		ldr	r3, .L58+112
 812 0180 1C60     		str	r4, [r3]	@ float
 813              		.loc 1 156 4 is_stmt 1 view .LVU220
 814              		.loc 1 156 7 is_stmt 0 view .LVU221
 815 0182 0021     		movs	r1, #0
 816 0184 2046     		mov	r0, r4
 817 0186 2E4B     		ldr	r3, .L58+116
 818 0188 9847     		blx	r3
 819              	.LVL91:
 820 018a 0028     		cmp	r0, #0
 821 018c 7FF460AF 		bne	.L57
 822              		.loc 1 160 9 is_stmt 1 view .LVU222
 823              		.loc 1 160 12 is_stmt 0 view .LVU223
 824 0190 2C49     		ldr	r1, .L58+120
 825 0192 2046     		mov	r0, r4
 826 0194 2C4B     		ldr	r3, .L58+124
 827 0196 9847     		blx	r3
 828              	.LVL92:
 829 0198 0028     		cmp	r0, #0
 830 019a 3FF46DAF 		beq	.L52
 831              		.loc 1 162 5 is_stmt 1 view .LVU224
 832              		.loc 1 162 26 is_stmt 0 view .LVU225
 833 019e 154B     		ldr	r3, .L58+40
 834 01a0 3C22     		movs	r2, #60
 835 01a2 1A60     		str	r2, [r3]
 836 01a4 57E7     		b	.L30
 837              	.LVL93:
 838              	.L56:
 839              	.LBB12:
 840              		.loc 1 223 4 is_stmt 1 view .LVU226
 841              		.loc 1 223 24 is_stmt 0 view .LVU227
 842 01a6 1F4B     		ldr	r3, .L58+88
 843 01a8 0022     		movs	r2, #0
 844 01aa 1A70     		strb	r2, [r3]
 845              		.loc 1 224 4 is_stmt 1 view .LVU228
 846              		.loc 1 224 36 is_stmt 0 view .LVU229
 847 01ac 274B     		ldr	r3, .L58+128
 848 01ae 1868     		ldr	r0, [r3]
 849 01b0 0A4B     		ldr	r3, .L58+16
 850 01b2 9847     		blx	r3
 851              	.LVL94:
 852 01b4 0446     		mov	r4, r0
 853              	.LVL95:
 854              		.loc 1 225 4 is_stmt 1 view .LVU230
 855 01b6 124B     		ldr	r3, .L58+52
 856 01b8 9847     		blx	r3
 857              	.LVL96:
 858              		.loc 1 228 4 view .LVU231
ARM GAS  C:\Users\Korisnik\AppData\Local\Temp\cc9adJMl.s 			page 16


 859 01ba 2146     		mov	r1, r4
 860 01bc 0620     		movs	r0, #6
 861 01be 094B     		ldr	r3, .L58+24
 862 01c0 9847     		blx	r3
 863              	.LVL97:
 864              		.loc 1 231 4 view .LVU232
 865 01c2 2046     		mov	r0, r4
 866 01c4 0A4B     		ldr	r3, .L58+36
 867 01c6 9847     		blx	r3
 868              	.LVL98:
 869 01c8 9FE7     		b	.L43
 870              	.L59:
 871 01ca 00BF     		.align	2
 872              	.L58:
 873 01cc 00000000 		.word	tempInputBuffer
 874 01d0 00000000 		.word	.LANCHOR0
 875 01d4 00000000 		.word	.LANCHOR1
 876 01d8 00000000 		.word	tempThreshold
 877 01dc 00000000 		.word	intToString
 878 01e0 00000000 		.word	.LC0
 879 01e4 00000000 		.word	LCD_DisplayStringAtAddress
 880 01e8 08000000 		.word	.LC1
 881 01ec 10000000 		.word	.LC2
 882 01f0 00000000 		.word	vPortFree
 883 01f4 00000000 		.word	.LANCHOR5
 884 01f8 00000000 		.word	.LANCHOR4
 885 01fc 00000000 		.word	__aeabi_f2uiz
 886 0200 00000000 		.word	removeLeadingZeros
 887 0204 00000000 		.word	UART_AsyncTxCharacter
 888 0208 00000000 		.word	.LANCHOR6
 889 020c 14000000 		.word	.LC3
 890 0210 00000000 		.word	UART_AsyncTxString
 891 0214 00000000 		.word	strlen
 892 0218 00000000 		.word	.LANCHOR7
 893 021c 00000000 		.word	MOTOR_SpeedDecrease
 894 0220 00000000 		.word	MOTOR_SpeedIncrease
 895 0224 00000000 		.word	.LANCHOR8
 896 0228 00000000 		.word	keyValueChanged
 897 022c 00000000 		.word	vTaskDelay
 898 0230 00000000 		.word	TEMP_GetTemperValue
 899 0234 00000000 		.word	.LANCHOR2
 900 0238 00000000 		.word	__aeabi_f2iz
 901 023c 00000000 		.word	.LANCHOR3
 902 0240 00000000 		.word	__aeabi_fcmplt
 903 0244 00007042 		.word	1114636288
 904 0248 00000000 		.word	__aeabi_fcmpgt
 905 024c 00000000 		.word	.LANCHOR9
 906              	.LBE12:
 907              	.LBE13:
 908              		.cfi_endproc
 909              	.LFE74:
 911              		.global	__aeabi_fmul
 912              		.global	__aeabi_f2d
 913              		.global	__aeabi_dadd
 914              		.global	__aeabi_d2uiz
 915              		.global	__aeabi_fdiv
 916              		.section	.text.HAL_TIM_IC_CaptureCallback,"ax",%progbits
ARM GAS  C:\Users\Korisnik\AppData\Local\Temp\cc9adJMl.s 			page 17


 917              		.align	1
 918              		.global	HAL_TIM_IC_CaptureCallback
 919              		.syntax unified
 920              		.thumb
 921              		.thumb_func
 922              		.fpu softvfp
 924              	HAL_TIM_IC_CaptureCallback:
 925              	.LVL99:
 926              	.LFB75:
 927              		.loc 1 258 1 view -0
 928              		.cfi_startproc
 929              		@ args = 0, pretend = 0, frame = 0
 930              		@ frame_needed = 0, uses_anonymous_args = 0
 931              		.loc 1 258 1 is_stmt 0 view .LVU234
 932 0000 2DE9F047 		push	{r4, r5, r6, r7, r8, r9, r10, lr}
 933              	.LCFI8:
 934              		.cfi_def_cfa_offset 32
 935              		.cfi_offset 4, -32
 936              		.cfi_offset 5, -28
 937              		.cfi_offset 6, -24
 938              		.cfi_offset 7, -20
 939              		.cfi_offset 8, -16
 940              		.cfi_offset 9, -12
 941              		.cfi_offset 10, -8
 942              		.cfi_offset 14, -4
 943              		.loc 1 259 2 is_stmt 1 view .LVU235
 944 0004 2E4B     		ldr	r3, .L65
 945 0006 1B78     		ldrb	r3, [r3]	@ zero_extendqisi2
 946 0008 1BB1     		cbz	r3, .L61
 947 000a 012B     		cmp	r3, #1
 948 000c 15D0     		beq	.L62
 949              	.LVL100:
 950              	.L60:
 951              		.loc 1 287 1 is_stmt 0 view .LVU236
 952 000e BDE8F087 		pop	{r4, r5, r6, r7, r8, r9, r10, pc}
 953              	.LVL101:
 954              	.L61:
 955              		.loc 1 262 3 is_stmt 1 view .LVU237
 956              		.loc 1 262 11 is_stmt 0 view .LVU238
 957 0012 0368     		ldr	r3, [r0]
 958              		.loc 1 262 6 view .LVU239
 959 0014 B3F1804F 		cmp	r3, #1073741824
 960 0018 F9D1     		bne	.L60
 961              		.loc 1 262 37 discriminator 1 view .LVU240
 962 001a 037F     		ldrb	r3, [r0, #28]	@ zero_extendqisi2
 963              		.loc 1 262 30 discriminator 1 view .LVU241
 964 001c 042B     		cmp	r3, #4
 965 001e F6D1     		bne	.L60
 966              		.loc 1 264 4 is_stmt 1 view .LVU242
 967              		.loc 1 264 22 is_stmt 0 view .LVU243
 968 0020 0821     		movs	r1, #8
 969 0022 284B     		ldr	r3, .L65+4
 970 0024 9847     		blx	r3
 971              	.LVL102:
 972              		.loc 1 264 20 view .LVU244
 973 0026 80B2     		uxth	r0, r0
 974 0028 274B     		ldr	r3, .L65+8
ARM GAS  C:\Users\Korisnik\AppData\Local\Temp\cc9adJMl.s 			page 18


 975 002a 1880     		strh	r0, [r3]	@ movhi
 976              		.loc 1 265 4 is_stmt 1 view .LVU245
 977              		.loc 1 265 10 is_stmt 0 view .LVU246
 978 002c 244B     		ldr	r3, .L65
 979 002e 0122     		movs	r2, #1
 980 0030 1A70     		strb	r2, [r3]
 981              		.loc 1 266 4 is_stmt 1 view .LVU247
 982              		.loc 1 266 27 is_stmt 0 view .LVU248
 983 0032 264B     		ldr	r3, .L65+12
 984 0034 0022     		movs	r2, #0
 985 0036 1A60     		str	r2, [r3]
 986 0038 E9E7     		b	.L60
 987              	.LVL103:
 988              	.L62:
 989              		.loc 1 270 3 is_stmt 1 view .LVU249
 990              		.loc 1 270 11 is_stmt 0 view .LVU250
 991 003a 0368     		ldr	r3, [r0]
 992              		.loc 1 270 6 view .LVU251
 993 003c B3F1804F 		cmp	r3, #1073741824
 994 0040 E5D1     		bne	.L60
 995              		.loc 1 270 37 discriminator 1 view .LVU252
 996 0042 037F     		ldrb	r3, [r0, #28]	@ zero_extendqisi2
 997              		.loc 1 270 30 discriminator 1 view .LVU253
 998 0044 042B     		cmp	r3, #4
 999 0046 E2D1     		bne	.L60
 1000              		.loc 1 272 4 is_stmt 1 view .LVU254
 1001              		.loc 1 272 20 is_stmt 0 view .LVU255
 1002 0048 0821     		movs	r1, #8
 1003 004a 1E4B     		ldr	r3, .L65+4
 1004 004c 9847     		blx	r3
 1005              	.LVL104:
 1006              		.loc 1 272 18 view .LVU256
 1007 004e 80B2     		uxth	r0, r0
 1008 0050 1F4C     		ldr	r4, .L65+16
 1009 0052 2080     		strh	r0, [r4]	@ movhi
 1010              		.loc 1 273 4 is_stmt 1 view .LVU257
 1011              		.loc 1 274 6 is_stmt 0 view .LVU258
 1012 0054 2388     		ldrh	r3, [r4]
 1013 0056 9BB2     		uxth	r3, r3
 1014              		.loc 1 274 18 view .LVU259
 1015 0058 1C4E     		ldr	r6, .L65+12
 1016 005a 3268     		ldr	r2, [r6]
 1017              		.loc 1 274 6 view .LVU260
 1018 005c 03EB0243 		add	r3, r3, r2, lsl #16
 1019              		.loc 1 274 44 view .LVU261
 1020 0060 194D     		ldr	r5, .L65+8
 1021 0062 2A88     		ldrh	r2, [r5]
 1022 0064 92B2     		uxth	r2, r2
 1023 0066 9B1A     		subs	r3, r3, r2
 1024              		.loc 1 273 22 view .LVU262
 1025 0068 1A4A     		ldr	r2, .L65+20
 1026 006a 1360     		str	r3, [r2]
 1027              		.loc 1 276 4 is_stmt 1 view .LVU263
 1028              		.loc 1 277 6 is_stmt 0 view .LVU264
 1029 006c 1068     		ldr	r0, [r2]
 1030 006e DFF868A0 		ldr	r10, .L65+24
 1031 0072 D047     		blx	r10
ARM GAS  C:\Users\Korisnik\AppData\Local\Temp\cc9adJMl.s 			page 19


 1032              	.LVL105:
 1033 0074 1949     		ldr	r1, .L65+28
 1034 0076 1A4B     		ldr	r3, .L65+32
 1035 0078 9847     		blx	r3
 1036              	.LVL106:
 1037 007a DFF86890 		ldr	r9, .L65+36
 1038 007e C847     		blx	r9
 1039              	.LVL107:
 1040              		.loc 1 277 44 view .LVU265
 1041 0080 DFF86480 		ldr	r8, .L65+40
 1042 0084 0022     		movs	r2, #0
 1043 0086 194B     		ldr	r3, .L65+44
 1044 0088 C047     		blx	r8
 1045              	.LVL108:
 1046              		.loc 1 276 16 view .LVU266
 1047 008a 194F     		ldr	r7, .L65+48
 1048 008c B847     		blx	r7
 1049              	.LVL109:
 1050              		.loc 1 276 14 view .LVU267
 1051 008e 194B     		ldr	r3, .L65+52
 1052 0090 1860     		str	r0, [r3]
 1053              		.loc 1 278 4 is_stmt 1 view .LVU268
 1054              		.loc 1 278 51 is_stmt 0 view .LVU269
 1055 0092 D047     		blx	r10
 1056              	.LVL110:
 1057 0094 0146     		mov	r1, r0
 1058 0096 1848     		ldr	r0, .L65+56
 1059 0098 184B     		ldr	r3, .L65+60
 1060 009a 9847     		blx	r3
 1061              	.LVL111:
 1062 009c C847     		blx	r9
 1063              	.LVL112:
 1064              		.loc 1 278 64 view .LVU270
 1065 009e 0022     		movs	r2, #0
 1066 00a0 124B     		ldr	r3, .L65+44
 1067 00a2 C047     		blx	r8
 1068              	.LVL113:
 1069              		.loc 1 278 24 view .LVU271
 1070 00a4 B847     		blx	r7
 1071              	.LVL114:
 1072              		.loc 1 278 22 view .LVU272
 1073 00a6 164B     		ldr	r3, .L65+64
 1074 00a8 1860     		str	r0, [r3]
 1075              		.loc 1 280 4 is_stmt 1 view .LVU273
 1076              		.loc 1 280 27 is_stmt 0 view .LVU274
 1077 00aa 0023     		movs	r3, #0
 1078 00ac 3360     		str	r3, [r6]
 1079              		.loc 1 281 4 is_stmt 1 view .LVU275
 1080              		.loc 1 281 24 is_stmt 0 view .LVU276
 1081 00ae 0122     		movs	r2, #1
 1082 00b0 144B     		ldr	r3, .L65+68
 1083 00b2 1A70     		strb	r2, [r3]
 1084              		.loc 1 282 4 is_stmt 1 view .LVU277
 1085              		.loc 1 282 20 is_stmt 0 view .LVU278
 1086 00b4 2388     		ldrh	r3, [r4]
 1087 00b6 9BB2     		uxth	r3, r3
 1088 00b8 2B80     		strh	r3, [r5]	@ movhi
ARM GAS  C:\Users\Korisnik\AppData\Local\Temp\cc9adJMl.s 			page 20


 1089              		.loc 1 283 4 is_stmt 1 view .LVU279
 1090              		.loc 1 283 10 is_stmt 0 view .LVU280
 1091 00ba 014B     		ldr	r3, .L65
 1092 00bc 1A70     		strb	r2, [r3]
 1093              		.loc 1 287 1 view .LVU281
 1094 00be A6E7     		b	.L60
 1095              	.L66:
 1096              		.align	2
 1097              	.L65:
 1098 00c0 00000000 		.word	.LANCHOR10
 1099 00c4 00000000 		.word	HAL_TIM_ReadCapturedValue
 1100 00c8 00000000 		.word	.LANCHOR11
 1101 00cc 00000000 		.word	.LANCHOR12
 1102 00d0 00000000 		.word	.LANCHOR13
 1103 00d4 00000000 		.word	.LANCHOR14
 1104 00d8 00000000 		.word	__aeabi_ui2f
 1105 00dc 6F120339 		.word	956502639
 1106 00e0 00000000 		.word	__aeabi_fmul
 1107 00e4 00000000 		.word	__aeabi_f2d
 1108 00e8 00000000 		.word	__aeabi_dadd
 1109 00ec 0000E03F 		.word	1071644672
 1110 00f0 00000000 		.word	__aeabi_d2uiz
 1111 00f4 00000000 		.word	.LANCHOR15
 1112 00f8 00A00C47 		.word	1192009728
 1113 00fc 00000000 		.word	__aeabi_fdiv
 1114 0100 00000000 		.word	.LANCHOR9
 1115 0104 00000000 		.word	.LANCHOR8
 1116              		.cfi_endproc
 1117              	.LFE75:
 1119              		.section	.rodata.Work_Init.str1.4,"aMS",%progbits,1
 1120              		.align	2
 1121              	.LC4:
 1122 0000 576F726B 		.ascii	"Work_Task\000"
 1122      5F546173 
 1122      6B00
 1123 000a 0000     		.align	2
 1124              	.LC5:
 1125 000c 4C45445F 		.ascii	"LED_Timer\000"
 1125      54696D65 
 1125      7200
 1126              		.section	.text.Work_Init,"ax",%progbits
 1127              		.align	1
 1128              		.global	Work_Init
 1129              		.syntax unified
 1130              		.thumb
 1131              		.thumb_func
 1132              		.fpu softvfp
 1134              	Work_Init:
 1135              	.LFB77:
 1136              		.loc 1 305 1 is_stmt 1 view -0
 1137              		.cfi_startproc
 1138              		@ args = 0, pretend = 0, frame = 0
 1139              		@ frame_needed = 0, uses_anonymous_args = 0
 1140 0000 10B5     		push	{r4, lr}
 1141              	.LCFI9:
 1142              		.cfi_def_cfa_offset 8
 1143              		.cfi_offset 4, -8
ARM GAS  C:\Users\Korisnik\AppData\Local\Temp\cc9adJMl.s 			page 21


 1144              		.cfi_offset 14, -4
 1145 0002 82B0     		sub	sp, sp, #8
 1146              	.LCFI10:
 1147              		.cfi_def_cfa_offset 16
 1148              		.loc 1 306 2 view .LVU283
 1149 0004 1A4B     		ldr	r3, .L69
 1150 0006 9847     		blx	r3
 1151              	.LVL115:
 1152              		.loc 1 307 2 view .LVU284
 1153 0008 1A4B     		ldr	r3, .L69+4
 1154 000a 9847     		blx	r3
 1155              	.LVL116:
 1156              		.loc 1 308 2 view .LVU285
 1157 000c 1A4B     		ldr	r3, .L69+8
 1158 000e 9847     		blx	r3
 1159              	.LVL117:
 1160              		.loc 1 309 2 view .LVU286
 1161 0010 1A4B     		ldr	r3, .L69+12
 1162 0012 9847     		blx	r3
 1163              	.LVL118:
 1164              		.loc 1 310 2 view .LVU287
 1165 0014 1A4B     		ldr	r3, .L69+16
 1166 0016 9847     		blx	r3
 1167              	.LVL119:
 1168              		.loc 1 312 2 view .LVU288
 1169 0018 1A4C     		ldr	r4, .L69+20
 1170 001a 2046     		mov	r0, r4
 1171 001c 1A4B     		ldr	r3, .L69+24
 1172 001e 9847     		blx	r3
 1173              	.LVL120:
 1174              		.loc 1 313 2 view .LVU289
 1175 0020 0821     		movs	r1, #8
 1176 0022 2046     		mov	r0, r4
 1177 0024 194B     		ldr	r3, .L69+28
 1178 0026 9847     		blx	r3
 1179              	.LVL121:
 1180              		.loc 1 314 2 view .LVU290
 1181 0028 194B     		ldr	r3, .L69+32
 1182 002a 0193     		str	r3, [sp, #4]
 1183 002c 0223     		movs	r3, #2
 1184 002e 0093     		str	r3, [sp]
 1185 0030 0023     		movs	r3, #0
 1186 0032 8022     		movs	r2, #128
 1187 0034 1749     		ldr	r1, .L69+36
 1188 0036 1848     		ldr	r0, .L69+40
 1189 0038 184C     		ldr	r4, .L69+44
 1190 003a A047     		blx	r4
 1191              	.LVL122:
 1192              		.loc 1 316 2 view .LVU291
 1193              		.loc 1 316 20 is_stmt 0 view .LVU292
 1194 003c 184B     		ldr	r3, .L69+48
 1195 003e 0093     		str	r3, [sp]
 1196 0040 0023     		movs	r3, #0
 1197 0042 0122     		movs	r2, #1
 1198 0044 4FF4FA71 		mov	r1, #500
 1199 0048 1648     		ldr	r0, .L69+52
 1200 004a 174C     		ldr	r4, .L69+56
ARM GAS  C:\Users\Korisnik\AppData\Local\Temp\cc9adJMl.s 			page 22


 1201 004c A047     		blx	r4
 1202              	.LVL123:
 1203 004e 0446     		mov	r4, r0
 1204              		.loc 1 316 18 view .LVU293
 1205 0050 164B     		ldr	r3, .L69+60
 1206 0052 1860     		str	r0, [r3]
 1207              		.loc 1 318 2 is_stmt 1 view .LVU294
 1208 0054 164B     		ldr	r3, .L69+64
 1209 0056 9847     		blx	r3
 1210              	.LVL124:
 1211 0058 0246     		mov	r2, r0
 1212 005a 4FF0FF33 		mov	r3, #-1
 1213 005e 0093     		str	r3, [sp]
 1214 0060 0023     		movs	r3, #0
 1215 0062 0121     		movs	r1, #1
 1216 0064 2046     		mov	r0, r4
 1217 0066 134C     		ldr	r4, .L69+68
 1218 0068 A047     		blx	r4
 1219              	.LVL125:
 1220              		.loc 1 319 1 is_stmt 0 view .LVU295
 1221 006a 02B0     		add	sp, sp, #8
 1222              	.LCFI11:
 1223              		.cfi_def_cfa_offset 8
 1224              		@ sp needed
 1225 006c 10BD     		pop	{r4, pc}
 1226              	.L70:
 1227 006e 00BF     		.align	2
 1228              	.L69:
 1229 0070 00000000 		.word	UART_Init
 1230 0074 00000000 		.word	TEMP_Init
 1231 0078 00000000 		.word	LCD_Init
 1232 007c 00000000 		.word	KEY_Init
 1233 0080 00000000 		.word	MOTOR_Init
 1234 0084 00000000 		.word	htim2
 1235 0088 00000000 		.word	HAL_TIM_Base_Start_IT
 1236 008c 00000000 		.word	HAL_TIM_IC_Start_IT
 1237 0090 00000000 		.word	.LANCHOR16
 1238 0094 00000000 		.word	.LC4
 1239 0098 00000000 		.word	Work_Task
 1240 009c 00000000 		.word	xTaskCreate
 1241 00a0 00000000 		.word	LED_Callback
 1242 00a4 0C000000 		.word	.LC5
 1243 00a8 00000000 		.word	xTimerCreate
 1244 00ac 00000000 		.word	.LANCHOR17
 1245 00b0 00000000 		.word	xTaskGetTickCount
 1246 00b4 00000000 		.word	xTimerGenericCommand
 1247              		.cfi_endproc
 1248              	.LFE77:
 1250              		.global	state
 1251              		.global	fanState
 1252              		.global	currentThreshold
 1253              		.global	digitStr2
 1254              		.global	digitStr1
 1255              		.global	counterOverflowCounter
 1256              		.global	tickElapsedPeriod
 1257              		.global	timestamptEnd
 1258              		.global	timestamptStart
ARM GAS  C:\Users\Korisnik\AppData\Local\Temp\cc9adJMl.s 			page 23


 1259              		.global	LED_TimerHandle
 1260              		.global	WORK_TaskHandle
 1261              		.section	.bss.LED_TimerHandle,"aw",%nobits
 1262              		.align	2
 1263              		.set	.LANCHOR17,. + 0
 1266              	LED_TimerHandle:
 1267 0000 00000000 		.space	4
 1268              		.section	.bss.WORK_TaskHandle,"aw",%nobits
 1269              		.align	2
 1270              		.set	.LANCHOR16,. + 0
 1273              	WORK_TaskHandle:
 1274 0000 00000000 		.space	4
 1275              		.section	.bss.counterOverflowCounter,"aw",%nobits
 1276              		.align	2
 1277              		.set	.LANCHOR12,. + 0
 1280              	counterOverflowCounter:
 1281 0000 00000000 		.space	4
 1282              		.section	.bss.currentThreshold,"aw",%nobits
 1283              		.align	2
 1286              	currentThreshold:
 1287 0000 00000000 		.space	4
 1288              		.section	.bss.digitStr1,"aw",%nobits
 1289              		.align	2
 1290              		.set	.LANCHOR0,. + 0
 1293              	digitStr1:
 1294 0000 0000     		.space	2
 1295              		.section	.bss.digitStr2,"aw",%nobits
 1296              		.align	2
 1297              		.set	.LANCHOR1,. + 0
 1300              	digitStr2:
 1301 0000 0000     		.space	2
 1302              		.section	.bss.elapsedMs,"aw",%nobits
 1303              		.align	2
 1304              		.set	.LANCHOR15,. + 0
 1307              	elapsedMs:
 1308 0000 00000000 		.space	4
 1309              		.section	.bss.fanState,"aw",%nobits
 1310              		.set	.LANCHOR7,. + 0
 1313              	fanState:
 1314 0000 00       		.space	1
 1315              		.section	.bss.prevLenTemperatureString,"aw",%nobits
 1316              		.align	2
 1317              		.set	.LANCHOR6,. + 0
 1320              	prevLenTemperatureString:
 1321 0000 00000000 		.space	4
 1322              		.section	.bss.rainfallMmPerHour,"aw",%nobits
 1323              		.align	2
 1324              		.set	.LANCHOR9,. + 0
 1327              	rainfallMmPerHour:
 1328 0000 00000000 		.space	4
 1329              		.section	.bss.state,"aw",%nobits
 1330              		.set	.LANCHOR10,. + 0
 1333              	state:
 1334 0000 00       		.space	1
 1335              		.section	.bss.temperatureValue,"aw",%nobits
 1336              		.align	2
 1337              		.set	.LANCHOR2,. + 0
ARM GAS  C:\Users\Korisnik\AppData\Local\Temp\cc9adJMl.s 			page 24


 1340              	temperatureValue:
 1341 0000 00000000 		.space	4
 1342              		.section	.bss.tickElapsedPeriod,"aw",%nobits
 1343              		.align	2
 1344              		.set	.LANCHOR14,. + 0
 1347              	tickElapsedPeriod:
 1348 0000 00000000 		.space	4
 1349              		.section	.bss.timestamptEnd,"aw",%nobits
 1350              		.align	1
 1351              		.set	.LANCHOR13,. + 0
 1354              	timestamptEnd:
 1355 0000 0000     		.space	2
 1356              		.section	.bss.timestamptStart,"aw",%nobits
 1357              		.align	1
 1358              		.set	.LANCHOR11,. + 0
 1361              	timestamptStart:
 1362 0000 0000     		.space	2
 1363              		.section	.bss.valueChangedFlagVT,"aw",%nobits
 1364              		.set	.LANCHOR4,. + 0
 1367              	valueChangedFlagVT:
 1368 0000 00       		.space	1
 1369              		.section	.data.prevTemperautreValue,"aw"
 1370              		.align	2
 1371              		.set	.LANCHOR3,. + 0
 1374              	prevTemperautreValue:
 1375 0000 000080BF 		.word	-1082130432
 1376              		.section	.data.temperatureToDisplay,"aw"
 1377              		.align	2
 1378              		.set	.LANCHOR5,. + 0
 1381              	temperatureToDisplay:
 1382 0000 FFFFFFFF 		.word	-1
 1383              		.section	.data.valueChangedFlagLCD,"aw"
 1384              		.set	.LANCHOR8,. + 0
 1387              	valueChangedFlagLCD:
 1388 0000 01       		.byte	1
 1389              		.text
 1390              	.Letext0:
 1391              		.file 2 "../c:\\users\\korisnik\\desktop\\etf\\4. godina\\mips\\gnu mcu\\arm-none-eabi-gcc-10.2.1-
 1392              		.file 3 "../c:\\users\\korisnik\\desktop\\etf\\4. godina\\mips\\gnu mcu\\arm-none-eabi-gcc-10.2.1-
 1393              		.file 4 "../Middlewares/Third_Party/FreeRTOS/Source/portable/GCC/ARM_CM3/portmacro.h"
 1394              		.file 5 "../Core/Inc/work.h"
 1395              		.file 6 "../Core/Inc/driver_keypad.h"
 1396              		.file 7 "../Core/Inc/driver_motor.h"
 1397              		.file 8 "../Middlewares/Third_Party/FreeRTOS/Source/include/task.h"
 1398              		.file 9 "../Middlewares/Third_Party/FreeRTOS/Source/include/timers.h"
 1399              		.file 10 "../Drivers/CMSIS/Device/ST/STM32F1xx/Include/stm32f103x6.h"
 1400              		.file 11 "../Drivers/STM32F1xx_HAL_Driver/Inc/stm32f1xx_hal_def.h"
 1401              		.file 12 "../Drivers/STM32F1xx_HAL_Driver/Inc/stm32f1xx_hal_gpio.h"
 1402              		.file 13 "../Drivers/STM32F1xx_HAL_Driver/Inc/stm32f1xx_hal_dma.h"
 1403              		.file 14 "../Drivers/STM32F1xx_HAL_Driver/Inc/stm32f1xx_hal_tim.h"
 1404              		.file 15 "../Core/Inc/tim.h"
 1405              		.file 16 "../Core/Inc/driver_uart.h"
 1406              		.file 17 "../Core/Inc/driver_temper.h"
 1407              		.file 18 "../Core/Inc/driver_lcd.h"
 1408              		.file 19 "../Middlewares/Third_Party/FreeRTOS/Source/include/portable.h"
 1409              		.file 20 "../<built-in>"
ARM GAS  C:\Users\Korisnik\AppData\Local\Temp\cc9adJMl.s 			page 25


DEFINED SYMBOLS
                            *ABS*:0000000000000000 work.c
C:\Users\Korisnik\AppData\Local\Temp\cc9adJMl.s:18     .text.LED_Callback:0000000000000000 $t
C:\Users\Korisnik\AppData\Local\Temp\cc9adJMl.s:26     .text.LED_Callback:0000000000000000 LED_Callback
C:\Users\Korisnik\AppData\Local\Temp\cc9adJMl.s:107    .text.LED_Callback:000000000000004c $d
C:\Users\Korisnik\AppData\Local\Temp\cc9adJMl.s:118    .text.intToString:0000000000000000 $t
C:\Users\Korisnik\AppData\Local\Temp\cc9adJMl.s:125    .text.intToString:0000000000000000 intToString
C:\Users\Korisnik\AppData\Local\Temp\cc9adJMl.s:284    .text.intToString:000000000000007c $d
C:\Users\Korisnik\AppData\Local\Temp\cc9adJMl.s:291    .text.removeLeadingZeros:0000000000000000 $t
C:\Users\Korisnik\AppData\Local\Temp\cc9adJMl.s:298    .text.removeLeadingZeros:0000000000000000 removeLeadingZeros
C:\Users\Korisnik\AppData\Local\Temp\cc9adJMl.s:376    .text.removeLeadingZeros:0000000000000030 $d
C:\Users\Korisnik\AppData\Local\Temp\cc9adJMl.s:382    .rodata.Work_Task.str1.4:0000000000000000 $d
C:\Users\Korisnik\AppData\Local\Temp\cc9adJMl.s:398    .text.Work_Task:0000000000000000 $t
C:\Users\Korisnik\AppData\Local\Temp\cc9adJMl.s:404    .text.Work_Task:0000000000000000 Work_Task
C:\Users\Korisnik\AppData\Local\Temp\cc9adJMl.s:873    .text.Work_Task:00000000000001cc $d
C:\Users\Korisnik\AppData\Local\Temp\cc9adJMl.s:917    .text.HAL_TIM_IC_CaptureCallback:0000000000000000 $t
C:\Users\Korisnik\AppData\Local\Temp\cc9adJMl.s:924    .text.HAL_TIM_IC_CaptureCallback:0000000000000000 HAL_TIM_IC_CaptureCallback
C:\Users\Korisnik\AppData\Local\Temp\cc9adJMl.s:1098   .text.HAL_TIM_IC_CaptureCallback:00000000000000c0 $d
C:\Users\Korisnik\AppData\Local\Temp\cc9adJMl.s:1120   .rodata.Work_Init.str1.4:0000000000000000 $d
C:\Users\Korisnik\AppData\Local\Temp\cc9adJMl.s:1127   .text.Work_Init:0000000000000000 $t
C:\Users\Korisnik\AppData\Local\Temp\cc9adJMl.s:1134   .text.Work_Init:0000000000000000 Work_Init
C:\Users\Korisnik\AppData\Local\Temp\cc9adJMl.s:1229   .text.Work_Init:0000000000000070 $d
C:\Users\Korisnik\AppData\Local\Temp\cc9adJMl.s:1333   .bss.state:0000000000000000 state
C:\Users\Korisnik\AppData\Local\Temp\cc9adJMl.s:1313   .bss.fanState:0000000000000000 fanState
C:\Users\Korisnik\AppData\Local\Temp\cc9adJMl.s:1286   .bss.currentThreshold:0000000000000000 currentThreshold
C:\Users\Korisnik\AppData\Local\Temp\cc9adJMl.s:1300   .bss.digitStr2:0000000000000000 digitStr2
C:\Users\Korisnik\AppData\Local\Temp\cc9adJMl.s:1293   .bss.digitStr1:0000000000000000 digitStr1
C:\Users\Korisnik\AppData\Local\Temp\cc9adJMl.s:1280   .bss.counterOverflowCounter:0000000000000000 counterOverflowCounter
C:\Users\Korisnik\AppData\Local\Temp\cc9adJMl.s:1347   .bss.tickElapsedPeriod:0000000000000000 tickElapsedPeriod
C:\Users\Korisnik\AppData\Local\Temp\cc9adJMl.s:1354   .bss.timestamptEnd:0000000000000000 timestamptEnd
C:\Users\Korisnik\AppData\Local\Temp\cc9adJMl.s:1361   .bss.timestamptStart:0000000000000000 timestamptStart
C:\Users\Korisnik\AppData\Local\Temp\cc9adJMl.s:1266   .bss.LED_TimerHandle:0000000000000000 LED_TimerHandle
C:\Users\Korisnik\AppData\Local\Temp\cc9adJMl.s:1273   .bss.WORK_TaskHandle:0000000000000000 WORK_TaskHandle
C:\Users\Korisnik\AppData\Local\Temp\cc9adJMl.s:1262   .bss.LED_TimerHandle:0000000000000000 $d
C:\Users\Korisnik\AppData\Local\Temp\cc9adJMl.s:1269   .bss.WORK_TaskHandle:0000000000000000 $d
C:\Users\Korisnik\AppData\Local\Temp\cc9adJMl.s:1276   .bss.counterOverflowCounter:0000000000000000 $d
C:\Users\Korisnik\AppData\Local\Temp\cc9adJMl.s:1283   .bss.currentThreshold:0000000000000000 $d
C:\Users\Korisnik\AppData\Local\Temp\cc9adJMl.s:1289   .bss.digitStr1:0000000000000000 $d
C:\Users\Korisnik\AppData\Local\Temp\cc9adJMl.s:1296   .bss.digitStr2:0000000000000000 $d
C:\Users\Korisnik\AppData\Local\Temp\cc9adJMl.s:1303   .bss.elapsedMs:0000000000000000 $d
C:\Users\Korisnik\AppData\Local\Temp\cc9adJMl.s:1307   .bss.elapsedMs:0000000000000000 elapsedMs
C:\Users\Korisnik\AppData\Local\Temp\cc9adJMl.s:1314   .bss.fanState:0000000000000000 $d
C:\Users\Korisnik\AppData\Local\Temp\cc9adJMl.s:1316   .bss.prevLenTemperatureString:0000000000000000 $d
C:\Users\Korisnik\AppData\Local\Temp\cc9adJMl.s:1320   .bss.prevLenTemperatureString:0000000000000000 prevLenTemperatureString
C:\Users\Korisnik\AppData\Local\Temp\cc9adJMl.s:1323   .bss.rainfallMmPerHour:0000000000000000 $d
C:\Users\Korisnik\AppData\Local\Temp\cc9adJMl.s:1327   .bss.rainfallMmPerHour:0000000000000000 rainfallMmPerHour
C:\Users\Korisnik\AppData\Local\Temp\cc9adJMl.s:1334   .bss.state:0000000000000000 $d
C:\Users\Korisnik\AppData\Local\Temp\cc9adJMl.s:1336   .bss.temperatureValue:0000000000000000 $d
C:\Users\Korisnik\AppData\Local\Temp\cc9adJMl.s:1340   .bss.temperatureValue:0000000000000000 temperatureValue
C:\Users\Korisnik\AppData\Local\Temp\cc9adJMl.s:1343   .bss.tickElapsedPeriod:0000000000000000 $d
C:\Users\Korisnik\AppData\Local\Temp\cc9adJMl.s:1350   .bss.timestamptEnd:0000000000000000 $d
C:\Users\Korisnik\AppData\Local\Temp\cc9adJMl.s:1357   .bss.timestamptStart:0000000000000000 $d
C:\Users\Korisnik\AppData\Local\Temp\cc9adJMl.s:1367   .bss.valueChangedFlagVT:0000000000000000 valueChangedFlagVT
C:\Users\Korisnik\AppData\Local\Temp\cc9adJMl.s:1368   .bss.valueChangedFlagVT:0000000000000000 $d
C:\Users\Korisnik\AppData\Local\Temp\cc9adJMl.s:1370   .data.prevTemperautreValue:0000000000000000 $d
C:\Users\Korisnik\AppData\Local\Temp\cc9adJMl.s:1374   .data.prevTemperautreValue:0000000000000000 prevTemperautreValue
C:\Users\Korisnik\AppData\Local\Temp\cc9adJMl.s:1377   .data.temperatureToDisplay:0000000000000000 $d
ARM GAS  C:\Users\Korisnik\AppData\Local\Temp\cc9adJMl.s 			page 26


C:\Users\Korisnik\AppData\Local\Temp\cc9adJMl.s:1381   .data.temperatureToDisplay:0000000000000000 temperatureToDisplay
C:\Users\Korisnik\AppData\Local\Temp\cc9adJMl.s:1387   .data.valueChangedFlagLCD:0000000000000000 valueChangedFlagLCD

UNDEFINED SYMBOLS
__aeabi_ui2f
__aeabi_fcmpgt
TEMP_GetTemperValue
tempThreshold
HAL_GPIO_WritePin
HAL_GPIO_TogglePin
pvPortMalloc
strlen
memmove
__aeabi_f2iz
__aeabi_fcmplt
__aeabi_f2uiz
tempInputBuffer
LCD_DisplayStringAtAddress
vPortFree
UART_AsyncTxCharacter
UART_AsyncTxString
MOTOR_SpeedDecrease
MOTOR_SpeedIncrease
keyValueChanged
vTaskDelay
__aeabi_fmul
__aeabi_f2d
__aeabi_dadd
__aeabi_d2uiz
__aeabi_fdiv
HAL_TIM_ReadCapturedValue
UART_Init
TEMP_Init
LCD_Init
KEY_Init
MOTOR_Init
htim2
HAL_TIM_Base_Start_IT
HAL_TIM_IC_Start_IT
xTaskCreate
xTimerCreate
xTaskGetTickCount
xTimerGenericCommand
